Component: Arm Compiler for Embedded 6.21 Tool: armlink [5ec1fa00]

==============================================================================

Section Cross References

    startup_da14531.o(STACK) refers (Special) to heapauxi.o(.text) for __use_two_region_memory
    startup_da14531.o(HEAP) refers (Special) to heapauxi.o(.text) for __use_two_region_memory
    startup_da14531.o(RESET) refers (Special) to heapauxi.o(.text) for __use_two_region_memory
    startup_da14531.o(RESET) refers to startup_da14531.o(STACK) for __initial_sp
    startup_da14531.o(RESET) refers to startup_da14531.o(.text) for Reset_Handler
    startup_da14531.o(RESET) refers to lto-llvm-267f2d.o(.text.BLE_WAKEUP_LP_Handler) for BLE_WAKEUP_LP_Handler
    startup_da14531.o(RESET) refers to lto-llvm-267f2d.o(.text.rwble_isr) for rwble_isr
    startup_da14531.o(RESET) refers to lto-llvm-267f2d.o(.text.UART2_Handler) for UART2_Handler
    startup_da14531.o(RESET) refers to lto-llvm-267f2d.o(.text.I2C_Handler) for I2C_Handler
    startup_da14531.o(RESET) refers to lto-llvm-267f2d.o(.text.ADC_Handler) for ADC_Handler
    startup_da14531.o(RESET) refers to lto-llvm-267f2d.o(.text.GPIO0_Handler) for GPIO0_Handler
    startup_da14531.o(RESET) refers to lto-llvm-267f2d.o(.text.GPIO1_Handler) for GPIO1_Handler
    startup_da14531.o(RESET) refers to lto-llvm-267f2d.o(.text.GPIO2_Handler) for GPIO2_Handler
    startup_da14531.o(RESET) refers to lto-llvm-267f2d.o(.text.GPIO3_Handler) for GPIO3_Handler
    startup_da14531.o(RESET) refers to lto-llvm-267f2d.o(.text.GPIO4_Handler) for GPIO4_Handler
    startup_da14531.o(RESET) refers to lto-llvm-267f2d.o(.text.WKUP_QUADEC_Handler) for WKUP_QUADEC_Handler
    startup_da14531.o(.text) refers (Special) to heapauxi.o(.text) for __use_two_region_memory
    startup_da14531.o(.text) refers to lto-llvm-267f2d.o(system_DA14xxx) for SystemInit
    startup_da14531.o(.text) refers to __main.o(!!!main) for __main
    startup_da14531.o(.text) refers to lto-llvm-267f2d.o(.text.NMI_HandlerC) for NMI_HandlerC
    startup_da14531.o(.text) refers to lto-llvm-267f2d.o(.text.HardFault_HandlerC) for HardFault_HandlerC
    startup_da14531.o(.text) refers to startup_da14531.o(HEAP) for Heap_Mem
    startup_da14531.o(.text) refers to startup_da14531.o(STACK) for Stack_Mem
    patch.o(.text) refers to patch.o(retention_mem_area0) for retention_mem_area0
    patch.o(.text) refers to patch.o(.constdata) for .constdata
    patch.o(.constdata) refers to patch.o(.text) for PATCHED_llm_con_req_ind
    __main.o(!!!main) refers to __rtentry.o(.ARM.Collect$$rtentry$$00000000) for __rt_entry
    __rtentry.o(.ARM.Collect$$rtentry$$00000000) refers (Special) to __rtentry2.o(.ARM.Collect$$rtentry$$0000000A) for __rt_entry_li
    __rtentry.o(.ARM.Collect$$rtentry$$00000000) refers (Special) to __rtentry2.o(.ARM.Collect$$rtentry$$0000000D) for __rt_entry_main
    __rtentry.o(.ARM.Collect$$rtentry$$00000000) refers (Special) to __rtentry2.o(.ARM.Collect$$rtentry$$0000000C) for __rt_entry_postli_1
    __rtentry.o(.ARM.Collect$$rtentry$$00000000) refers (Special) to __rtentry2.o(.ARM.Collect$$rtentry$$00000009) for __rt_entry_postsh_1
    __rtentry.o(.ARM.Collect$$rtentry$$00000000) refers (Special) to __rtentry2.o(.ARM.Collect$$rtentry$$00000002) for __rt_entry_presh_1
    __rtentry.o(.ARM.Collect$$rtentry$$00000000) refers (Special) to __rtentry4.o(.ARM.Collect$$rtentry$$00000004) for __rt_entry_sh
    __rtentry2.o(.ARM.Collect$$rtentry$$00000008) refers to boardinit2.o(.text) for _platform_post_stackheap_init
    __rtentry2.o(.ARM.Collect$$rtentry$$0000000A) refers to libinit.o(.ARM.Collect$$libinit$$00000000) for __rt_lib_init
    __rtentry2.o(.ARM.Collect$$rtentry$$0000000B) refers to boardinit3.o(.text) for _platform_post_lib_init
    __rtentry2.o(.ARM.Collect$$rtentry$$0000000D) refers to lto-llvm-267f2d.o(.text.main) for main
    __rtentry2.o(.ARM.Collect$$rtentry$$0000000D) refers to exit.o(.text) for exit
    __rtentry2.o(.ARM.exidx) refers to __rtentry2.o(.ARM.Collect$$rtentry$$00000001) for .ARM.Collect$$rtentry$$00000001
    __rtentry2.o(.ARM.exidx) refers to __rtentry2.o(.ARM.Collect$$rtentry$$00000008) for .ARM.Collect$$rtentry$$00000008
    __rtentry2.o(.ARM.exidx) refers to __rtentry2.o(.ARM.Collect$$rtentry$$0000000A) for .ARM.Collect$$rtentry$$0000000A
    __rtentry2.o(.ARM.exidx) refers to __rtentry2.o(.ARM.Collect$$rtentry$$0000000B) for .ARM.Collect$$rtentry$$0000000B
    __rtentry2.o(.ARM.exidx) refers to __rtentry2.o(.ARM.Collect$$rtentry$$0000000D) for .ARM.Collect$$rtentry$$0000000D
    __rtentry4.o(.ARM.Collect$$rtentry$$00000004) refers to sys_stackheap_outer.o(.text) for __user_setup_stackheap
    __rtentry4.o(.ARM.exidx) refers to __rtentry4.o(.ARM.Collect$$rtentry$$00000004) for .ARM.Collect$$rtentry$$00000004
    sys_stackheap_outer.o(.text) refers to libspace.o(.text) for __user_perproc_libspace
    sys_stackheap_outer.o(.text) refers to startup_da14531.o(.text) for __user_initial_stackheap
[...]
    gapm_add_to_filter                       0x07f19107   Thumb Code     0  da14531_symbols.txt ABSOLUTE
    gapm_is_filtered                         0x07f19187   Thumb Code     0  da14531_symbols.txt ABSOLUTE
    gapm_update_air_op_state                 0x07f191eb   Thumb Code     0  da14531_symbols.txt ABSOLUTE
    gapm_get_irk                             0x07f192b3   Thumb Code     0  da14531_symbols.txt ABSOLUTE
    gapm_get_bdaddr                          0x07f192b9   Thumb Code     0  da14531_symbols.txt ABSOLUTE
    l2cc_pdu_pack_func                       0x07f192d5   Thumb Code     0  da14531_symbols.txt ABSOLUTE
    l2cc_detect_dest                         0x07f197d1   Thumb Code     0  da14531_symbols.txt ABSOLUTE
    l2cc_handle_invalid_pdu                  0x07f1982d   Thumb Code     0  da14531_symbols.txt ABSOLUTE
    l2cc_pdu_unpack_func                     0x07f19943   Thumb Code     0  da14531_symbols.txt ABSOLUTE
    l2c_process_sdu_func                     0x07f19c5f   Thumb Code     0  da14531_symbols.txt ABSOLUTE
    l2c_send_lecb_message_func               0x07f19d5f   Thumb Code     0  da14531_symbols.txt ABSOLUTE
    smpc_check_param_func                    0x07f19e59   Thumb Code     0  da14531_symbols.txt ABSOLUTE
    smpc_recv_pair_rand_pdu                  0x07f1a1e3   Thumb Code     0  da14531_symbols.txt ABSOLUTE
    smpc_recv_public_key_exchange_pdu        0x07f1a44f   Thumb Code     0  da14531_symbols.txt ABSOLUTE
    gapc_hci_handler                         0x07f1aacd   Thumb Code     0  da14531_symbols.txt ABSOLUTE
    gapm_hci_handler                         0x07f1b745   Thumb Code     0  da14531_symbols.txt ABSOLUTE
    smpc_pairing_start                       0x07f1b7b1   Thumb Code     0  da14531_symbols.txt ABSOLUTE
    smpc_pairing_tk_exch                     0x07f1b837   Thumb Code     0  da14531_symbols.txt ABSOLUTE
    smpc_pairing_ltk_exch                    0x07f1b8f5   Thumb Code     0  da14531_symbols.txt ABSOLUTE
    smpc_pairing_csrk_exch                   0x07f1b949   Thumb Code     0  da14531_symbols.txt ABSOLUTE
    smpc_pairing_rsp                         0x07f1b99f   Thumb Code     0  da14531_symbols.txt ABSOLUTE
    smpc_pairing_req_handler                 0x07f1ba83   Thumb Code     0  da14531_symbols.txt ABSOLUTE
    smpc_security_req_send                   0x07f1babb   Thumb Code     0  da14531_symbols.txt ABSOLUTE
    smpc_encrypt_start                       0x07f1bae5   Thumb Code     0  da14531_symbols.txt ABSOLUTE
    smpc_encrypt_start_handler               0x07f1bb0b   Thumb Code     0  da14531_symbols.txt ABSOLUTE
    smpc_encrypt_cfm                         0x07f1bb3d   Thumb Code     0  da14531_symbols.txt ABSOLUTE
    smpc_sign_command                        0x07f1bb69   Thumb Code     0  da14531_symbols.txt ABSOLUTE
    smpc_sign_cont                           0x07f1bc41   Thumb Code     0  da14531_symbols.txt ABSOLUTE
    smpc_calc_confirm_cont                   0x07f1bdeb   Thumb Code     0  da14531_symbols.txt ABSOLUTE
    smpc_confirm_gen_rand                    0x07f1c32d   Thumb Code     0  da14531_symbols.txt ABSOLUTE
    smpc_public_key_exchange_start_func      0x07f1c3f3   Thumb Code     0  da14531_symbols.txt ABSOLUTE
    smpc_dhkey_calc_start                    0x07f1c417   Thumb Code     0  da14531_symbols.txt ABSOLUTE
    smpc_sec_authentication_start            0x07f1c447   Thumb Code     0  da14531_symbols.txt ABSOLUTE
    smpc_dhkey_calc_ind_func                 0x07f1c475   Thumb Code     0  da14531_symbols.txt ABSOLUTE
    smpm_gen_rand_addr                       0x07f1c4b9   Thumb Code     0  da14531_symbols.txt ABSOLUTE
    smpm_resolv_addr                         0x07f1c4d1   Thumb Code     0  da14531_symbols.txt ABSOLUTE
    smpm_use_enc_block                       0x07f1c4f3   Thumb Code     0  da14531_symbols.txt ABSOLUTE
    smpm_gen_rand_nb                         0x07f1c4fb   Thumb Code     0  da14531_symbols.txt ABSOLUTE
    smpm_ecdh_key_create_func                0x07f1c503   Thumb Code     0  da14531_symbols.txt ABSOLUTE
    ke_init                                  0x07f1c521   Thumb Code     0  da14531_symbols.txt ABSOLUTE
    ke_flush                                 0x07f1c553   Thumb Code     0  da14531_symbols.txt ABSOLUTE
    ke_sleep_check                           0x07f1c593   Thumb Code     0  da14531_symbols.txt ABSOLUTE
    ke_stats_get                             0x07f1c5a5   Thumb Code     0  da14531_symbols.txt ABSOLUTE
    ke_event_init                            0x07f1c5c1   Thumb Code     0  da14531_symbols.txt ABSOLUTE
    ke_event_callback_set                    0x07f1c5cd   Thumb Code     0  da14531_symbols.txt ABSOLUTE
    ke_event_set                             0x07f1c5e1   Thumb Code     0  da14531_symbols.txt ABSOLUTE
    ke_event_clear                           0x07f1c60d   Thumb Code     0  da14531_symbols.txt ABSOLUTE
    ke_event_get                             0x07f1c639   Thumb Code     0  da14531_symbols.txt ABSOLUTE
    ke_event_get_all                         0x07f1c65f   Thumb Code     0  da14531_symbols.txt ABSOLUTE
    ke_event_flush                           0x07f1c665   Thumb Code     0  da14531_symbols.txt ABSOLUTE
    ke_event_schedule                        0x07f1c66d   Thumb Code     0  da14531_symbols.txt ABSOLUTE
    ke_mem_init                              0x07f1c6bd   Thumb Code     0  da14531_symbols.txt ABSOLUTE
    ke_mem_is_empty                          0x07f1c709   Thumb Code     0  da14531_symbols.txt ABSOLUTE
    ke_check_malloc                          0x07f1c749   Thumb Code     0  da14531_symbols.txt ABSOLUTE
    ke_malloc                                0x07f1c7d9   Thumb Code     0  da14531_symbols.txt ABSOLUTE
    ke_free                                  0x07f1c8cf   Thumb Code     0  da14531_symbols.txt ABSOLUTE
    ke_is_free                               0x07f1c9b1   Thumb Code     0  da14531_symbols.txt ABSOLUTE
    ke_get_mem_usage                         0x07f1c9c3   Thumb Code     0  da14531_symbols.txt ABSOLUTE
    ke_get_max_mem_usage                     0x07f1c9cf   Thumb Code     0  da14531_symbols.txt ABSOLUTE
    ke_msg_alloc                             0x07f1c9f5   Thumb Code     0  da14531_symbols.txt ABSOLUTE
    ke_msg_send                              0x07f1ca2b   Thumb Code     0  da14531_symbols.txt ABSOLUTE
    ke_msg_send_basic                        0x07f1ca57   Thumb Code     0  da14531_symbols.txt ABSOLUTE
    ke_msg_forward                           0x07f1ca65   Thumb Code     0  da14531_symbols.txt ABSOLUTE
    ke_msg_forward_new_id                    0x07f1ca6f   Thumb Code     0  da14531_symbols.txt ABSOLUTE
    ke_msg_free                              0x07f1ca7f   Thumb Code     0  da14531_symbols.txt ABSOLUTE
    ke_msg_dest_id_get                       0x07f1ca87   Thumb Code     0  da14531_symbols.txt ABSOLUTE
    ke_msg_src_id_get                        0x07f1ca8d   Thumb Code     0  da14531_symbols.txt ABSOLUTE
    ke_msg_in_queue                          0x07f1ca93   Thumb Code     0  da14531_symbols.txt ABSOLUTE
    ke_queue_extract                         0x07f1caa5   Thumb Code     0  da14531_symbols.txt ABSOLUTE
    ke_queue_insert                          0x07f1caf5   Thumb Code     0  da14531_symbols.txt ABSOLUTE
    ke_task_init_func                        0x07f1cddf   Thumb Code     0  da14531_symbols.txt ABSOLUTE
    ke_task_create                           0x07f1cdf3   Thumb Code     0  da14531_symbols.txt ABSOLUTE
    ke_task_delete                           0x07f1ce2b   Thumb Code     0  da14531_symbols.txt ABSOLUTE
    ke_state_set                             0x07f1ce57   Thumb Code     0  da14531_symbols.txt ABSOLUTE
    ke_state_get                             0x07f1ce81   Thumb Code     0  da14531_symbols.txt ABSOLUTE
    ke_msg_discard                           0x07f1ce9f   Thumb Code     0  da14531_symbols.txt ABSOLUTE
    ke_msg_save                              0x07f1cea3   Thumb Code     0  da14531_symbols.txt ABSOLUTE
    ke_task_msg_flush                        0x07f1cea7   Thumb Code     0  da14531_symbols.txt ABSOLUTE
    ke_timer_init_func                       0x07f1d067   Thumb Code     0  da14531_symbols.txt ABSOLUTE
    ke_timer_set                             0x07f1d073   Thumb Code     0  da14531_symbols.txt ABSOLUTE
    ke_timer_clear                           0x07f1d107   Thumb Code     0  da14531_symbols.txt ABSOLUTE
    ke_timer_active                          0x07f1d15d   Thumb Code     0  da14531_symbols.txt ABSOLUTE
    ke_timer_sleep_check                     0x07f1d183   Thumb Code     0  da14531_symbols.txt ABSOLUTE
    rwble_hl_init                            0x07f1d289   Thumb Code     0  da14531_symbols.txt ABSOLUTE
    rwble_hl_reset                           0x07f1d2ab   Thumb Code     0  da14531_symbols.txt ABSOLUTE
    rwble_hl_send_message                    0x07f1d2cd   Thumb Code     0  da14531_symbols.txt ABSOLUTE
    rwip_check_wakeup_boundary               0x07f1d2d1   Thumb Code     0  da14531_symbols.txt ABSOLUTE
    rwip_init                                0x07f1d2f7   Thumb Code     0  da14531_symbols.txt ABSOLUTE
    rwip_reset                               0x07f1d3bb   Thumb Code     0  da14531_symbols.txt ABSOLUTE
    rwip_version                             0x07f1d3f3   Thumb Code     0  da14531_symbols.txt ABSOLUTE
    rwip_schedule                            0x07f1d3fb   Thumb Code     0  da14531_symbols.txt ABSOLUTE
    rwip_prevent_sleep_set                   0x07f1d4a7   Thumb Code     0  da14531_symbols.txt ABSOLUTE
    rwip_wakeup                              0x07f1d4c9   Thumb Code     0  da14531_symbols.txt ABSOLUTE
    rwip_prevent_sleep_clear                 0x07f1d4df   Thumb Code     0  da14531_symbols.txt ABSOLUTE
    rwip_wakeup_end                          0x07f1d501   Thumb Code     0  da14531_symbols.txt ABSOLUTE
    rwip_wakeup_delay_set                    0x07f1d51d   Thumb Code     0  da14531_symbols.txt ABSOLUTE
    rwip_sleep_enable                        0x07f1d52b   Thumb Code     0  da14531_symbols.txt ABSOLUTE
    rwip_ext_wakeup_enable                   0x07f1d531   Thumb Code     0  da14531_symbols.txt ABSOLUTE
    rwble_init                               0x07f1d555   Thumb Code     0  da14531_symbols.txt ABSOLUTE
    rwble_reset                              0x07f1d5bb   Thumb Code     0  da14531_symbols.txt ABSOLUTE
    rwble_version                            0x07f1d5ef   Thumb Code     0  da14531_symbols.txt ABSOLUTE
    rwble_send_message                       0x07f1d61b   Thumb Code     0  da14531_symbols.txt ABSOLUTE
    YieldToScheduler                         0x07f1d725   Thumb Code     0  da14531_symbols.txt ABSOLUTE
    xorshift64star                           0x07f1d72d   Thumb Code     0  da14531_symbols.txt ABSOLUTE
    uECC_set_rng                             0x07f1d793   Thumb Code     0  da14531_symbols.txt ABSOLUTE
    uECC_get_rng                             0x07f1d799   Thumb Code     0  da14531_symbols.txt ABSOLUTE
    uECC_curve_private_key_size              0x07f1d79f   Thumb Code     0  da14531_symbols.txt ABSOLUTE
    uECC_curve_public_key_size               0x07f1d7af   Thumb Code     0  da14531_symbols.txt ABSOLUTE
    uECC_vli_clear                           0x07f1d7b7   Thumb Code     0  da14531_symbols.txt ABSOLUTE
    uECC_vli_isZero                          0x07f1d7cd   Thumb Code     0  da14531_symbols.txt ABSOLUTE
    uECC_vli_testBit                         0x07f1d7ef   Thumb Code     0  da14531_symbols.txt ABSOLUTE
    uECC_vli_numBits                         0x07f1d801   Thumb Code     0  da14531_symbols.txt ABSOLUTE
    uECC_vli_set                             0x07f1d83b   Thumb Code     0  da14531_symbols.txt ABSOLUTE
    uECC_vli_equal                           0x07f1d879   Thumb Code     0  da14531_symbols.txt ABSOLUTE
    uECC_vli_cmp                             0x07f1d89d   Thumb Code     0  da14531_symbols.txt ABSOLUTE
    uECC_vli_rshift1                         0x07f1d8d3   Thumb Code     0  da14531_symbols.txt ABSOLUTE
    uECC_vli_square                          0x07f1d8f1   Thumb Code     0  da14531_symbols.txt ABSOLUTE
    uECC_vli_modAdd                          0x07f1d8fd   Thumb Code     0  da14531_symbols.txt ABSOLUTE
    uECC_vli_modSub                          0x07f1d92b   Thumb Code     0  da14531_symbols.txt ABSOLUTE
    uECC_vli_mmod                            0x07f1d94b   Thumb Code     0  da14531_symbols.txt ABSOLUTE
    uECC_vli_modMult                         0x07f1da55   Thumb Code     0  da14531_symbols.txt ABSOLUTE
    uECC_vli_modMult_fast                    0x07f1da77   Thumb Code     0  da14531_symbols.txt ABSOLUTE
    uECC_vli_modSquare                       0x07f1da97   Thumb Code     0  da14531_symbols.txt ABSOLUTE
    uECC_vli_modSquare_fast                  0x07f1daa5   Thumb Code     0  da14531_symbols.txt ABSOLUTE
    uECC_vli_modInv                          0x07f1dae5   Thumb Code     0  da14531_symbols.txt ABSOLUTE
    uECC_secp256r1                           0x07f1de21   Thumb Code     0  da14531_symbols.txt ABSOLUTE
    uECC_vli_nativeToBytes                   0x07f1e41f   Thumb Code     0  da14531_symbols.txt ABSOLUTE
    uECC_vli_bytesToNative                   0x07f1e441   Thumb Code     0  da14531_symbols.txt ABSOLUTE
    uECC_generate_random_int                 0x07f1e47f   Thumb Code     0  da14531_symbols.txt ABSOLUTE
    uECC_make_key                            0x07f1e4e1   Thumb Code     0  da14531_symbols.txt ABSOLUTE
    uECC_shared_secret                       0x07f1e55f   Thumb Code     0  da14531_symbols.txt ABSOLUTE
    uECC_compress                            0x07f1e61b   Thumb Code     0  da14531_symbols.txt ABSOLUTE
    uECC_decompress                          0x07f1e649   Thumb Code     0  da14531_symbols.txt ABSOLUTE
    uECC_valid_point                         0x07f1e6b9   Thumb Code     0  da14531_symbols.txt ABSOLUTE
    uECC_valid_public_key                    0x07f1e71b   Thumb Code     0  da14531_symbols.txt ABSOLUTE
    uECC_compute_public_key                  0x07f1e74f   Thumb Code     0  da14531_symbols.txt ABSOLUTE
    uECC_sign                                0x07f1e9d5   Thumb Code     0  da14531_symbols.txt ABSOLUTE
    uECC_sign_deterministic                  0x07f1eabb   Thumb Code     0  da14531_symbols.txt ABSOLUTE
    uECC_verify                              0x07f1ec29   Thumb Code     0  da14531_symbols.txt ABSOLUTE
    uECC_curve_num_words                     0x07f1eed5   Thumb Code     0  da14531_symbols.txt ABSOLUTE
    uECC_curve_num_bytes                     0x07f1eedd   Thumb Code     0  da14531_symbols.txt ABSOLUTE
    uECC_curve_num_bits                      0x07f1eee5   Thumb Code     0  da14531_symbols.txt ABSOLUTE
    uECC_curve_num_n_words                   0x07f1eeed   Thumb Code     0  da14531_symbols.txt ABSOLUTE
    uECC_curve_num_n_bytes                   0x07f1eefd   Thumb Code     0  da14531_symbols.txt ABSOLUTE
    uECC_curve_num_n_bits                    0x07f1ef0d   Thumb Code     0  da14531_symbols.txt ABSOLUTE
    uECC_curve_p                             0x07f1ef15   Thumb Code     0  da14531_symbols.txt ABSOLUTE
    uECC_curve_n                             0x07f1ef19   Thumb Code     0  da14531_symbols.txt ABSOLUTE
    uECC_curve_G                             0x07f1ef1d   Thumb Code     0  da14531_symbols.txt ABSOLUTE
    uECC_curve_b                             0x07f1ef21   Thumb Code     0  da14531_symbols.txt ABSOLUTE
    uECC_vli_mod_sqrt                        0x07f1ef25   Thumb Code     0  da14531_symbols.txt ABSOLUTE
    uECC_vli_mmod_fast                       0x07f1ef2b   Thumb Code     0  da14531_symbols.txt ABSOLUTE
    uECC_point_mult                          0x07f1ef31   Thumb Code     0  da14531_symbols.txt ABSOLUTE
    __aeabi_uidiv                            0x07f1f005   Thumb Code     0  da14531_symbols.txt ABSOLUTE
    __aeabi_uidivmod                         0x07f1f005   Thumb Code     0  da14531_symbols.txt ABSOLUTE
    __aeabi_idiv                             0x07f1f031   Thumb Code     0  da14531_symbols.txt ABSOLUTE
    __aeabi_idivmod                          0x07f1f031   Thumb Code     0  da14531_symbols.txt ABSOLUTE
    __aeabi_lmul                             0x07f1f059   Thumb Code     0  da14531_symbols.txt ABSOLUTE
    _ll_mul                                  0x07f1f059   Thumb Code     0  da14531_symbols.txt ABSOLUTE
    rand                                     0x07f1f0d5   Thumb Code     0  da14531_symbols.txt ABSOLUTE
    srand                                    0x07f1f0e7   Thumb Code     0  da14531_symbols.txt ABSOLUTE
    __aeabi_memcpy                           0x07f1f0f9   Thumb Code     0  da14531_symbols.txt ABSOLUTE
    __aeabi_memcpy4                          0x07f1f0f9   Thumb Code     0  da14531_symbols.txt ABSOLUTE
    __aeabi_memcpy8                          0x07f1f0f9   Thumb Code     0  da14531_symbols.txt ABSOLUTE
    __aeabi_memset                           0x07f1f11d   Thumb Code     0  da14531_symbols.txt ABSOLUTE
    __aeabi_memset4                          0x07f1f11d   Thumb Code     0  da14531_symbols.txt ABSOLUTE
    __aeabi_memset8                          0x07f1f11d   Thumb Code     0  da14531_symbols.txt ABSOLUTE
    __aeabi_memclr                           0x07f1f12b   Thumb Code     0  da14531_symbols.txt ABSOLUTE
    __aeabi_memclr4                          0x07f1f12b   Thumb Code     0  da14531_symbols.txt ABSOLUTE
    __aeabi_memclr8                          0x07f1f12b   Thumb Code     0  da14531_symbols.txt ABSOLUTE
    _memset$wrapper                          0x07f1f12f   Thumb Code     0  da14531_symbols.txt ABSOLUTE
    memcmp                                   0x07f1f141   Thumb Code     0  da14531_symbols.txt ABSOLUTE
    __aeabi_uread4                           0x07f1f15b   Thumb Code     0  da14531_symbols.txt ABSOLUTE
    __rt_uread4                              0x07f1f15b   Thumb Code     0  da14531_symbols.txt ABSOLUTE
    _uread4                                  0x07f1f15b   Thumb Code     0  da14531_symbols.txt ABSOLUTE
    __aeabi_uwrite4                          0x07f1f16f   Thumb Code     0  da14531_symbols.txt ABSOLUTE
    __rt_uwrite4                             0x07f1f16f   Thumb Code     0  da14531_symbols.txt ABSOLUTE
    _uwrite4                                 0x07f1f16f   Thumb Code     0  da14531_symbols.txt ABSOLUTE
    __aeabi_llsl                             0x07f1f181   Thumb Code     0  da14531_symbols.txt ABSOLUTE
    _ll_shift_l                              0x07f1f181   Thumb Code     0  da14531_symbols.txt ABSOLUTE
    __ARM_common_switch8                     0x07f1f1a1   Thumb Code     0  da14531_symbols.txt ABSOLUTE
    uart_api                                 0x07f1f1bc   Data           0  da14531_symbols.txt ABSOLUTE
    co_sca2ppm                               0x07f1f1cc   Data           0  da14531_symbols.txt ABSOLUTE
    co_null_bdaddr                           0x07f1f1dc   Data           0  da14531_symbols.txt ABSOLUTE
    co_default_bdaddr                        0x07f1f1e2   Data           0  da14531_symbols.txt ABSOLUTE
    llc_state_handler                        0x07f1f468   Data           0  da14531_symbols.txt ABSOLUTE
    llc_default_handler                      0x07f1f538   Data           0  da14531_symbols.txt ABSOLUTE
    llm_dflt_bdaddr                          0x07f1f550   Data           0  da14531_symbols.txt ABSOLUTE
    llm_debug_private_key                    0x07f1f556   Data           0  da14531_symbols.txt ABSOLUTE
    llm_local_le_states                      0x07f1f588   Data           0  da14531_symbols.txt ABSOLUTE
    llm_state_handler                        0x07f1f770   Data           0  da14531_symbols.txt ABSOLUTE
    llm_default_handler                      0x07f1f7a0   Data           0  da14531_symbols.txt ABSOLUTE
    LLM_AA_CT1                               0x07f1f7a8   Data           0  da14531_symbols.txt ABSOLUTE
    LLM_AA_CT2                               0x07f1f7ab   Data           0  da14531_symbols.txt ABSOLUTE
    ecc_p256_G                               0x07f1f7ad   Data           0  da14531_symbols.txt ABSOLUTE
    gtl_default_state                        0x07f1f800   Data           0  da14531_symbols.txt ABSOLUTE
    gtl_default_handler                      0x07f1f808   Data           0  da14531_symbols.txt ABSOLUTE
    hci_cmd_desc_tab_lk_ctrl                 0x07f1f814   Data           0  da14531_symbols.txt ABSOLUTE
    hci_cmd_desc_tab_ctrl_bb                 0x07f1f838   Data           0  da14531_symbols.txt ABSOLUTE
    hci_cmd_desc_tab_info_par                0x07f1f8b0   Data           0  da14531_symbols.txt ABSOLUTE
    hci_cmd_desc_tab_stat_par                0x07f1f8e0   Data           0  da14531_symbols.txt ABSOLUTE
    hci_cmd_desc_tab_le                      0x07f1f8ec   Data           0  da14531_symbols.txt ABSOLUTE
    hci_cmd_desc_tab_vs                      0x07f1fb38   Data           0  da14531_symbols.txt ABSOLUTE
    rom_hci_cmd_desc_root_tab                0x07f1fc7c   Data           0  da14531_symbols.txt ABSOLUTE
    hci_evt_desc_tab                         0x07f1fcac   Data           0  da14531_symbols.txt ABSOLUTE
    hci_evt_le_desc_tab                      0x07f1fcf4   Data           0  da14531_symbols.txt ABSOLUTE
    attc_handlers                            0x07f1fd64   Data           0  da14531_symbols.txt ABSOLUTE
    atts_handlers                            0x07f1fdd4   Data           0  da14531_symbols.txt ABSOLUTE
    gattc_default_state                      0x07f1fe54   Data           0  da14531_symbols.txt ABSOLUTE
    gattc_default_handler                    0x07f1ff34   Data           0  da14531_symbols.txt ABSOLUTE
    gattm_default_state                      0x07f1ff80   Data           0  da14531_symbols.txt ABSOLUTE
    gattm_default_handler                    0x07f1ffd8   Data           0  da14531_symbols.txt ABSOLUTE
    l2cc_default_state                       0x07f1fff0   Data           0  da14531_symbols.txt ABSOLUTE
    l2cc_default_handler                     0x07f20008   Data           0  da14531_symbols.txt ABSOLUTE
    const_Rb                                 0x07f20029   Data           0  da14531_symbols.txt ABSOLUTE
    const_Zero                               0x07f20039   Data           0  da14531_symbols.txt ABSOLUTE
    gapc_default_state                       0x07f2005c   Data           0  da14531_symbols.txt ABSOLUTE
    gapc_default_handler                     0x07f201ac   Data           0  da14531_symbols.txt ABSOLUTE
    gapm_default_state                       0x07f20248   Data           0  da14531_symbols.txt ABSOLUTE
    gapm_default_handler                     0x07f20330   Data           0  da14531_symbols.txt ABSOLUTE
    l2cc_connor_pkt_format                   0x07f20338   Data           0  da14531_symbols.txt ABSOLUTE
    l2cc_signaling_pkt_format                0x07f20340   Data           0  da14531_symbols.txt ABSOLUTE
    l2cc_security_pkt_format                 0x07f2039c   Data           0  da14531_symbols.txt ABSOLUTE
    l2cc_attribute_pkt_format                0x07f203d8   Data           0  da14531_symbols.txt ABSOLUTE
    smpc_construct_pdu                       0x07f20454   Data           0  da14531_symbols.txt ABSOLUTE
    arch_printf_flush                        0x07f20be5   Thumb Code     0  da14531_symbols.txt ABSOLUTE
    arch_vprintf                             0x07f20c9d   Thumb Code     0  da14531_symbols.txt ABSOLUTE
    arch_printf                              0x07f20cfd   Thumb Code     0  da14531_symbols.txt ABSOLUTE
    arch_puts                                0x07f20d11   Thumb Code     0  da14531_symbols.txt ABSOLUTE
    arch_printf_process                      0x07f20d21   Thumb Code     0  da14531_symbols.txt ABSOLUTE
    nvds_get_func                            0x07f20dcd   Thumb Code     0  da14531_symbols.txt ABSOLUTE
    nvds_init_func                           0x07f20ea9   Thumb Code     0  da14531_symbols.txt ABSOLUTE
    nvds_del_func                            0x07f20ead   Thumb Code     0  da14531_symbols.txt ABSOLUTE
    nvds_put_func                            0x07f20eb1   Thumb Code     0  da14531_symbols.txt ABSOLUTE
    csprng_seed                              0x07f20f49   Thumb Code     0  da14531_symbols.txt ABSOLUTE
    csprng_get_next_uint32                   0x07f20f79   Thumb Code     0  da14531_symbols.txt ABSOLUTE
    trng_acquire                             0x07f21021   Thumb Code     0  da14531_symbols.txt ABSOLUTE
    prf_add_profile_func                     0x07f210d1   Thumb Code     0  da14531_symbols.txt ABSOLUTE
    prf_cleanup_func                         0x07f211b1   Thumb Code     0  da14531_symbols.txt ABSOLUTE
    prf_env_get                              0x07f211f1   Thumb Code     0  da14531_symbols.txt ABSOLUTE
    prf_src_task_get                         0x07f2121d   Thumb Code     0  da14531_symbols.txt ABSOLUTE
    prf_dst_task_get                         0x07f2122d   Thumb Code     0  da14531_symbols.txt ABSOLUTE
    prf_get_id_from_task_func                0x07f21241   Thumb Code     0  da14531_symbols.txt ABSOLUTE
    prf_get_task_from_id_func                0x07f21279   Thumb Code     0  da14531_symbols.txt ABSOLUTE
    prf_reset_func                           0x07f212b1   Thumb Code     0  da14531_symbols.txt ABSOLUTE
    prf_itf_get                              0x07f212fd   Thumb Code     0  da14531_symbols.txt ABSOLUTE
    prf_pack_char_pres_fmt                   0x07f21321   Thumb Code     0  da14531_symbols.txt ABSOLUTE
    prf_pack_date_time                       0x07f2133f   Thumb Code     0  da14531_symbols.txt ABSOLUTE
    prf_unpack_date_time                     0x07f2135f   Thumb Code     0  da14531_symbols.txt ABSOLUTE
    diss_compute_cfg_flag                    0x07f21381   Thumb Code     0  da14531_symbols.txt ABSOLUTE
    diss_handle_to_value                     0x07f21453   Thumb Code     0  da14531_symbols.txt ABSOLUTE
    diss_value_to_handle                     0x07f21483   Thumb Code     0  da14531_symbols.txt ABSOLUTE
    diss_check_val_len                       0x07f214b7   Thumb Code     0  da14531_symbols.txt ABSOLUTE
    diss_prf_itf_get                         0x07f214ed   Thumb Code     0  da14531_symbols.txt ABSOLUTE
    bass_get_att_handle                      0x07f2184b   Thumb Code     0  da14531_symbols.txt ABSOLUTE
    bass_get_att_idx                         0x07f21901   Thumb Code     0  da14531_symbols.txt ABSOLUTE
    bass_exe_operation                       0x07f2196b   Thumb Code     0  da14531_symbols.txt ABSOLUTE
    bass_prf_itf_get                         0x07f21a6d   Thumb Code     0  da14531_symbols.txt ABSOLUTE
    suotar_prf_itf_get                       0x07f22059   Thumb Code     0  da14531_symbols.txt ABSOLUTE
    check_client_char_cfg                    0x07f22355   Thumb Code     0  da14531_symbols.txt ABSOLUTE
    get_value_handle                         0x07f2237f   Thumb Code     0  da14531_symbols.txt ABSOLUTE
    get_cfg_handle                           0x07f223cb   Thumb Code     0  da14531_symbols.txt ABSOLUTE
    custs1_get_att_handle                    0x07f2242d   Thumb Code     0  da14531_symbols.txt ABSOLUTE
    custs1_get_att_idx                       0x07f22449   Thumb Code     0  da14531_symbols.txt ABSOLUTE
    custs1_prf_itf_get                       0x07f22621   Thumb Code     0  da14531_symbols.txt ABSOLUTE
    custs1_init_ccc_values                   0x07f226d3   Thumb Code     0  da14531_symbols.txt ABSOLUTE
    custs1_set_ccc_value                     0x07f2270b   Thumb Code     0  da14531_symbols.txt ABSOLUTE
    gattc_cmp_evt_handler                    0x07f22823   Thumb Code     0  da14531_symbols.txt ABSOLUTE
    custs1_val_set_req_handler               0x07f22837   Thumb Code     0  da14531_symbols.txt ABSOLUTE
    custs1_val_ntf_req_handler               0x07f22857   Thumb Code     0  da14531_symbols.txt ABSOLUTE
    custs1_val_ind_req_handler               0x07f228b3   Thumb Code     0  da14531_symbols.txt ABSOLUTE
    custs1_att_info_rsp_handler              0x07f2290f   Thumb Code     0  da14531_symbols.txt ABSOLUTE
    gattc_read_req_ind_handler               0x07f2294b   Thumb Code     0  da14531_symbols.txt ABSOLUTE
    gattc_att_info_req_ind_handler           0x07f22b57   Thumb Code     0  da14531_symbols.txt ABSOLUTE
    custs1_value_req_rsp_handler             0x07f22b99   Thumb Code     0  da14531_symbols.txt ABSOLUTE
    attm_svc_create_db_128                   0x07f22c19   Thumb Code     0  da14531_symbols.txt ABSOLUTE
    gapm_adv_report_ind_handler_ROM          0x07f23085   Thumb Code     0  da14531_symbols.txt ABSOLUTE
    gapc_security_ind_handler_ROM            0x07f2309f   Thumb Code     0  da14531_symbols.txt ABSOLUTE
    gapc_set_dev_info_req_ind_handler_ROM    0x07f23185   Thumb Code     0  da14531_symbols.txt ABSOLUTE
    gapm_profile_added_ind_handler_ROM       0x07f231c7   Thumb Code     0  da14531_symbols.txt ABSOLUTE
    gapc_param_update_req_ind_handler_ROM    0x07f231f9   Thumb Code     0  da14531_symbols.txt ABSOLUTE
    gapc_le_pkt_size_ind_handler_ROM         0x07f23239   Thumb Code     0  da14531_symbols.txt ABSOLUTE
    gattc_svc_changed_cfg_ind_handler_ROM    0x07f23253   Thumb Code     0  da14531_symbols.txt ABSOLUTE
    gapc_peer_features_ind_handler_ROM       0x07f2326f   Thumb Code     0  da14531_symbols.txt ABSOLUTE
    app_entry_point_handler                  0x07f232a9   Thumb Code     0  da14531_symbols.txt ABSOLUTE
    app_std_process_event                    0x07f232f1   Thumb Code     0  da14531_symbols.txt ABSOLUTE
    app_get_address_type_ROM                 0x07f23335   Thumb Code     0  da14531_symbols.txt ABSOLUTE
    app_fill_random_byte_array_ROM           0x07f23361   Thumb Code     0  da14531_symbols.txt ABSOLUTE
    __aeabi_ldivmod                          0x07f233f3   Thumb Code     0  da14531_symbols.txt ABSOLUTE
    __aeabi_llsr                             0x07f2343f   Thumb Code     0  da14531_symbols.txt ABSOLUTE
    _ll_ushift_r                             0x07f2343f   Thumb Code     0  da14531_symbols.txt ABSOLUTE
    __aeabi_uldivmod                         0x07f23461   Thumb Code     0  da14531_symbols.txt ABSOLUTE
    app_db_init_start                        0x07f234c1   Thumb Code     0  da14531_symbols.txt ABSOLUTE
    app_db_init                              0x07f234dd   Thumb Code     0  da14531_symbols.txt ABSOLUTE
    app_easy_gap_confirm                     0x07f234e9   Thumb Code     0  da14531_symbols.txt ABSOLUTE
    append_device_name                       0x07f23515   Thumb Code     0  da14531_symbols.txt ABSOLUTE
    app_easy_gap_update_adv_data             0x07f23539   Thumb Code     0  da14531_symbols.txt ABSOLUTE
    app_easy_gap_disconnect                  0x07f23581   Thumb Code     0  da14531_symbols.txt ABSOLUTE
    app_easy_gap_advertise_stop              0x07f235bd   Thumb Code     0  da14531_symbols.txt ABSOLUTE
    active_conidx_to_conhdl                  0x07f235d9   Thumb Code     0  da14531_symbols.txt ABSOLUTE
    active_conhdl_to_conidx                  0x07f23605   Thumb Code     0  da14531_symbols.txt ABSOLUTE
    app_timer_set                            0x07f23641   Thumb Code     0  da14531_symbols.txt ABSOLUTE
    app_easy_gap_set_data_packet_length      0x07f2365d   Thumb Code     0  da14531_symbols.txt ABSOLUTE
    get_user_prf_srv_perm                    0x07f23699   Thumb Code     0  da14531_symbols.txt ABSOLUTE
    app_set_prf_srv_perm                     0x07f236c1   Thumb Code     0  da14531_symbols.txt ABSOLUTE
    prf_init_srv_perm                        0x07f236f1   Thumb Code     0  da14531_symbols.txt ABSOLUTE
    app_gattc_svc_changed_cmd_send           0x07f23715   Thumb Code     0  da14531_symbols.txt ABSOLUTE
    blank_otp_bdaddr                         0x07f239e4   Data           0  da14531_symbols.txt ABSOLUTE
    app_default_handler                      0x07f23f58   Data           0  da14531_symbols.txt ABSOLUTE
    gap_cfg_user_var_struct                  0x07f23f60   Data           0  da14531_symbols.txt ABSOLUTE
    __Vectors                                0x07fc0000   Data           4  startup_da14531.o(RESET)
    __Vectors_End                            0x07fc00a0   Data           0  startup_da14531.o(RESET)
    Image$$ER_IROM3$$Base                    0x07fc0110   Number         0  anon$$obj.o ABSOLUTE
    __main                                   0x07fc0111   Thumb Code     8  __main.o(!!!main)
    __scatterload                            0x07fc0119   Thumb Code     0  __scatter.o(!!!scatter)
    __scatterload_rt2                        0x07fc0119   Thumb Code    74  __scatter.o(!!!scatter)
    __scatterload_rt2_thumb_only             0x07fc0119   Thumb Code     0  __scatter.o(!!!scatter)
    __scatterload_loop                       0x07fc0123   Thumb Code     0  __scatter.o(!!!scatter)
    __scatterload_null                       0x07fc016d   Thumb Code     2  __scatter.o(!!handler_null)
    __scatterload_zeroinit                   0x07fc0171   Thumb Code    28  __scatter_zi.o(!!handler_zi)
    __rt_lib_init                            0x07fc018d   Thumb Code     0  libinit.o(.ARM.Collect$$libinit$$00000000)
    __rt_lib_init_alloca_1                   0x07fc018f   Thumb Code     0  libinit2.o(.ARM.Collect$$libinit$$00000030)
    __rt_lib_init_argv_1                     0x07fc018f   Thumb Code     0  libinit2.o(.ARM.Collect$$libinit$$0000002E)
    __rt_lib_init_atexit_1                   0x07fc018f   Thumb Code     0  libinit2.o(.ARM.Collect$$libinit$$0000001D)
    __rt_lib_init_clock_1                    0x07fc018f   Thumb Code     0  libinit2.o(.ARM.Collect$$libinit$$00000023)
    __rt_lib_init_cpp_1                      0x07fc018f   Thumb Code     0  libinit2.o(.ARM.Collect$$libinit$$00000034)
    __rt_lib_init_exceptions_1               0x07fc018f   Thumb Code     0  libinit2.o(.ARM.Collect$$libinit$$00000032)
    __rt_lib_init_fp_1                       0x07fc018f   Thumb Code     0  libinit2.o(.ARM.Collect$$libinit$$00000002)
    __rt_lib_init_fp_trap_1                  0x07fc018f   Thumb Code     0  libinit2.o(.ARM.Collect$$libinit$$00000021)
    __rt_lib_init_getenv_1                   0x07fc018f   Thumb Code     0  libinit2.o(.ARM.Collect$$libinit$$00000025)
    __rt_lib_init_heap_1                     0x07fc018f   Thumb Code     0  libinit2.o(.ARM.Collect$$libinit$$0000000C)
    __rt_lib_init_lc_collate_1               0x07fc018f   Thumb Code     0  libinit2.o(.ARM.Collect$$libinit$$00000013)
    __rt_lib_init_lc_ctype_1                 0x07fc018f   Thumb Code     0  libinit2.o(.ARM.Collect$$libinit$$00000015)
    __rt_lib_init_lc_monetary_1              0x07fc018f   Thumb Code     0  libinit2.o(.ARM.Collect$$libinit$$00000017)
    __rt_lib_init_lc_numeric_1               0x07fc018f   Thumb Code     0  libinit2.o(.ARM.Collect$$libinit$$00000019)
    __rt_lib_init_lc_time_1                  0x07fc018f   Thumb Code     0  libinit2.o(.ARM.Collect$$libinit$$0000001B)
    __rt_lib_init_preinit_1                  0x07fc018f   Thumb Code     0  libinit2.o(.ARM.Collect$$libinit$$00000006)
    __rt_lib_init_rand_1                     0x07fc018f   Thumb Code     0  libinit2.o(.ARM.Collect$$libinit$$00000010)
    __rt_lib_init_relocate_pie_1             0x07fc018f   Thumb Code     0  libinit2.o(.ARM.Collect$$libinit$$00000004)
    __rt_lib_init_return                     0x07fc018f   Thumb Code     0  libinit2.o(.ARM.Collect$$libinit$$00000035)
    __rt_lib_init_signal_1                   0x07fc018f   Thumb Code     0  libinit2.o(.ARM.Collect$$libinit$$0000001F)
    __rt_lib_init_stdio_1                    0x07fc018f   Thumb Code     0  libinit2.o(.ARM.Collect$$libinit$$00000027)
    __rt_lib_init_user_alloc_1               0x07fc018f   Thumb Code     0  libinit2.o(.ARM.Collect$$libinit$$0000000E)
    __rt_lib_shutdown                        0x07fc0191   Thumb Code     0  libshutdown.o(.ARM.Collect$$libshutdown$$00000000)
    __rt_lib_shutdown_cpp_1                  0x07fc0193   Thumb Code     0  libshutdown2.o(.ARM.Collect$$libshutdown$$00000002)
    __rt_lib_shutdown_fp_trap_1              0x07fc0193   Thumb Code     0  libshutdown2.o(.ARM.Collect$$libshutdown$$00000007)
    __rt_lib_shutdown_heap_1                 0x07fc0193   Thumb Code     0  libshutdown2.o(.ARM.Collect$$libshutdown$$0000000F)
    __rt_lib_shutdown_return                 0x07fc0193   Thumb Code     0  libshutdown2.o(.ARM.Collect$$libshutdown$$00000010)
    __rt_lib_shutdown_signal_1               0x07fc0193   Thumb Code     0  libshutdown2.o(.ARM.Collect$$libshutdown$$0000000A)
    __rt_lib_shutdown_stdio_1                0x07fc0193   Thumb Code     0  libshutdown2.o(.ARM.Collect$$libshutdown$$00000004)
    __rt_lib_shutdown_user_alloc_1           0x07fc0193   Thumb Code     0  libshutdown2.o(.ARM.Collect$$libshutdown$$0000000C)
    __rt_entry                               0x07fc0195   Thumb Code     0  __rtentry.o(.ARM.Collect$$rtentry$$00000000)
    __rt_entry_presh_1                       0x07fc0195   Thumb Code     0  __rtentry2.o(.ARM.Collect$$rtentry$$00000002)
    __rt_entry_sh                            0x07fc0195   Thumb Code     0  __rtentry4.o(.ARM.Collect$$rtentry$$00000004)
    __rt_entry_li                            0x07fc019b   Thumb Code     0  __rtentry2.o(.ARM.Collect$$rtentry$$0000000A)
    __rt_entry_postsh_1                      0x07fc019b   Thumb Code     0  __rtentry2.o(.ARM.Collect$$rtentry$$00000009)
    __rt_entry_main                          0x07fc019f   Thumb Code     0  __rtentry2.o(.ARM.Collect$$rtentry$$0000000D)
    __rt_entry_postli_1                      0x07fc019f   Thumb Code     0  __rtentry2.o(.ARM.Collect$$rtentry$$0000000C)
    __rt_exit                                0x07fc01a7   Thumb Code     0  rtexit.o(.ARM.Collect$$rtexit$$00000000)
    __rt_exit_ls                             0x07fc01a9   Thumb Code     0  rtexit2.o(.ARM.Collect$$rtexit$$00000003)
    __rt_exit_prels_1                        0x07fc01a9   Thumb Code     0  rtexit2.o(.ARM.Collect$$rtexit$$00000002)
    __rt_exit_exit                           0x07fc01ad   Thumb Code     0  rtexit2.o(.ARM.Collect$$rtexit$$00000004)
    Reset_Handler                            0x07fc01b5   Thumb Code     8  startup_da14531.o(.text)
    SVC_Handler                              0x07fc01ed   Thumb Code     2  startup_da14531.o(.text)
    PendSV_Handler                           0x07fc01ef   Thumb Code     2  startup_da14531.o(.text)
    SysTick_Handler                          0x07fc01f1   Thumb Code     2  startup_da14531.o(.text)
    BLE_RF_DIAG_Handler                      0x07fc01f3   Thumb Code     0  startup_da14531.o(.text)
    DMA_Handler                              0x07fc01f3   Thumb Code     0  startup_da14531.o(.text)
    KEYBRD_Handler                           0x07fc01f3   Thumb Code     0  startup_da14531.o(.text)
    RESERVED21_Handler                       0x07fc01f3   Thumb Code     0  startup_da14531.o(.text)
    RESERVED22_Handler                       0x07fc01f3   Thumb Code     0  startup_da14531.o(.text)
    RESERVED23_Handler                       0x07fc01f3   Thumb Code     0  startup_da14531.o(.text)
    RFCAL_Handler                            0x07fc01f3   Thumb Code     0  startup_da14531.o(.text)
    RTC_Handler                              0x07fc01f3   Thumb Code     0  startup_da14531.o(.text)
    SPI_Handler                              0x07fc01f3   Thumb Code     0  startup_da14531.o(.text)
    SWTIM1_Handler                           0x07fc01f3   Thumb Code     0  startup_da14531.o(.text)
    SWTIM_Handler                            0x07fc01f3   Thumb Code     0  startup_da14531.o(.text)
    XTAL32M_RDY_Handler                      0x07fc01f3   Thumb Code     0  startup_da14531.o(.text)
    __user_initial_stackheap                 0x07fc01f5   Thumb Code    10  startup_da14531.o(.text)
    JT_lld_test_mode_rx_func                 0x07fc0221   Thumb Code   142  patch.o(.text)
    JT_l2cc_pdu_unpack_func                  0x07fc02af   Thumb Code   786  patch.o(.text)
    JT_l2cc_pdu_recv_ind_handler_func        0x07fc05c1   Thumb Code    72  patch.o(.text)
    PATCHED_llm_con_req_ind                  0x07fc0609   Thumb Code   814  patch.o(.text)
    PATCHED_smpc_recv_public_key_exchange_pdu 0x07fc0a47   Thumb Code   106  patch.o(.text)
    PATCHED_llc_data_ind_handler             0x07fc0ab1   Thumb Code   176  patch.o(.text)
    lld_drop_packet_fix                      0x07fc0b61   Thumb Code    64  patch.o(.text)
    PATCHED_lld_data_ind_handler             0x07fc0ba1   Thumb Code    58  patch.o(.text)
    patch_func                               0x07fc0bdb   Thumb Code    44  patch.o(.text)
    patch_global_vars_init                   0x07fc0c07   Thumb Code     2  patch.o(.text)
    __use_two_region_memory                  0x07fc0c35   Thumb Code     2  heapauxi.o(.text)
    __rt_heap_escrow$2region                 0x07fc0c37   Thumb Code     2  heapauxi.o(.text)
    __rt_heap_expand$2region                 0x07fc0c39   Thumb Code     2  heapauxi.o(.text)
    __user_setup_stackheap                   0x07fc0c3b   Thumb Code    62  sys_stackheap_outer.o(.text)
    exit                                     0x07fc0c79   Thumb Code    16  exit.o(.text)
    __user_libspace                          0x07fc0c89   Thumb Code     8  libspace.o(.text)
    __user_perproc_libspace                  0x07fc0c89   Thumb Code     0  libspace.o(.text)
    __user_perthread_libspace                0x07fc0c89   Thumb Code     0  libspace.o(.text)
    _sys_exit                                0x07fc0c91   Thumb Code     8  sys_exit.o(.text)
    __I$use$semihosting                      0x07fc0c9d   Thumb Code     0  use_no_semi.o(.text)
    __use_no_semihosting_swi                 0x07fc0c9d   Thumb Code     2  use_no_semi.o(.text)
    __semihosting_library_function           0x07fc0c9f   Thumb Code     0  indicate_semi.o(.text)
    ADC_Handler                              0x07fc0ca1   Thumb Code     8  lto-llvm-267f2d.o(.text.ADC_Handler)
    BLE_WAKEUP_LP_Handler                    0x07fc0cad   Thumb Code   152  lto-llvm-267f2d.o(.text.BLE_WAKEUP_LP_Handler)
    GPIO0_Handler                            0x07fc0d55   Thumb Code    10  lto-llvm-267f2d.o(.text.GPIO0_Handler)
    GPIO1_Handler                            0x07fc0d5f   Thumb Code    10  lto-llvm-267f2d.o(.text.GPIO1_Handler)
    GPIO2_Handler                            0x07fc0d69   Thumb Code    10  lto-llvm-267f2d.o(.text.GPIO2_Handler)
    GPIO3_Handler                            0x07fc0d73   Thumb Code    10  lto-llvm-267f2d.o(.text.GPIO3_Handler)
    GPIO4_Handler                            0x07fc0d7d   Thumb Code    10  lto-llvm-267f2d.o(.text.GPIO4_Handler)
    HardFault_HandlerC                       0x07fc0e69   Thumb Code   132  lto-llvm-267f2d.o(.text.HardFault_HandlerC)
    I2C_Handler                              0x07fc0ef1   Thumb Code    12  lto-llvm-267f2d.o(.text.I2C_Handler)
    NMI_HandlerC                             0x07fc0f01   Thumb Code   164  lto-llvm-267f2d.o(.text.NMI_HandlerC)
    UART2_Handler                            0x07fc0fc5   Thumb Code   132  lto-llvm-267f2d.o(.text.UART2_Handler)
    WKUP_QUADEC_Handler                      0x07fc1055   Thumb Code   124  lto-llvm-267f2d.o(.text.WKUP_QUADEC_Handler)
    main                                     0x07fc33d5   Thumb Code  4388  lto-llvm-267f2d.o(.text.main)
    rwble_isr                                0x07fc4d39   Thumb Code   256  lto-llvm-267f2d.o(.text.rwble_isr)
    SystemInit                               0x07fc571d   Thumb Code   116  lto-llvm-267f2d.o(system_DA14xxx)
    Region$$Table$$Base                      0x07fc6120   Number         0  anon$$obj.o(Region$$Table)
    Region$$Table$$Limit                     0x07fc6140   Number         0  anon$$obj.o(Region$$Table)
    __libspace_start                         0x07fc6168   Data          96  libspace.o(.bss)
    __temporary_stack_top$libspace           0x07fc61c8   Data           0  libspace.o(.bss)
    lld_force_timeout_refresh                0x07fc6aa0   Data           3  patch.o(retention_mem_area0)
    Image$$RET_HEAP_DB$$Base                 0x07fc7758   Number         0  anon$$obj.o ABSOLUTE
    dummy                                    0x07fc9c00   Data           0  da14531_symbols.txt ABSOLUTE
    ble_wakeup_executed                      0x07fcb900   Data           0  da14531_symbols.txt ABSOLUTE
    rf_in_sleep                              0x07fcb901   Data           0  da14531_symbols.txt ABSOLUTE
    custom_preinit                           0x07fcb904   Data           0  da14531_symbols.txt ABSOLUTE
    custom_postinit                          0x07fcb908   Data           0  da14531_symbols.txt ABSOLUTE
    custom_appinit                           0x07fcb90c   Data           0  da14531_symbols.txt ABSOLUTE
    custom_preloop                           0x07fcb910   Data           0  da14531_symbols.txt ABSOLUTE
    custom_preschedule                       0x07fcb914   Data           0  da14531_symbols.txt ABSOLUTE
    custom_postschedule                      0x07fcb918   Data           0  da14531_symbols.txt ABSOLUTE
    custom_postschedule_async                0x07fcb91c   Data           0  da14531_symbols.txt ABSOLUTE
    custom_presleepcheck                     0x07fcb920   Data           0  da14531_symbols.txt ABSOLUTE
    custom_appsleepset                       0x07fcb924   Data           0  da14531_symbols.txt ABSOLUTE
    custom_postsleepcheck                    0x07fcb928   Data           0  da14531_symbols.txt ABSOLUTE
    custom_presleepenter                     0x07fcb92c   Data           0  da14531_symbols.txt ABSOLUTE
    custom_postsleepexit                     0x07fcb930   Data           0  da14531_symbols.txt ABSOLUTE
    custom_prewakeup                         0x07fcb934   Data           0  da14531_symbols.txt ABSOLUTE
    custom_postwakeup                        0x07fcb938   Data           0  da14531_symbols.txt ABSOLUTE
    custom_preidlecheck                      0x07fcb93c   Data           0  da14531_symbols.txt ABSOLUTE
    custom_pti_set                           0x07fcb940   Data           0  da14531_symbols.txt ABSOLUTE
    REG_BLE_EM_TX_BUFFER_SIZE                0x07fcb944   Data           0  da14531_symbols.txt ABSOLUTE
    REG_BLE_EM_RX_BUFFER_SIZE                0x07fcb948   Data           0  da14531_symbols.txt ABSOLUTE
    _ble_base                                0x07fcb94c   Data           0  da14531_symbols.txt ABSOLUTE
    gap_cfg_user                             0x07fcb950   Data           0  da14531_symbols.txt ABSOLUTE
    rom_func_addr_table                      0x07fcb954   Data           0  da14531_symbols.txt ABSOLUTE
    rom_cfg_table                            0x07fcb958   Data           0  da14531_symbols.txt ABSOLUTE
    BLE_TX_DESC_DATA_USER                    0x07fcb95c   Data           0  da14531_symbols.txt ABSOLUTE
    BLE_TX_DESC_CNTL_USER                    0x07fcb960   Data           0  da14531_symbols.txt ABSOLUTE
    LLM_LE_ADV_DUMMY_IDX                     0x07fcb964   Data           0  da14531_symbols.txt ABSOLUTE
    LLM_LE_SCAN_CON_REQ_ADV_DIR_IDX          0x07fcb968   Data           0  da14531_symbols.txt ABSOLUTE
    LLM_LE_SCAN_RSP_IDX                      0x07fcb96c   Data           0  da14531_symbols.txt ABSOLUTE
    LLM_LE_ADV_IDX                           0x07fcb970   Data           0  da14531_symbols.txt ABSOLUTE
    length_exchange_needed                   0x07fcb974   Data           0  da14531_symbols.txt ABSOLUTE
    enh_con_cmp_cnt                          0x07fcb978   Data           0  da14531_symbols.txt ABSOLUTE
    rx_pkt_cnt                               0x07fcb980   Data           0  da14531_symbols.txt ABSOLUTE
    rx_pkt_cnt_bad                           0x07fcb984   Data           0  da14531_symbols.txt ABSOLUTE
    rx_pkt_cnt_bad_adv                       0x07fcb988   Data           0  da14531_symbols.txt ABSOLUTE
    rx_pkt_cnt_bad_scn                       0x07fcb98c   Data           0  da14531_symbols.txt ABSOLUTE
    rx_pkt_cnt_bad_oth                       0x07fcb990   Data           0  da14531_symbols.txt ABSOLUTE
    rx_pkt_cnt_bad_wo_sync_err               0x07fcb994   Data           0  da14531_symbols.txt ABSOLUTE
    rx_pkt_cnt_bad_con                       0x07fcb998   Data           0  da14531_symbols.txt ABSOLUTE
    connect_req_cnt                          0x07fcb99c   Data           0  da14531_symbols.txt ABSOLUTE
    last_status                              0x07fcb9a0   Data           0  da14531_symbols.txt ABSOLUTE
    llc_state                                0x07fcb9a4   Data           0  da14531_symbols.txt ABSOLUTE
    lld_sleep_env                            0x07fcb9a8   Data           0  da14531_symbols.txt ABSOLUTE
    lld_wlcoex_enable                        0x07fcb9ac   Data           0  da14531_symbols.txt ABSOLUTE
    ble_duplicate_filter_max                 0x07fcb9b0   Data           0  da14531_symbols.txt ABSOLUTE
    ble_duplicate_filter_found               0x07fcb9b1   Data           0  da14531_symbols.txt ABSOLUTE
    alter_conn_adv_all_cnt                   0x07fcb9b4   Data           0  da14531_symbols.txt ABSOLUTE
    alter_conn_adv_dir_cnt                   0x07fcb9b8   Data           0  da14531_symbols.txt ABSOLUTE
    alter_conn_adv_cnt                       0x07fcb9bc   Data           0  da14531_symbols.txt ABSOLUTE
    create_conn_cnt                          0x07fcb9c0   Data           0  da14531_symbols.txt ABSOLUTE
    alter_conn_cnt                           0x07fcb9c4   Data           0  da14531_symbols.txt ABSOLUTE
    alter_conn_restart_cnt                   0x07fcb9c8   Data           0  da14531_symbols.txt ABSOLUTE
    alter_conn_peer_addr                     0x07fcb9cc   Data           0  da14531_symbols.txt ABSOLUTE
    alter_conn_local_addr                    0x07fcb9d2   Data           0  da14531_symbols.txt ABSOLUTE
    set_adv_data_discard_old                 0x07fcb9d8   Data           0  da14531_symbols.txt ABSOLUTE
    llm_resolving_list_max                   0x07fcb9d9   Data           0  da14531_symbols.txt ABSOLUTE
    llm_local_le_feats                       0x07fcb9da   Data           0  da14531_symbols.txt ABSOLUTE
    llm_bt_env                               0x07fcb9e2   Data           0  da14531_symbols.txt ABSOLUTE
    init_tx_cnt_cntl_cnt1                    0x07fcb9ec   Data           0  da14531_symbols.txt ABSOLUTE
    init_tx_cnt_cntl_cnt                     0x07fcb9f0   Data           0  da14531_symbols.txt ABSOLUTE
    tx_cnt_cntl_cnt                          0x07fcb9f4   Data           0  da14531_symbols.txt ABSOLUTE
    llm_state                                0x07fcb9f8   Data           0  da14531_symbols.txt ABSOLUTE
    delay_us_cnt                             0x07fcb9fa   Data           0  da14531_symbols.txt ABSOLUTE
    gtl_state                                0x07fcb9fc   Data           0  da14531_symbols.txt ABSOLUTE
    use_h4tl                                 0x07fcb9fd   Data           0  da14531_symbols.txt ABSOLUTE
    hci_cmd_desc_root_tab                    0x07fcba00   Data           0  da14531_symbols.txt ABSOLUTE
    gattc_state                              0x07fcba30   Data           0  da14531_symbols.txt ABSOLUTE
    gattm_state                              0x07fcba33   Data           0  da14531_symbols.txt ABSOLUTE
    l2cc_state                               0x07fcba34   Data           0  da14531_symbols.txt ABSOLUTE
    l2cm_env                                 0x07fcba38   Data           0  da14531_symbols.txt ABSOLUTE
    gapc_state                               0x07fcba3e   Data           0  da14531_symbols.txt ABSOLUTE
    gapm_state                               0x07fcba41   Data           0  da14531_symbols.txt ABSOLUTE
    whitelist_fix                            0x07fcba42   Data           0  da14531_symbols.txt ABSOLUTE
    ecdh_key_creation_in_progress            0x07fcba44   Data           0  da14531_symbols.txt ABSOLUTE
    ke_free_bad                              0x07fcba48   Data           0  da14531_symbols.txt ABSOLUTE
    DISABLE_KE_TASK_ALTERNATIVE_SAVED_QUEUE  0x07fcba4c   Data           0  da14531_symbols.txt ABSOLUTE
    rwip_env                                 0x07fcba54   Data           0  da14531_symbols.txt ABSOLUTE
    _rand_state_ROM_DATA                     0x07fcba5c   Data           0  da14531_symbols.txt ABSOLUTE
    custom_msg_handlers                      0x07fcba60   Data           0  da14531_symbols.txt ABSOLUTE
    ble_reg_save                             0x07fcba64   Data           0  da14531_symbols.txt ABSOLUTE
    sleep_env                                0x07fcbab4   Data           0  da14531_symbols.txt ABSOLUTE
    uart_env                                 0x07fcbab8   Data           0  da14531_symbols.txt ABSOLUTE
    ke_mem_heaps_used                        0x07fcbadc   Data           0  da14531_symbols.txt ABSOLUTE
    co_buf_env                               0x07fcbae0   Data           0  da14531_symbols.txt ABSOLUTE
    llc_env                                  0x07fcbb78   Data           0  da14531_symbols.txt ABSOLUTE
    lld_evt_env                              0x07fcbb84   Data           0  da14531_symbols.txt ABSOLUTE
    llm_le_env                               0x07fcbbb0   Data           0  da14531_symbols.txt ABSOLUTE
    llm_local_cmds                           0x07fcbcb0   Data           0  da14531_symbols.txt ABSOLUTE
    gtl_env                                  0x07fcbd30   Data           0  da14531_symbols.txt ABSOLUTE
    hci_env                                  0x07fcbd78   Data           0  da14531_symbols.txt ABSOLUTE
    h4tl_env                                 0x07fcbd88   Data           0  da14531_symbols.txt ABSOLUTE
    gattc_env                                0x07fcbda0   Data           0  da14531_symbols.txt ABSOLUTE
    gattm_env                                0x07fcbdac   Data           0  da14531_symbols.txt ABSOLUTE
    l2cc_env                                 0x07fcbdd0   Data           0  da14531_symbols.txt ABSOLUTE
    ecdh_key                                 0x07fcbddc   Data           0  da14531_symbols.txt ABSOLUTE
    gapc_env                                 0x07fcbe3c   Data           0  da14531_symbols.txt ABSOLUTE
    gapm_env                                 0x07fcbe48   Data           0  da14531_symbols.txt ABSOLUTE
    ke_env                                   0x07fcbe74   Data           0  da14531_symbols.txt ABSOLUTE
    rwip_rf                                  0x07fcbf58   Data           0  da14531_symbols.txt ABSOLUTE



==============================================================================

Memory Map of the image

  Image Entry point : 0x07fc0111

  Load Region LR_IROM1 (Base: 0x07fc0000, Size: 0x000000a8, Max: 0x000000c0, ABSOLUTE)

    Execution Region ER_IROM1 (Exec base: 0x07fc0000, Load base: 0x07fc0000, Size: 0x000000a8, Max: 0x000000c0, ABSOLUTE)

    Exec Addr    Load Addr    Size         Type   Attr      Idx    E Section Name        Object

    0x07fc0000   0x07fc0000   0x000000a0   Data   RO            5    RESET               startup_da14531.o
    0x07fc00a0   0x07fc00a0   0x00000008   Data   RW          614    otp_cs_booter       lto-llvm-267f2d.o



  Load Region LR_IROM2 (Base: 0x07fc00c0, Size: 0x00000000, Max: 0x00000050, ABSOLUTE)

    Execution Region ER_IROM2 (Exec base: 0x07fc00c0, Load base: 0x07fc00c0, Size: 0x00000050, Max: 0x00000050, ABSOLUTE)

    Exec Addr    Load Addr    Size         Type   Attr      Idx    E Section Name        Object

    0x07fc00c0        -       0x00000050   Zero   RW            1    ER_IROM2.bss        anon$$obj.o



  Load Region LR_IROM3 (Base: 0x07fc0110, Size: 0x00006058, Max: 0x00007140, ABSOLUTE)

    Execution Region ER_IROM3 (Exec base: 0x07fc0110, Load base: 0x07fc0110, Size: 0x00006058, Max: 0x00007140, ABSOLUTE)

    Exec Addr    Load Addr    Size         Type   Attr      Idx    E Section Name        Object

    0x07fc0110   0x07fc0110   0x00000008   Code   RO           93  * !!!main             c_p.l(__main.o)
    0x07fc0118   0x07fc0118   0x00000054   Code   RO          625    !!!scatter          c_p.l(__scatter.o)
    0x07fc016c   0x07fc016c   0x00000002   Code   RO          626    !!handler_null      c_p.l(__scatter.o)
    0x07fc016e   0x07fc016e   0x00000002   PAD
    0x07fc0170   0x07fc0170   0x0000001c   Code   RO          629    !!handler_zi        c_p.l(__scatter_zi.o)
    0x07fc018c   0x07fc018c   0x00000002   Code   RO          121    .ARM.Collect$$libinit$$00000000  c_p.l(libinit.o)
    0x07fc018e   0x07fc018e   0x00000000   Code   RO          129    .ARM.Collect$$libinit$$00000002  c_p.l(libinit2.o)
    0x07fc018e   0x07fc018e   0x00000000   Code   RO          131    .ARM.Collect$$libinit$$00000004  c_p.l(libinit2.o)
    0x07fc018e   0x07fc018e   0x00000000   Code   RO          133    .ARM.Collect$$libinit$$00000006  c_p.l(libinit2.o)
    0x07fc018e   0x07fc018e   0x00000000   Code   RO          136    .ARM.Collect$$libinit$$0000000C  c_p.l(libinit2.o)
    0x07fc018e   0x07fc018e   0x00000000   Code   RO          138    .ARM.Collect$$libinit$$0000000E  c_p.l(libinit2.o)
    0x07fc018e   0x07fc018e   0x00000000   Code   RO          140    .ARM.Collect$$libinit$$00000010  c_p.l(libinit2.o)
    0x07fc018e   0x07fc018e   0x00000000   Code   RO          143    .ARM.Collect$$libinit$$00000013  c_p.l(libinit2.o)
    0x07fc018e   0x07fc018e   0x00000000   Code   RO          145    .ARM.Collect$$libinit$$00000015  c_p.l(libinit2.o)
    0x07fc018e   0x07fc018e   0x00000000   Code   RO          147    .ARM.Collect$$libinit$$00000017  c_p.l(libinit2.o)
    0x07fc018e   0x07fc018e   0x00000000   Code   RO          149    .ARM.Collect$$libinit$$00000019  c_p.l(libinit2.o)
    0x07fc018e   0x07fc018e   0x00000000   Code   RO          151    .ARM.Collect$$libinit$$0000001B  c_p.l(libinit2.o)
    0x07fc018e   0x07fc018e   0x00000000   Code   RO          153    .ARM.Collect$$libinit$$0000001D  c_p.l(libinit2.o)
    0x07fc018e   0x07fc018e   0x00000000   Code   RO          155    .ARM.Collect$$libinit$$0000001F  c_p.l(libinit2.o)
    0x07fc018e   0x07fc018e   0x00000000   Code   RO          157    .ARM.Collect$$libinit$$00000021  c_p.l(libinit2.o)
    0x07fc018e   0x07fc018e   0x00000000   Code   RO          159    .ARM.Collect$$libinit$$00000023  c_p.l(libinit2.o)
    0x07fc018e   0x07fc018e   0x00000000   Code   RO          161    .ARM.Collect$$libinit$$00000025  c_p.l(libinit2.o)
    0x07fc018e   0x07fc018e   0x00000000   Code   RO          163    .ARM.Collect$$libinit$$00000027  c_p.l(libinit2.o)
    0x07fc018e   0x07fc018e   0x00000000   Code   RO          167    .ARM.Collect$$libinit$$0000002E  c_p.l(libinit2.o)
    0x07fc018e   0x07fc018e   0x00000000   Code   RO          169    .ARM.Collect$$libinit$$00000030  c_p.l(libinit2.o)
    0x07fc018e   0x07fc018e   0x00000000   Code   RO          171    .ARM.Collect$$libinit$$00000032  c_p.l(libinit2.o)
    0x07fc018e   0x07fc018e   0x00000000   Code   RO          173    .ARM.Collect$$libinit$$00000034  c_p.l(libinit2.o)
    0x07fc018e   0x07fc018e   0x00000002   Code   RO          174    .ARM.Collect$$libinit$$00000035  c_p.l(libinit2.o)
    0x07fc0190   0x07fc0190   0x00000002   Code   RO          196    .ARM.Collect$$libshutdown$$00000000  c_p.l(libshutdown.o)
    0x07fc0192   0x07fc0192   0x00000000   Code   RO          211    .ARM.Collect$$libshutdown$$00000002  c_p.l(libshutdown2.o)
    0x07fc0192   0x07fc0192   0x00000000   Code   RO          213    .ARM.Collect$$libshutdown$$00000004  c_p.l(libshutdown2.o)
    0x07fc0192   0x07fc0192   0x00000000   Code   RO          216    .ARM.Collect$$libshutdown$$00000007  c_p.l(libshutdown2.o)
    0x07fc0192   0x07fc0192   0x00000000   Code   RO          219    .ARM.Collect$$libshutdown$$0000000A  c_p.l(libshutdown2.o)
    0x07fc0192   0x07fc0192   0x00000000   Code   RO          221    .ARM.Collect$$libshutdown$$0000000C  c_p.l(libshutdown2.o)
    0x07fc0192   0x07fc0192   0x00000000   Code   RO          224    .ARM.Collect$$libshutdown$$0000000F  c_p.l(libshutdown2.o)
    0x07fc0192   0x07fc0192   0x00000002   Code   RO          225    .ARM.Collect$$libshutdown$$00000010  c_p.l(libshutdown2.o)
    0x07fc0194   0x07fc0194   0x00000000   Code   RO           95    .ARM.Collect$$rtentry$$00000000  c_p.l(__rtentry.o)
    0x07fc0194   0x07fc0194   0x00000000   Code   RO           97    .ARM.Collect$$rtentry$$00000002  c_p.l(__rtentry2.o)
    0x07fc0194   0x07fc0194   0x00000006   Code   RO          109    .ARM.Collect$$rtentry$$00000004  c_p.l(__rtentry4.o)
    0x07fc019a   0x07fc019a   0x00000000   Code   RO           99    .ARM.Collect$$rtentry$$00000009  c_p.l(__rtentry2.o)
    0x07fc019a   0x07fc019a   0x00000004   Code   RO          100    .ARM.Collect$$rtentry$$0000000A  c_p.l(__rtentry2.o)
    0x07fc019e   0x07fc019e   0x00000000   Code   RO          102    .ARM.Collect$$rtentry$$0000000C  c_p.l(__rtentry2.o)
    0x07fc019e   0x07fc019e   0x00000008   Code   RO          103    .ARM.Collect$$rtentry$$0000000D  c_p.l(__rtentry2.o)
    0x07fc01a6   0x07fc01a6   0x00000002   Code   RO          126    .ARM.Collect$$rtexit$$00000000  c_p.l(rtexit.o)
    0x07fc01a8   0x07fc01a8   0x00000000   Code   RO          176    .ARM.Collect$$rtexit$$00000002  c_p.l(rtexit2.o)
    0x07fc01a8   0x07fc01a8   0x00000004   Code   RO          177    .ARM.Collect$$rtexit$$00000003  c_p.l(rtexit2.o)
    0x07fc01ac   0x07fc01ac   0x00000006   Code   RO          178    .ARM.Collect$$rtexit$$00000004  c_p.l(rtexit2.o)
    0x07fc01b2   0x07fc01b2   0x00000002   PAD
    0x07fc01b4   0x07fc01b4   0x0000006c   Code   RO            6    .text               startup_da14531.o
    0x07fc0220   0x07fc0220   0x00000a14   Code   RO           87    .text               da14531.lib(patch.o)
    0x07fc0c34   0x07fc0c34   0x00000006   Code   RO           91    .text               c_p.l(heapauxi.o)
    0x07fc0c3a   0x07fc0c3a   0x0000003e   Code   RO          111    .text               c_p.l(sys_stackheap_outer.o)
    0x07fc0c78   0x07fc0c78   0x00000010   Code   RO          114    .text               c_p.l(exit.o)
    0x07fc0c88   0x07fc0c88   0x00000008   Code   RO          122    .text               c_p.l(libspace.o)
    0x07fc0c90   0x07fc0c90   0x0000000c   Code   RO          186    .text               c_p.l(sys_exit.o)
    0x07fc0c9c   0x07fc0c9c   0x00000002   Code   RO          201    .text               c_p.l(use_no_semi.o)
    0x07fc0c9e   0x07fc0c9e   0x00000000   Code   RO          203    .text               c_p.l(indicate_semi.o)
    0x07fc0c9e   0x07fc0c9e   0x00000002   PAD
    0x07fc0ca0   0x07fc0ca0   0x0000000c   Code   RO          327    .text.ADC_Handler   lto-llvm-267f2d.o
    0x07fc0cac   0x07fc0cac   0x000000a8   Code   RO          359    .text.BLE_WAKEUP_LP_Handler  lto-llvm-267f2d.o
    0x07fc0d54   0x07fc0d54   0x0000000a   Code   RO          311    .text.GPIO0_Handler  lto-llvm-267f2d.o
    0x07fc0d5e   0x07fc0d5e   0x0000000a   Code   RO          313    .text.GPIO1_Handler  lto-llvm-267f2d.o
    0x07fc0d68   0x07fc0d68   0x0000000a   Code   RO          315    .text.GPIO2_Handler  lto-llvm-267f2d.o
    0x07fc0d72   0x07fc0d72   0x0000000a   Code   RO          317    .text.GPIO3_Handler  lto-llvm-267f2d.o
    0x07fc0d7c   0x07fc0d7c   0x0000000a   Code   RO          319    .text.GPIO4_Handler  lto-llvm-267f2d.o
    0x07fc0d86   0x07fc0d86   0x00000002   PAD
    0x07fc0d88   0x07fc0d88   0x00000074   Code   RO          305    .text.GPIO_ConfigurePin  lto-llvm-267f2d.o
    0x07fc0dfc   0x07fc0dfc   0x00000028   Code   RO          307    .text.GPIO_SetInactive  lto-llvm-267f2d.o
    0x07fc0e24   0x07fc0e24   0x00000044   Code   RO          309    .text.GPIOn_Handler  lto-llvm-267f2d.o
    0x07fc0e68   0x07fc0e68   0x00000088   Code   RO          261    .text.HardFault_HandlerC  lto-llvm-267f2d.o
    0x07fc0ef0   0x07fc0ef0   0x00000010   Code   RO          345    .text.I2C_Handler   lto-llvm-267f2d.o
    0x07fc0f00   0x07fc0f00   0x000000c0   Code   RO          263    .text.NMI_HandlerC  lto-llvm-267f2d.o
    0x07fc0fc0   0x07fc0fc0   0x00000002   Code   RO          375    .text.RADIOCNTL_Handler  lto-llvm-267f2d.o
    0x07fc0fc2   0x07fc0fc2   0x00000002   PAD
    0x07fc0fc4   0x07fc0fc4   0x00000090   Code   RO          349    .text.UART2_Handler  lto-llvm-267f2d.o
    0x07fc1054   0x07fc1054   0x00000088   Code   RO          321    .text.WKUP_QUADEC_Handler  lto-llvm-267f2d.o
    0x07fc10dc   0x07fc10dc   0x0000006c   Code   RO          323    .text.adc_correction_apply  lto-llvm-267f2d.o
    0x07fc1148   0x07fc1148   0x00000034   Code   RO          529    .text.app_custs1_create_db  lto-llvm-267f2d.o
    0x07fc117c   0x07fc117c   0x0000001a   Code   RO          531    .text.app_custs1_process_handler  lto-llvm-267f2d.o
    0x07fc1196   0x07fc1196   0x00000002   PAD
    0x07fc1198   0x07fc1198   0x000000a0   Code   RO          467    .text.app_db_init_next  lto-llvm-267f2d.o
    0x07fc1238   0x07fc1238   0x00000034   Code   RO          503    .text.app_diss_create_db  lto-llvm-267f2d.o
    0x07fc126c   0x07fc126c   0x00000020   Code   RO          505    .text.app_diss_process_handler  lto-llvm-267f2d.o
    0x07fc128c   0x07fc128c   0x00000078   Code   RO          471    .text.app_easy_gap_dev_configure  lto-llvm-267f2d.o
    0x07fc1304   0x07fc1304   0x00000088   Code   RO          469    .text.app_easy_gap_undirected_advertise_start  lto-llvm-267f2d.o
    0x07fc138c   0x07fc138c   0x0000001c   Code   RO          513    .text.app_easy_security_encrypt_cfm  lto-llvm-267f2d.o
    0x07fc13a8   0x07fc13a8   0x00000054   Code   RO          509    .text.app_easy_security_tk_exch  lto-llvm-267f2d.o
    0x07fc13fc   0x07fc13fc   0x0000002c   Code   RO          525    .text.app_easy_timer  lto-llvm-267f2d.o
    0x07fc1428   0x07fc1428   0x00000020   Code   RO          473    .text.app_gap_process_handler  lto-llvm-267f2d.o
    0x07fc1448   0x07fc1448   0x00000070   Code   RO          557    .text.app_hogpd_create_db  lto-llvm-267f2d.o
    0x07fc14b8   0x07fc14b8   0x0000002c   Code   RO          555    .text.app_hogpd_enable  lto-llvm-267f2d.o
    0x07fc14e4   0x07fc14e4   0x00000054   Code   RO          559    .text.app_hogpd_send_report  lto-llvm-267f2d.o
    0x07fc1538   0x07fc1538   0x00000020   Code   RO          487    .text.app_sec_process_handler  lto-llvm-267f2d.o
    0x07fc1558   0x07fc1558   0x0000010c   Code   RO          517    .text.app_timer_api_process_handler  lto-llvm-267f2d.o
    0x07fc1664   0x07fc1664   0x00000018   Code   RO          279    .text.ba431_get_rand_func  lto-llvm-267f2d.o
    0x07fc167c   0x07fc167c   0x0000002c   Code   RO          391    .text.ble_init_arp_func  lto-llvm-267f2d.o
    0x07fc16a8   0x07fc16a8   0x00000028   Code   RO          385    .text.ble_update_arp_adpll_calib_vals  lto-llvm-267f2d.o
    0x07fc16d0   0x07fc16d0   0x0000002c   Code   RO          387    .text.ble_update_arp_adpll_div_val  lto-llvm-267f2d.o
    0x07fc16fc   0x07fc16fc   0x000000e4   Code   RO          533    .text.bond_db_spi_flash_init  lto-llvm-267f2d.o
    0x07fc17e0   0x07fc17e0   0x00000188   Code   RO          535    .text.bond_db_store_ext  lto-llvm-267f2d.o
    0x07fc1968   0x07fc1968   0x00000024   Code   RO          283    .text.calibrate_rcx20  lto-llvm-267f2d.o
    0x07fc198c   0x07fc198c   0x00000080   Code   RO          523    .text.create_timer  lto-llvm-267f2d.o
    0x07fc1a0c   0x07fc1a0c   0x00000002   Code   RO          273    .text.crypto_init_func  lto-llvm-267f2d.o
    0x07fc1a0e   0x07fc1a0e   0x00000002   PAD
    0x07fc1a10   0x07fc1a10   0x00000010   Code   RO          527    .text.custs_get_func_callbacks  lto-llvm-267f2d.o
    0x07fc1a20   0x07fc1a20   0x00000002   Code   RO          269    .text.dbg_init_func_empty  lto-llvm-267f2d.o
    0x07fc1a22   0x07fc1a22   0x00000002   Code   RO          271    .text.dbg_platform_reset_complete_func_empty  lto-llvm-267f2d.o
    0x07fc1a24   0x07fc1a24   0x0000002c   Code   RO          453    .text.default_app_generate_static_random_addr  lto-llvm-267f2d.o
    0x07fc1a50   0x07fc1a50   0x00000060   Code   RO          459    .text.default_app_on_csrk_exch  lto-llvm-267f2d.o
    0x07fc1ab0   0x07fc1ab0   0x00000088   Code   RO          463    .text.default_app_on_encrypt_req_ind  lto-llvm-267f2d.o
    0x07fc1b38   0x07fc1b38   0x00000008   Code   RO          445    .text.default_app_on_get_dev_appearance  lto-llvm-267f2d.o
    0x07fc1b40   0x07fc1b40   0x00000014   Code   RO          443    .text.default_app_on_get_dev_name  lto-llvm-267f2d.o
    0x07fc1b54   0x07fc1b54   0x00000012   Code   RO          447    .text.default_app_on_get_dev_slv_pref_params  lto-llvm-267f2d.o
    0x07fc1b66   0x07fc1b66   0x00000002   PAD
    0x07fc1b68   0x07fc1b68   0x00000088   Code   RO          461    .text.default_app_on_ltk_exch  lto-llvm-267f2d.o
    0x07fc1bf0   0x07fc1bf0   0x0000004c   Code   RO          455    .text.default_app_on_pairing_request  lto-llvm-267f2d.o
    0x07fc1c3c   0x07fc1c3c   0x000000f0   Code   RO          465    .text.default_app_on_pairing_succeeded  lto-llvm-267f2d.o
    0x07fc1d2c   0x07fc1d2c   0x00000010   Code   RO          441    .text.default_app_on_set_dev_config_complete  lto-llvm-267f2d.o
    0x07fc1d3c   0x07fc1d3c   0x00000038   Code   RO          449    .text.default_app_on_set_dev_info  lto-llvm-267f2d.o
    0x07fc1d74   0x07fc1d74   0x00000040   Code   RO          457    .text.default_app_on_tk_exch  lto-llvm-267f2d.o
    0x07fc1db4   0x07fc1db4   0x0000000c   Code   RO          451    .text.default_app_update_params_request  lto-llvm-267f2d.o
    0x07fc1dc0   0x07fc1dc0   0x00000008   Code   RO          275    .text.dia_rand_func  lto-llvm-267f2d.o
    0x07fc1dc8   0x07fc1dc8   0x00000008   Code   RO          277    .text.dia_srand_func  lto-llvm-267f2d.o
    0x07fc1dd0   0x07fc1dd0   0x00000034   Code   RO          399    .text.dis_adpll     lto-llvm-267f2d.o
    0x07fc1e04   0x07fc1e04   0x0000001c   Code   RO          395    .text.dis_hclk      lto-llvm-267f2d.o
    0x07fc1e20   0x07fc1e20   0x000000c0   Code   RO          507    .text.diss_value_req_ind_handler  lto-llvm-267f2d.o
    0x07fc1ee0   0x07fc1ee0   0x0000004c   Code   RO          397    .text.en_adpll_tx   lto-llvm-267f2d.o
    0x07fc1f2c   0x07fc1f2c   0x0000002c   Code   RO          515    .text.encrypt_cfm_create_msg  lto-llvm-267f2d.o
    0x07fc1f58   0x07fc1f58   0x000000d8   Code   RO          491    .text.gapc_bond_ind_handler  lto-llvm-267f2d.o
    0x07fc2030   0x07fc2030   0x00000068   Code   RO          489    .text.gapc_bond_req_ind_handler  lto-llvm-267f2d.o
    0x07fc2098   0x07fc2098   0x00000018   Code   RO          479    .text.gapc_cmp_evt_handler  lto-llvm-267f2d.o
    0x07fc20b0   0x07fc20b0   0x00000070   Code   RO          481    .text.gapc_connection_req_ind_handler  lto-llvm-267f2d.o
    0x07fc2120   0x07fc2120   0x00000028   Code   RO          483    .text.gapc_disconnect_ind_handler  lto-llvm-267f2d.o
    0x07fc2148   0x07fc2148   0x00000018   Code   RO          495    .text.gapc_encrypt_ind_handler  lto-llvm-267f2d.o
    0x07fc2160   0x07fc2160   0x0000000c   Code   RO          493    .text.gapc_encrypt_req_ind_handler  lto-llvm-267f2d.o
    0x07fc216c   0x07fc216c   0x00000094   Code   RO          485    .text.gapc_get_dev_info_req_ind_handler  lto-llvm-267f2d.o
    0x07fc2200   0x07fc2200   0x00000004   Code   RO          497    .text.gapm_addr_solved_ind_handler  lto-llvm-267f2d.o
    0x07fc2204   0x07fc2204   0x0000005e   Code   RO          477    .text.gapm_cmp_evt_handler  lto-llvm-267f2d.o
    0x07fc2262   0x07fc2262   0x00000002   PAD
    0x07fc2264   0x07fc2264   0x0000002c   Code   RO          475    .text.gapm_device_ready_ind_handler  lto-llvm-267f2d.o
    0x07fc2290   0x07fc2290   0x00000004   Code   RO          501    .text.gapm_ral_addr_ind_handler  lto-llvm-267f2d.o
    0x07fc2294   0x07fc2294   0x00000004   Code   RO          499    .text.gapm_ral_size_ind_handler  lto-llvm-267f2d.o
    0x07fc2298   0x07fc2298   0x00000070   Code   RO          433    .text.gattc_att_info_req_ind_handler.112  lto-llvm-267f2d.o
    0x07fc2308   0x07fc2308   0x0000004c   Code   RO          439    .text.gattc_cmp_evt_handler.115  lto-llvm-267f2d.o
    0x07fc2354   0x07fc2354   0x0000019c   Code   RO          437    .text.gattc_read_req_ind_handler.114  lto-llvm-267f2d.o
    0x07fc24f0   0x07fc24f0   0x0000013c   Code   RO          405    .text.gattc_write_req_ind_handler  lto-llvm-267f2d.o
    0x07fc262c   0x07fc262c   0x0000024c   Code   RO          435    .text.gattc_write_req_ind_handler.113  lto-llvm-267f2d.o
    0x07fc2878   0x07fc2878   0x00000022   Code   RO          417    .text.hogpd_cleanup  lto-llvm-267f2d.o
    0x07fc289a   0x07fc289a   0x00000002   Code   RO          415    .text.hogpd_create  lto-llvm-267f2d.o
    0x07fc289c   0x07fc289c   0x00000010   Code   RO          413    .text.hogpd_destroy  lto-llvm-267f2d.o
    0x07fc28ac   0x07fc28ac   0x00000080   Code   RO          425    .text.hogpd_enable_req_handler  lto-llvm-267f2d.o
    0x07fc292c   0x07fc292c   0x000000cc   Code   RO          419    .text.hogpd_get_att_handle  lto-llvm-267f2d.o
    0x07fc29f8   0x07fc29f8   0x00000134   Code   RO          423    .text.hogpd_get_att_idx  lto-llvm-267f2d.o
    0x07fc2b2c   0x07fc2b2c   0x00000408   Code   RO          411    .text.hogpd_init    lto-llvm-267f2d.o
    0x07fc2f34   0x07fc2f34   0x00000008   Code   RO          421    .text.hogpd_prf_itf_get  lto-llvm-267f2d.o
    0x07fc2f3c   0x07fc2f3c   0x000000bc   Code   RO          431    .text.hogpd_proto_mode_cfm_handler  lto-llvm-267f2d.o
    0x07fc2ff8   0x07fc2ff8   0x000000f4   Code   RO          429    .text.hogpd_report_cfm_handler  lto-llvm-267f2d.o
    0x07fc30ec   0x07fc30ec   0x0000017c   Code   RO          427    .text.hogpd_report_upd_req_handler  lto-llvm-267f2d.o
    0x07fc3268   0x07fc3268   0x00000078   Code   RO          347    .text.hw_otpc_init  lto-llvm-267f2d.o
    0x07fc32e0   0x07fc32e0   0x00000050   Code   RO          357    .text.lld_sleep_compensate_func  lto-llvm-267f2d.o
    0x07fc3330   0x07fc3330   0x00000024   Code   RO          295    .text.lld_sleep_init_func  lto-llvm-267f2d.o
    0x07fc3354   0x07fc3354   0x00000028   Code   RO          289    .text.lld_sleep_lpcycles_2_us_rcx_func  lto-llvm-267f2d.o
    0x07fc337c   0x07fc337c   0x00000008   Code   RO          293    .text.lld_sleep_lpcycles_2_us_sel_func  lto-llvm-267f2d.o
    0x07fc3384   0x07fc3384   0x0000001c   Code   RO          291    .text.lld_sleep_us_2_lpcycles_sel_func  lto-llvm-267f2d.o
    0x07fc33a0   0x07fc33a0   0x00000034   Code   RO          511    .text.ltk_exch_create_msg  lto-llvm-267f2d.o
    0x07fc33d4   0x07fc33d4   0x00001188   Code   RO          265    .text.main          lto-llvm-267f2d.o
    0x07fc455c   0x07fc455c   0x0000001c   Code   RO          299    .text.otp_cs_load_pd_adpll  lto-llvm-267f2d.o
    0x07fc4578   0x07fc4578   0x00000020   Code   RO          297    .text.otp_cs_load_pd_rad  lto-llvm-267f2d.o
    0x07fc4598   0x07fc4598   0x00000054   Code   RO          543    .text.param_update_request_timer_cb  lto-llvm-267f2d.o
    0x07fc45ec   0x07fc45ec   0x000001d8   Code   RO          537    .text.periph_init   lto-llvm-267f2d.o
    0x07fc47c4   0x07fc47c4   0x00000024   Code   RO          267    .text.platform_reset_func  lto-llvm-267f2d.o
    0x07fc47e8   0x07fc47e8   0x00000034   Code   RO          409    .text.prf_create_func  lto-llvm-267f2d.o
    0x07fc481c   0x07fc481c   0x00000064   Code   RO          407    .text.prf_init_func  lto-llvm-267f2d.o
    0x07fc4880   0x07fc4880   0x0000005c   Code   RO          285    .text.read_rcx_freq  lto-llvm-267f2d.o
    0x07fc48dc   0x07fc48dc   0x00000030   Code   RO          403    .text.rf_adplldig_activate  lto-llvm-267f2d.o
    0x07fc490c   0x07fc490c   0x0000020c   Code   RO          401    .text.rf_calibration  lto-llvm-267f2d.o
    0x07fc4b18   0x07fc4b18   0x00000002   Code   RO          377    .text.rf_force_agc_enable  lto-llvm-267f2d.o
    0x07fc4b1a   0x07fc4b1a   0x00000002   PAD
    0x07fc4b1c   0x07fc4b1c   0x00000108   Code   RO          367    .text.rf_init_func  lto-llvm-267f2d.o
    0x07fc4c24   0x07fc4c24   0x00000004   Code   RO          363    .text.rf_reg_rd     lto-llvm-267f2d.o
    0x07fc4c28   0x07fc4c28   0x00000002   Code   RO          365    .text.rf_reg_wr     lto-llvm-267f2d.o
    0x07fc4c2a   0x07fc4c2a   0x00000002   PAD
    0x07fc4c2c   0x07fc4c2c   0x00000044   Code   RO          383    .text.rf_regs       lto-llvm-267f2d.o
    0x07fc4c70   0x07fc4c70   0x00000058   Code   RO          389    .text.rf_reinit_func  lto-llvm-267f2d.o
    0x07fc4cc8   0x07fc4cc8   0x00000002   Code   RO          373    .text.rf_reset      lto-llvm-267f2d.o
    0x07fc4cca   0x07fc4cca   0x00000024   Code   RO          379    .text.rf_rssi_convert  lto-llvm-267f2d.o
    0x07fc4cee   0x07fc4cee   0x00000002   PAD
    0x07fc4cf0   0x07fc4cf0   0x0000001c   Code   RO          371    .text.rf_sleep      lto-llvm-267f2d.o
    0x07fc4d0c   0x07fc4d0c   0x0000002c   Code   RO          369    .text.rf_txpwr_dbm_get  lto-llvm-267f2d.o
    0x07fc4d38   0x07fc4d38   0x00000110   Code   RO          361    .text.rwble_isr     lto-llvm-267f2d.o
    0x07fc4e48   0x07fc4e48   0x000001f4   Code   RO          393    .text.set_recommended_settings  lto-llvm-267f2d.o
    0x07fc503c   0x07fc503c   0x00000068   Code   RO          287    .text.set_sleep_delay  lto-llvm-267f2d.o
    0x07fc50a4   0x07fc50a4   0x00000002   Code   RO          281    .text.smpm_ecdh_key_create_empty_func  lto-llvm-267f2d.o
    0x07fc50a6   0x07fc50a6   0x00000002   PAD
    0x07fc50a8   0x07fc50a8   0x000000b4   Code   RO          331    .text.spi_access    lto-llvm-267f2d.o
    0x07fc515c   0x07fc515c   0x0000001c   Code   RO          329    .text.spi_cs_low    lto-llvm-267f2d.o
    0x07fc5178   0x07fc5178   0x00000012   Code   RO          335    .text.spi_flash_is_busy  lto-llvm-267f2d.o
    0x07fc518a   0x07fc518a   0x00000002   PAD
    0x07fc518c   0x07fc518c   0x00000024   Code   RO          343    .text.spi_flash_power_down  lto-llvm-267f2d.o
    0x07fc51b0   0x07fc51b0   0x0000001c   Code   RO          337    .text.spi_flash_read_status_reg  lto-llvm-267f2d.o
    0x07fc51cc   0x07fc51cc   0x00000028   Code   RO          339    .text.spi_flash_wait_till_ready  lto-llvm-267f2d.o
    0x07fc51f4   0x07fc51f4   0x00000044   Code   RO          341    .text.spi_flash_write_enable  lto-llvm-267f2d.o
    0x07fc5238   0x07fc5238   0x00000024   Code   RO          333    .text.spi_transaction  lto-llvm-267f2d.o
    0x07fc525c   0x07fc525c   0x00000014   Code   RO          301    .text.syscntl_dcdc_get_level  lto-llvm-267f2d.o
    0x07fc5270   0x07fc5270   0x00000034   Code   RO          303    .text.syscntl_dcdc_set_level  lto-llvm-267f2d.o
    0x07fc52a4   0x07fc52a4   0x0000003c   Code   RO          325    .text.temp_calc     lto-llvm-267f2d.o
    0x07fc52e0   0x07fc52e0   0x00000002   Code   RO          519    .text.timer_canceled_handler  lto-llvm-267f2d.o
    0x07fc52e2   0x07fc52e2   0x00000002   Code   RO          521    .text.timer_modified_handler  lto-llvm-267f2d.o
    0x07fc52e4   0x07fc52e4   0x0000004c   Code   RO          355    .text.uart_receive  lto-llvm-267f2d.o
    0x07fc5330   0x07fc5330   0x00000024   Code   RO          551    .text.uart_rx_callback  lto-llvm-267f2d.o
    0x07fc5354   0x07fc5354   0x00000044   Code   RO          351    .text.uart_rx_isr   lto-llvm-267f2d.o
    0x07fc5398   0x07fc5398   0x0000005c   Code   RO          353    .text.uart_send     lto-llvm-267f2d.o
    0x07fc53f4   0x07fc53f4   0x00000030   Code   RO          381    .text.update_radiopwrupdn_pref_setting  lto-llvm-267f2d.o
    0x07fc5424   0x07fc5424   0x0000000c   Code   RO          545    .text.user_app_adv_undirect_complete  lto-llvm-267f2d.o
    0x07fc5430   0x07fc5430   0x000000d0   Code   RO          541    .text.user_app_connection  lto-llvm-267f2d.o
    0x07fc5500   0x07fc5500   0x00000080   Code   RO          547    .text.user_app_disconnect  lto-llvm-267f2d.o
    0x07fc5580   0x07fc5580   0x00000018   Code   RO          539    .text.user_app_on_db_init_complete  lto-llvm-267f2d.o
    0x07fc5598   0x07fc5598   0x000000f8   Code   RO          549    .text.user_catch_rest_hndl  lto-llvm-267f2d.o
    0x07fc5690   0x07fc5690   0x0000008c   Code   RO          553    .text.user_gamepad_axis_polling_cb  lto-llvm-267f2d.o
    0x07fc571c   0x07fc571c   0x00000088   Code   RO          259    system_DA14xxx      lto-llvm-267f2d.o
    0x07fc57a4   0x07fc57a4   0x00000024   Data   RO           88    .constdata          da14531.lib(patch.o)
    0x07fc57c8   0x07fc57c8   0x00000084   Data   RO          572    .rodata..L__const.spi_flash_auto_detect.known_spi_devs_list  lto-llvm-267f2d.o
    0x07fc584c   0x07fc584c   0x00000016   Data   RO          585    .rodata..Lswitch.table.gattc_att_info_req_ind_handler  lto-llvm-267f2d.o
    0x07fc5862   0x07fc5862   0x00000010   Data   RO          605    .rodata.CUST1_SERVER_RX_UUID_128  lto-llvm-267f2d.o
    0x07fc5872   0x07fc5872   0x00000010   Data   RO          608    .rodata.CUST1_SERVER_TX_UUID_128  lto-llvm-267f2d.o
    0x07fc5882   0x07fc5882   0x00000002   PAD
    0x07fc5884   0x07fc5884   0x00000010   Data   RO          589    .rodata.TASK_DESC_APP  lto-llvm-267f2d.o
    0x07fc5894   0x07fc5894   0x00000080   Data   RO          611    .rodata._asciimap   lto-llvm-267f2d.o
    0x07fc5914   0x07fc5914   0x00000008   Data   RO          592    .rodata.app_diss_process_handlers  lto-llvm-267f2d.o
    0x07fc591c   0x07fc591c   0x00000070   Data   RO          590    .rodata.app_gap_process_handlers  lto-llvm-267f2d.o
    0x07fc598c   0x07fc598c   0x00000018   Data   RO          594    .rodata.app_process_handlers  lto-llvm-267f2d.o
    0x07fc59a4   0x07fc59a4   0x00000038   Data   RO          591    .rodata.app_sec_process_handlers  lto-llvm-267f2d.o
    0x07fc59dc   0x07fc59dc   0x00000070   Data   RO          574    .rodata.arp_init_table  lto-llvm-267f2d.o
    0x07fc5a4c   0x07fc5a4c   0x00000002   Data   RO          603    .rodata.att_decl_char  lto-llvm-267f2d.o
    0x07fc5a4e   0x07fc5a4e   0x00000002   Data   RO          601    .rodata.att_decl_svc  lto-llvm-267f2d.o
    0x07fc5a50   0x07fc5a50   0x00000002   Data   RO          609    .rodata.att_desc_cfg  lto-llvm-267f2d.o
    0x07fc5a52   0x07fc5a52   0x00000002   Data   RO          606    .rodata.att_desc_user_desc  lto-llvm-267f2d.o
    0x07fc5a54   0x07fc5a54   0x00000038   Data   RO          598    .rodata.cust_prf_funcs  lto-llvm-267f2d.o
    0x07fc5a8c   0x07fc5a8c   0x000000a0   Data   RO          610    .rodata.custs1_att_db  lto-llvm-267f2d.o
    0x07fc5b2c   0x07fc5b2c   0x00000008   Data   RO          580    .rodata.custs1_default_handler  lto-llvm-267f2d.o
    0x07fc5b34   0x07fc5b34   0x00000048   Data   RO          577    .rodata.custs1_default_state  lto-llvm-267f2d.o
    0x07fc5b7c   0x07fc5b7c   0x00000002   Data   RO          599    .rodata.custs1_services  lto-llvm-267f2d.o
    0x07fc5b7e   0x07fc5b7e   0x00000001   Data   RO          600    .rodata.custs1_services_size  lto-llvm-267f2d.o
    0x07fc5b7f   0x07fc5b7f   0x00000010   Data   RO          602    .rodata.custs1_svc1  lto-llvm-267f2d.o
    0x07fc5b8f   0x07fc5b8f   0x00000001   PAD
    0x07fc5b90   0x07fc5b90   0x00000114   Data   RO          581    .rodata.hids_att_db  lto-llvm-267f2d.o
    0x07fc5ca4   0x07fc5ca4   0x00000008   Data   RO          584    .rodata.hogpd_default_handler  lto-llvm-267f2d.o
    0x07fc5cac   0x07fc5cac   0x00000040   Data   RO          583    .rodata.hogpd_default_state  lto-llvm-267f2d.o
    0x07fc5cec   0x07fc5cec   0x00000010   Data   RO          582    .rodata.hogpd_itf   lto-llvm-267f2d.o
    0x07fc5cfc   0x07fc5cfc   0x00000024   Data   RO          613    .rodata.hogpd_reports.231  lto-llvm-267f2d.o
    0x07fc5d20   0x07fc5d20   0x00000018   Data   RO          568    .rodata.my_custom_msg_handlers  lto-llvm-267f2d.o
    0x07fc5d38   0x07fc5d38   0x0000000e   Data   RO          561    .rodata.nvds_data_storage  lto-llvm-267f2d.o
    0x07fc5d46   0x07fc5d46   0x00000002   PAD
    0x07fc5d48   0x07fc5d48   0x00000018   Data   RO          586    .rodata.prf_funcs   lto-llvm-267f2d.o
    0x07fc5d60   0x07fc5d60   0x00000020   Data   RO          578    .rodata.prf_if      lto-llvm-267f2d.o
    0x07fc5d80   0x07fc5d80   0x00000020   Data   RO          596    .rodata.rom_app_task_cfg  lto-llvm-267f2d.o
    0x07fc5da0   0x07fc5da0   0x000000ec   Data   RO          570    .rodata.rom_cfg_table_var  lto-llvm-267f2d.o
    0x07fc5e8c   0x07fc5e8c   0x00000010   Data   RO          576    .rodata.rom_cust_prf_cfg  lto-llvm-267f2d.o
    0x07fc5e9c   0x07fc5e9c   0x0000017c   Data   RO          569    .rodata.rom_func_addr_table_var  lto-llvm-267f2d.o
    0x07fc6018   0x07fc6018   0x00000008   Data   RO          567    .rodata.rom_nvds_cfg  lto-llvm-267f2d.o
    0x07fc6020   0x07fc6020   0x0000000c   Data   RO          579    .rodata.rom_prf_cfg  lto-llvm-267f2d.o
    0x07fc602c   0x07fc602c   0x00000036   Data   RO          593    .rodata.str1.1      lto-llvm-267f2d.o
    0x07fc6062   0x07fc6062   0x00000002   PAD
    0x07fc6064   0x07fc6064   0x0000000f   Data   RO          588    .rodata.str1.4      lto-llvm-267f2d.o
    0x07fc6073   0x07fc6073   0x00000001   PAD
    0x07fc6074   0x07fc6074   0x0000008c   Data   RO          595    .rodata.user_app_callbacks  lto-llvm-267f2d.o
    0x07fc6100   0x07fc6100   0x00000018   Data   RO          587    .rodata.user_prf_funcs  lto-llvm-267f2d.o
    0x07fc6118   0x07fc6118   0x00000007   Data   RO          597    .rodata.user_security_conf  lto-llvm-267f2d.o
    0x07fc611f   0x07fc611f   0x00000001   PAD
    0x07fc6120   0x07fc6120   0x00000020   Data   RO          624    Region$$Table       anon$$obj.o
    0x07fc6140   0x07fc6140   0x00000013   Data   RW          604    .data.custs1_server_rx_char  lto-llvm-267f2d.o
    0x07fc6153   0x07fc6153   0x00000013   Data   RW          607    .data.custs1_server_tx_char  lto-llvm-267f2d.o
    0x07fc6166   0x07fc6166   0x00000001   Data   RW          575    .data.pa_en_dcf_tx_setting  lto-llvm-267f2d.o


    Execution Region ER_PRODTEST (Exec base: 0x07fc6168, Load base: 0x07fc6168, Size: 0x00000000, Max: 0xffffffff, ABSOLUTE, UNINIT)

    **** No section assigned to this execution region ****


    Execution Region ER_ZI (Exec base: 0x07fc6168, Load base: 0x07fc6168, Size: 0x0000093c, Max: 0xffffffff, ABSOLUTE)

    Exec Addr    Load Addr    Size         Type   Attr      Idx    E Section Name        Object

    0x07fc6168        -       0x00000060   Zero   RW          123    .bss                c_p.l(libspace.o)
    0x07fc61c8        -       0x0000006e   Zero   RW          615    .bss..L_MergedGlobals.235  lto-llvm-267f2d.o
    0x07fc6236        -       0x00000064   Zero   RW          612    .bss.rx_buffer      lto-llvm-267f2d.o
    0x07fc629a   0x07fc6168   0x00000006   PAD
    0x07fc62a0        -       0x00000100   Zero   RW            4    HEAP                startup_da14531.o
    0x07fc63a0        -       0x00000700   Zero   RW            3    STACK               startup_da14531.o
    0x07fc6aa0        -       0x00000003   Zero   RW           89    retention_mem_area0  da14531.lib(patch.o)


    Execution Region ER_NZI (Exec base: 0x07fc6aa4, Load base: 0x07fc6168, Size: 0x0000040c, Max: 0xffffffff, ABSOLUTE, UNINIT)

    Exec Addr    Load Addr    Size         Type   Attr      Idx    E Section Name        Object

    0x07fc6aa4        -       0x0000040c   Zero   RW          563    .bss.heap_mem_area_not_ret  lto-llvm-267f2d.o


    Execution Region ER_STATEFUL_HIBERNATION (Exec base: 0x07fc6eb0, Load base: 0x07fc6168, Size: 0x00000000, Max: 0xffffffff, ABSOLUTE, UNINIT)

    **** No section assigned to this execution region ****



  Load Region LR_RETAINED_RAM0 (Base: 0x07fc7250, Size: 0x00000000, Max: 0x00002db0, ABSOLUTE)

    Execution Region RET_DATA_UNINIT (Exec base: 0x07fc7250, Load base: 0x07fc7250, Size: 0x00000000, Max: 0x00000000, ABSOLUTE, UNINIT)

    **** No section assigned to this execution region ****


    Execution Region RET_DATA (Exec base: 0x07fc7250, Load base: 0x07fc7250, Size: 0x00000508, Max: 0x00000800, ABSOLUTE)

    Exec Addr    Load Addr    Size         Type   Attr      Idx    E Section Name        Object

    0x07fc7250        -       0x00000508   Zero   RW          571    .bss.retention_mem_area0  lto-llvm-267f2d.o


    Execution Region RET_HEAP_DB (Exec base: 0x07fc7758, Load base: 0x07fc7250, Size: 0x0000040c, Max: 0xffffffff, ABSOLUTE, UNINIT)

    Exec Addr    Load Addr    Size         Type   Attr      Idx    E Section Name        Object

    0x07fc7758        -       0x0000040c   Zero   RW          565    .bss.heap_db_area   lto-llvm-267f2d.o


    Execution Region RET_HEAP_ENV (Exec base: 0x07fc7b64, Load base: 0x07fc7250, Size: 0x000002b8, Max: 0xffffffff, ABSOLUTE, UNINIT)

    Exec Addr    Load Addr    Size         Type   Attr      Idx    E Section Name        Object

    0x07fc7b64        -       0x000002b8   Zero   RW          564    .bss.heap_env_area  lto-llvm-267f2d.o


    Execution Region RET_HEAP_MSG (Exec base: 0x07fc7e1c, Load base: 0x07fc7250, Size: 0x00001eec, Max: 0xffffffff, ABSOLUTE, UNINIT)

    Exec Addr    Load Addr    Size         Type   Attr      Idx    E Section Name        Object

    0x07fc7e1c        -       0x00001eec   Zero   RW          566    .bss.heap_msg_area  lto-llvm-267f2d.o



  Load Region LR_FREE_AREA (Base: 0x07fcb4ac, Size: 0x00000000, Max: 0x000003f0, ABSOLUTE)

    Execution Region ER_FREE_AREA (Exec base: 0x07fcb4ac, Load base: 0x07fcb4ac, Size: 0x00000000, Max: 0x000003f0, ABSOLUTE)

    **** No section assigned to this execution region ****



  Load Region LR_RETAINED_TRNG_STATE (Base: 0x07fcb89c, Size: 0x00000000, Max: 0x00000004, ABSOLUTE)

    Execution Region RET_DATA_UNINIT_TRNG_STATE (Exec base: 0x07fcb89c, Load base: 0x07fcb89c, Size: 0x00000004, Max: 0x00000004, ABSOLUTE, UNINIT)

    Exec Addr    Load Addr    Size         Type   Attr      Idx    E Section Name        Object

    0x07fcb89c        -       0x00000004   Zero   RW          573    .bss.trng_state     lto-llvm-267f2d.o


==============================================================================

Image component sizes


      Code (inc. data)   RO Data    RW Data    ZI Data      Debug   Object Name

     19182       2140       2383         47      12186     237937   lto-llvm-267f2d.o
       108         34        160          0       2048       1000   startup_da14531.o

    ----------------------------------------------------------------------
     19312       2174       2584         48      14320     238937   Object Totals
         0          0         32          0         80          0   (incl. Generated)
        22          0          9          1          6          0   (incl. Padding)

    ----------------------------------------------------------------------

      Code (inc. data)   RO Data    RW Data    ZI Data      Debug   Library Member Name

         8          0          0          0          0         68   __main.o
         0          0          0          0          0          0   __rtentry.o
        12          0          0          0          0          0   __rtentry2.o
         6          0          0          0          0          0   __rtentry4.o
        86         10          0          0          0          0   __scatter.o
        28          0          0          0          0          0   __scatter_zi.o
        16          0          0          0          0         68   exit.o
         6          0          0          0          0        136   heapauxi.o
         0          0          0          0          0          0   indicate_semi.o
         2          0          0          0          0          0   libinit.o
         2          0          0          0          0          0   libinit2.o
         2          0          0          0          0          0   libshutdown.o
         2          0          0          0          0          0   libshutdown2.o
         8          4          0          0         96         68   libspace.o
         2          0          0          0          0          0   rtexit.o
        10          0          0          0          0          0   rtexit2.o
        12          4          0          0          0         60   sys_exit.o
        62          0          0          0          0         80   sys_stackheap_outer.o
         2          0          0          0          0         68   use_no_semi.o
      2580        124         36          0          3        468   patch.o

    ----------------------------------------------------------------------
      2852        142         36          0        100       1016   Library Totals
         6          0          0          0          1          0   (incl. Padding)

    ----------------------------------------------------------------------

      Code (inc. data)   RO Data    RW Data    ZI Data      Debug   Library Name

       266         18          0          0         96        548   c_p.l
      2580        124         36          0          3        468   da14531.lib

    ----------------------------------------------------------------------
      2852        142         36          0        100       1016   Library Totals

    ----------------------------------------------------------------------

==============================================================================


      Code (inc. data)   RO Data    RW Data    ZI Data      Debug   

     22164       2316       2620         48      14420     239773   Grand Totals
     22164       2316       2620         48      14420     239773   ELF Image Totals
     22164       2316       2620         48          0          0   ROM Totals

==============================================================================

    Total RO  Size (Code + RO Data)                24784 (  24.20kB)
    Total RW  Size (RW Data + ZI Data)             14468 (  14.13kB)
    Total ROM Size (Code + RO Data + RW Data)      24832 (  24.25kB)

==============================================================================

