<html>
<body>
<pre>
<h1>µVision Build Log</h1>
<h2>Tool Versions:</h2>
IDE-Version: µVision V5.39.0.0
Copyright (C) 2023 ARM Ltd and ARM Germany GmbH. All rights reserved.
License Information: Dane Ruyle, None, LIC=NHY8P-69YW2-YFCU0-UG3U4-QL62Z-JQCWP
 
Tool Versions:
Toolchain:       MDK-ARM Professional  Version: 5.39.0.0
Toolchain Path:  C:\Keil_v5\ARM\ARMCLANG\Bin
C Compiler:      ArmClang.exe V6.21
Assembler:       Armasm.exe V6.21
Linker/Locator:  ArmLink.exe V6.21
Library Manager: ArmAr.exe V6.21
Hex Converter:   FromElf.exe V6.21
CPU DLL:         SARMCM3.DLL V5.39.0.0
Dialog DLL:      DARMCM1.DLL V1.19.6.0
Target DLL:      Segger\JL2CM3.dll V2.99.43.0
Dialog DLL:      TARMCM1.DLL V1.14.6.0
 
<h2>Project:</h2>
C:\Users\DaneRuyle\Videos\hid_kbd\DA145xx_SDK\6.0.18.1182.1\projects\target_apps\hci\hci\Keil_5\hci.uvprojx
Project File Date:  04/24/2024

<h2>Output:</h2>
*** Using Compiler 'V6.21', folder: 'C:\Keil_v5\ARM\ARMCLANG\Bin'
Build target 'DA14585'
assembling startup_DA14585_586.s...
compiling arch_sleep.c...
compiling arch_console.c...
compiling nmi_handler.c...
compiling system_DA14585_586.c...
compiling hardfault_handler.c...
compiling nvds.c...
compiling jump_table.c...
compiling arch_main.c...
compiling chacha20.c...
compiling arch_system.c...
compiling syscntl.c...
compiling otp_hdr.c...
compiling arch_rom.c...
compiling wkupct_quadec.c...
compiling gpio.c...
compiling battery.c...
compiling adc_58x.c...
compiling spi_58x.c...
compiling dma.c...
compiling trng.c...
compiling spi_flash.c...
compiling hw_otpc_58x.c...
compiling uart.c...
compiling ble_arp.c...
compiling rf_531.c...
compiling rf_585.c...
compiling user_periph_setup.c...
compiling prf.c...
compiling dialog_commands.c...
compiling hci_vs.c...
compiling rwip.c...
compiling rwble.c...
compiling user_commands.c...
linking...
.\out_DA14585\Objects\hci_585.axf: warning: Your license for feature Keil will expire in 30 days [-Wlicense-management]
.\out_DA14585\Objects\hci_585.axf: warning: Your license for feature Keil will expire in 30 days
Program Size: Code=13816 RO-data=1400 RW-data=4 ZI-data=19016  
FromELF: creating hex file...
.\out_DA14585\Objects\hci_585.hex: Warning: Q9931W: Your license for feature Keil will expire in 30 days
Finished: 0 information, 1 warning and 0 error messages.
After Build - User command #1: fromelf --bincombined --output=".\out_DA14585\Objects\hci_585.bin"  ".\out_DA14585\Objects\hci_585.axf"
Warning: Q9931W: Your license for feature Keil will expire in 30 days
Finished: 0 information, 1 warning and 0 error messages.
".\out_DA14585\Objects\hci_585.axf" - 0 Error(s), 2 Warning(s).

<h2>Software Packages used:</h2>

Package Vendor: ARM
                https://www.keil.com/pack/ARM.Cortex_DFP.1.0.0.pack
                ARM::Cortex_DFP@1.0.0
                ARM Cortex Pseudo Device Family Pack

<h2>Collection of Component include folders:</h2>
  C:/Users/DaneRuyle/AppData/Local/Arm/Packs/ARM/Cortex_DFP/1.0.0/Device/ARMCM0/Include

<h2>Collection of Component Files used:</h2>
Build Time Elapsed:  00:00:03
</pre>
</body>
</html>
