<!doctype html public "-//w3c//dtd html 4.0 transitional//en">
<html><head>
<title>Static Call Graph - [.\out_DA14531\Objects\ble_app_peripheral_531.axf]</title></head>
<body><HR>
<H1>Static Call Graph for image .\out_DA14531\Objects\ble_app_peripheral_531.axf</H1><HR>
<BR><P>#&#060CALLGRAPH&#062# ARM Linker, 6210000: Last Updated: Mon Jul  8 13:43:37 2024
<BR><P>
<H3>Maximum Stack Usage =        248 bytes + Unknown(Cycles, Untraceable Function Pointers)</H3><H3>
Call chain for Maximum Stack Depth:</H3>
__rt_entry_main &rArr; main &rArr; bond_db_store_ext &rArr; bond_db_spi_flash_init &rArr; spi_flash_write_enable &rArr; spi_flash_wait_till_ready &rArr; spi_flash_read_status_reg &rArr; spi_transaction &rArr; spi_access
<P>
<H3>
Mutually Recursive functions
</H3> <LI><a href="#[3]">SVC_Handler</a>&nbsp;&nbsp;&nbsp;&rArr;&nbsp;&nbsp;&nbsp;<a href="#[3]">SVC_Handler</a><BR>
 <LI><a href="#[4]">PendSV_Handler</a>&nbsp;&nbsp;&nbsp;&rArr;&nbsp;&nbsp;&nbsp;<a href="#[4]">PendSV_Handler</a><BR>
 <LI><a href="#[5]">SysTick_Handler</a>&nbsp;&nbsp;&nbsp;&rArr;&nbsp;&nbsp;&nbsp;<a href="#[5]">SysTick_Handler</a><BR>
 <LI><a href="#[e]">BLE_RF_DIAG_Handler</a>&nbsp;&nbsp;&nbsp;&rArr;&nbsp;&nbsp;&nbsp;<a href="#[e]">BLE_RF_DIAG_Handler</a><BR>
</UL>
<P>
<H3>
Function Pointers
</H3><UL>
 <LI><a href="#[c]">ADC_Handler</a> from lto-llvm-267f2d.o(.text.ADC_Handler) referenced from startup_da14531.o(RESET)
 <LI><a href="#[e]">BLE_RF_DIAG_Handler</a> from startup_da14531.o(.text) referenced from startup_da14531.o(RESET)
 <LI><a href="#[6]">BLE_WAKEUP_LP_Handler</a> from lto-llvm-267f2d.o(.text.BLE_WAKEUP_LP_Handler) referenced from startup_da14531.o(RESET)
 <LI><a href="#[19]">DMA_Handler</a> from startup_da14531.o(.text) referenced from startup_da14531.o(RESET)
 <LI><a href="#[10]">GPIO0_Handler</a> from lto-llvm-267f2d.o(.text.GPIO0_Handler) referenced from startup_da14531.o(RESET)
 <LI><a href="#[11]">GPIO1_Handler</a> from lto-llvm-267f2d.o(.text.GPIO1_Handler) referenced from startup_da14531.o(RESET)
 <LI><a href="#[12]">GPIO2_Handler</a> from lto-llvm-267f2d.o(.text.GPIO2_Handler) referenced from startup_da14531.o(RESET)
 <LI><a href="#[13]">GPIO3_Handler</a> from lto-llvm-267f2d.o(.text.GPIO3_Handler) referenced from startup_da14531.o(RESET)
 <LI><a href="#[14]">GPIO4_Handler</a> from lto-llvm-267f2d.o(.text.GPIO4_Handler) referenced from startup_da14531.o(RESET)
 <LI><a href="#[26]">GPIO_ConfigurePin</a> from lto-llvm-267f2d.o(.text.GPIO_ConfigurePin) referenced from lto-llvm-267f2d.o(.text.periph_init)
 <LI><a href="#[2]">HardFault_Handler</a> from startup_da14531.o(.text) referenced from startup_da14531.o(RESET)
 <LI><a href="#[21]">HardFault_HandlerC</a> from lto-llvm-267f2d.o(.text.HardFault_HandlerC) referenced from startup_da14531.o(.text)
 <LI><a href="#[a]">I2C_Handler</a> from lto-llvm-267f2d.o(.text.I2C_Handler) referenced from startup_da14531.o(RESET)
 <LI><a href="#[a9]">JT_l2cc_pdu_recv_ind_handler_func</a> from patch.o(.text) referenced from lto-llvm-267f2d.o(.rodata.rom_func_addr_table_var)
 <LI><a href="#[a6]">JT_l2cc_pdu_unpack_func</a> from patch.o(.text) referenced from lto-llvm-267f2d.o(.rodata.rom_func_addr_table_var)
 <LI><a href="#[99]">JT_lld_test_mode_rx_func</a> from patch.o(.text) referenced from lto-llvm-267f2d.o(.rodata.rom_func_addr_table_var)
 <LI><a href="#[d]">KEYBRD_Handler</a> from startup_da14531.o(.text) referenced from startup_da14531.o(RESET)
 <LI><a href="#[1]">NMI_Handler</a> from startup_da14531.o(.text) referenced from startup_da14531.o(RESET)
 <LI><a href="#[20]">NMI_HandlerC</a> from lto-llvm-267f2d.o(.text.NMI_HandlerC) referenced from startup_da14531.o(.text)
 <LI><a href="#[68]">PATCHED_llc_data_ind_handler</a> from patch.o(.text) referenced from lto-llvm-267f2d.o(.rodata.my_custom_msg_handlers)
 <LI><a href="#[69]">PATCHED_lld_data_ind_handler</a> from patch.o(.text) referenced from lto-llvm-267f2d.o(.rodata.my_custom_msg_handlers)
 <LI><a href="#[31]">PATCHED_llm_con_req_ind</a> from patch.o(.text) referenced from patch.o(.constdata)
 <LI><a href="#[32]">PATCHED_smpc_recv_pair_rand_pdu</a> from patch.o(.text) referenced from patch.o(.constdata)
 <LI><a href="#[33]">PATCHED_smpc_recv_public_key_exchange_pdu</a> from patch.o(.text) referenced from patch.o(.constdata)
 <LI><a href="#[af]">PK_PointMult_func</a> from da14531_symbols.txt(ABSOLUTE) referenced from lto-llvm-267f2d.o(.rodata.rom_func_addr_table_var)
 <LI><a href="#[4]">PendSV_Handler</a> from startup_da14531.o(.text) referenced from startup_da14531.o(RESET)
 <LI><a href="#[2b]">RADIOCNTL_Handler</a> from lto-llvm-267f2d.o(.text.RADIOCNTL_Handler) referenced from lto-llvm-267f2d.o(.text.rf_init_func)
 <LI><a href="#[1b]">RESERVED21_Handler</a> from startup_da14531.o(.text) referenced from startup_da14531.o(RESET)
 <LI><a href="#[1c]">RESERVED22_Handler</a> from startup_da14531.o(.text) referenced from startup_da14531.o(RESET)
 <LI><a href="#[1d]">RESERVED23_Handler</a> from startup_da14531.o(.text) referenced from startup_da14531.o(RESET)
 <LI><a href="#[f]">RFCAL_Handler</a> from startup_da14531.o(.text) referenced from startup_da14531.o(RESET)
 <LI><a href="#[18]">RTC_Handler</a> from startup_da14531.o(.text) referenced from startup_da14531.o(RESET)
 <LI><a href="#[0]">Reset_Handler</a> from startup_da14531.o(.text) referenced from startup_da14531.o(RESET)
 <LI><a href="#[b]">SPI_Handler</a> from startup_da14531.o(.text) referenced from startup_da14531.o(RESET)
 <LI><a href="#[3]">SVC_Handler</a> from startup_da14531.o(.text) referenced from startup_da14531.o(RESET)
 <LI><a href="#[17]">SWTIM1_Handler</a> from startup_da14531.o(.text) referenced from startup_da14531.o(RESET)
 <LI><a href="#[15]">SWTIM_Handler</a> from startup_da14531.o(.text) referenced from startup_da14531.o(RESET)
 <LI><a href="#[5]">SysTick_Handler</a> from startup_da14531.o(.text) referenced from startup_da14531.o(RESET)
 <LI><a href="#[1e]">SystemInit</a> from lto-llvm-267f2d.o(system_DA14xxx) referenced from startup_da14531.o(.text)
 <LI><a href="#[9]">UART2_Handler</a> from lto-llvm-267f2d.o(.text.UART2_Handler) referenced from startup_da14531.o(RESET)
 <LI><a href="#[8]">UART_Handler</a> from da14531_symbols.txt(ABSOLUTE) referenced from startup_da14531.o(RESET)
 <LI><a href="#[7a]">UART_Handler_func</a> from da14531_symbols.txt(ABSOLUTE) referenced from lto-llvm-267f2d.o(.rodata.rom_func_addr_table_var)
 <LI><a href="#[16]">WKUP_QUADEC_Handler</a> from lto-llvm-267f2d.o(.text.WKUP_QUADEC_Handler) referenced from startup_da14531.o(RESET)
 <LI><a href="#[1a]">XTAL32M_RDY_Handler</a> from startup_da14531.o(.text) referenced from startup_da14531.o(RESET)
 <LI><a href="#[1f]">__main</a> from __main.o(!!!main) referenced from startup_da14531.o(.text)
 <LI><a href="#[52]">app_custs1_create_db</a> from lto-llvm-267f2d.o(.text.app_custs1_create_db) referenced from lto-llvm-267f2d.o(.rodata.cust_prf_funcs)
 <LI><a href="#[4a]">app_custs1_process_handler</a> from lto-llvm-267f2d.o(.text.app_custs1_process_handler) referenced from lto-llvm-267f2d.o(.rodata.app_process_handlers)
 <LI><a href="#[6f]">app_db_init_next</a> from lto-llvm-267f2d.o(.text.app_db_init_next) referenced from lto-llvm-267f2d.o(.rodata.rom_app_task_cfg)
 <LI><a href="#[6a]">app_diss_create_db</a> from lto-llvm-267f2d.o(.text.app_diss_create_db) referenced from lto-llvm-267f2d.o(.rodata.prf_funcs)
 <LI><a href="#[49]">app_diss_process_handler</a> from lto-llvm-267f2d.o(.text.app_diss_process_handler) referenced from lto-llvm-267f2d.o(.rodata.app_process_handlers)
 <LI><a href="#[6e]">app_easy_gap_dev_configure</a> from lto-llvm-267f2d.o(.text.app_easy_gap_dev_configure) referenced from lto-llvm-267f2d.o(.rodata.rom_app_task_cfg)
 <LI><a href="#[46]">app_gap_process_handler</a> from lto-llvm-267f2d.o(.text.app_gap_process_handler) referenced from lto-llvm-267f2d.o(.rodata.app_process_handlers)
 <LI><a href="#[d0]">app_hogpd_create_db</a> from lto-llvm-267f2d.o(.text.app_hogpd_create_db) referenced from lto-llvm-267f2d.o(.rodata.user_prf_funcs)
 <LI><a href="#[d1]">app_hogpd_enable</a> from lto-llvm-267f2d.o(.text.app_hogpd_enable) referenced from lto-llvm-267f2d.o(.rodata.user_prf_funcs)
 <LI><a href="#[48]">app_sec_process_handler</a> from lto-llvm-267f2d.o(.text.app_sec_process_handler) referenced from lto-llvm-267f2d.o(.rodata.app_process_handlers)
 <LI><a href="#[47]">app_timer_api_process_handler</a> from lto-llvm-267f2d.o(.text.app_timer_api_process_handler) referenced from lto-llvm-267f2d.o(.rodata.app_process_handlers)
 <LI><a href="#[ac]">attc_l2cc_pdu_recv_handler_func</a> from da14531_symbols.txt(ABSOLUTE) referenced from lto-llvm-267f2d.o(.rodata.rom_func_addr_table_var)
 <LI><a href="#[ab]">atts_l2cc_pdu_recv_handler_func</a> from da14531_symbols.txt(ABSOLUTE) referenced from lto-llvm-267f2d.o(.rodata.rom_func_addr_table_var)
 <LI><a href="#[ba]">ba431_get_rand_func</a> from lto-llvm-267f2d.o(.text.ba431_get_rand_func) referenced from lto-llvm-267f2d.o(.rodata.rom_func_addr_table_var)
 <LI><a href="#[be]">ble_init_arp_func</a> from lto-llvm-267f2d.o(.text.ble_init_arp_func) referenced from lto-llvm-267f2d.o(.rodata.rom_func_addr_table_var)
 <LI><a href="#[ad]">crypto_init_func</a> from lto-llvm-267f2d.o(.text.crypto_init_func) referenced from lto-llvm-267f2d.o(.rodata.rom_func_addr_table_var)
 <LI><a href="#[5a]">custs1_att_info_rsp_handler</a> from da14531_symbols.txt(ABSOLUTE) referenced from lto-llvm-267f2d.o(.rodata.custs1_default_state)
 <LI><a href="#[6d]">custs1_prf_itf_get</a> from da14531_symbols.txt(ABSOLUTE) referenced from lto-llvm-267f2d.o(.rodata.prf_if)
 <LI><a href="#[59]">custs1_val_ind_req_handler</a> from da14531_symbols.txt(ABSOLUTE) referenced from lto-llvm-267f2d.o(.rodata.custs1_default_state)
 <LI><a href="#[57]">custs1_val_ntf_req_handler</a> from da14531_symbols.txt(ABSOLUTE) referenced from lto-llvm-267f2d.o(.rodata.custs1_default_state)
 <LI><a href="#[58]">custs1_val_set_req_handler</a> from da14531_symbols.txt(ABSOLUTE) referenced from lto-llvm-267f2d.o(.rodata.custs1_default_state)
 <LI><a href="#[5b]">custs1_value_req_rsp_handler</a> from da14531_symbols.txt(ABSOLUTE) referenced from lto-llvm-267f2d.o(.rodata.custs1_default_state)
 <LI><a href="#[71]">custs_get_func_callbacks</a> from lto-llvm-267f2d.o(.text.custs_get_func_callbacks) referenced from lto-llvm-267f2d.o(.rodata.rom_cust_prf_cfg)
 <LI><a href="#[a2]">dbg_init_func_empty</a> from lto-llvm-267f2d.o(.text.dbg_init_func_empty) referenced from lto-llvm-267f2d.o(.rodata.rom_func_addr_table_var)
 <LI><a href="#[a3]">dbg_platform_reset_complete_func_empty</a> from lto-llvm-267f2d.o(.text.dbg_platform_reset_complete_func_empty) referenced from lto-llvm-267f2d.o(.rodata.rom_func_addr_table_var)
 <LI><a href="#[c9]">default_app_generate_static_random_addr</a> from lto-llvm-267f2d.o(.text.default_app_generate_static_random_addr) referenced from lto-llvm-267f2d.o(.rodata.user_app_callbacks)
 <LI><a href="#[cc]">default_app_on_csrk_exch</a> from lto-llvm-267f2d.o(.text.default_app_on_csrk_exch) referenced from lto-llvm-267f2d.o(.rodata.user_app_callbacks)
 <LI><a href="#[cf]">default_app_on_encrypt_req_ind</a> from lto-llvm-267f2d.o(.text.default_app_on_encrypt_req_ind) referenced from lto-llvm-267f2d.o(.rodata.user_app_callbacks)
 <LI><a href="#[c5]">default_app_on_get_dev_appearance</a> from lto-llvm-267f2d.o(.text.default_app_on_get_dev_appearance) referenced from lto-llvm-267f2d.o(.rodata.user_app_callbacks)
 <LI><a href="#[c4]">default_app_on_get_dev_name</a> from lto-llvm-267f2d.o(.text.default_app_on_get_dev_name) referenced from lto-llvm-267f2d.o(.rodata.user_app_callbacks)
 <LI><a href="#[c6]">default_app_on_get_dev_slv_pref_params</a> from lto-llvm-267f2d.o(.text.default_app_on_get_dev_slv_pref_params) referenced from lto-llvm-267f2d.o(.rodata.user_app_callbacks)
 <LI><a href="#[cd]">default_app_on_ltk_exch</a> from lto-llvm-267f2d.o(.text.default_app_on_ltk_exch) referenced from lto-llvm-267f2d.o(.rodata.user_app_callbacks)
 <LI><a href="#[ca]">default_app_on_pairing_request</a> from lto-llvm-267f2d.o(.text.default_app_on_pairing_request) referenced from lto-llvm-267f2d.o(.rodata.user_app_callbacks)
 <LI><a href="#[ce]">default_app_on_pairing_succeeded</a> from lto-llvm-267f2d.o(.text.default_app_on_pairing_succeeded) referenced from lto-llvm-267f2d.o(.rodata.user_app_callbacks)
 <LI><a href="#[c1]">default_app_on_set_dev_config_complete</a> from lto-llvm-267f2d.o(.text.default_app_on_set_dev_config_complete) referenced from lto-llvm-267f2d.o(.rodata.user_app_callbacks)
 <LI><a href="#[c7]">default_app_on_set_dev_info</a> from lto-llvm-267f2d.o(.text.default_app_on_set_dev_info) referenced from lto-llvm-267f2d.o(.rodata.user_app_callbacks)
 <LI><a href="#[cb]">default_app_on_tk_exch</a> from lto-llvm-267f2d.o(.text.default_app_on_tk_exch) referenced from lto-llvm-267f2d.o(.rodata.user_app_callbacks)
 <LI><a href="#[c8]">default_app_update_params_request</a> from lto-llvm-267f2d.o(.text.default_app_update_params_request) referenced from lto-llvm-267f2d.o(.rodata.user_app_callbacks)
 <LI><a href="#[b8]">dia_rand_func</a> from lto-llvm-267f2d.o(.text.dia_rand_func) referenced from lto-llvm-267f2d.o(.rodata.rom_func_addr_table_var)
 <LI><a href="#[b9]">dia_srand_func</a> from lto-llvm-267f2d.o(.text.dia_srand_func) referenced from lto-llvm-267f2d.o(.rodata.rom_func_addr_table_var)
 <LI><a href="#[6b]">diss_prf_itf_get</a> from da14531_symbols.txt(ABSOLUTE) referenced from lto-llvm-267f2d.o(.rodata.prf_if)
 <LI><a href="#[37]">diss_value_req_ind_handler</a> from lto-llvm-267f2d.o(.text.diss_value_req_ind_handler) referenced from lto-llvm-267f2d.o(.rodata.app_diss_process_handlers)
 <LI><a href="#[4c]">gapc_bond_ind_handler</a> from lto-llvm-267f2d.o(.text.gapc_bond_ind_handler) referenced from lto-llvm-267f2d.o(.rodata.app_sec_process_handlers)
 <LI><a href="#[4b]">gapc_bond_req_ind_handler</a> from lto-llvm-267f2d.o(.text.gapc_bond_req_ind_handler) referenced from lto-llvm-267f2d.o(.rodata.app_sec_process_handlers)
 <LI><a href="#[3a]">gapc_cmp_evt_handler</a> from lto-llvm-267f2d.o(.text.gapc_cmp_evt_handler) referenced from lto-llvm-267f2d.o(.rodata.app_gap_process_handlers)
 <LI><a href="#[3b]">gapc_connection_req_ind_handler</a> from lto-llvm-267f2d.o(.text.gapc_connection_req_ind_handler) referenced from lto-llvm-267f2d.o(.rodata.app_gap_process_handlers)
 <LI><a href="#[3c]">gapc_disconnect_ind_handler</a> from lto-llvm-267f2d.o(.text.gapc_disconnect_ind_handler) referenced from lto-llvm-267f2d.o(.rodata.app_gap_process_handlers)
 <LI><a href="#[4e]">gapc_encrypt_ind_handler</a> from lto-llvm-267f2d.o(.text.gapc_encrypt_ind_handler) referenced from lto-llvm-267f2d.o(.rodata.app_sec_process_handlers)
 <LI><a href="#[4d]">gapc_encrypt_req_ind_handler</a> from lto-llvm-267f2d.o(.text.gapc_encrypt_req_ind_handler) referenced from lto-llvm-267f2d.o(.rodata.app_sec_process_handlers)
 <LI><a href="#[3d]">gapc_get_dev_info_req_ind_handler</a> from lto-llvm-267f2d.o(.text.gapc_get_dev_info_req_ind_handler) referenced from lto-llvm-267f2d.o(.rodata.app_gap_process_handlers)
 <LI><a href="#[42]">gapc_le_pkt_size_ind_handler_ROM</a> from da14531_symbols.txt(ABSOLUTE) referenced from lto-llvm-267f2d.o(.rodata.app_gap_process_handlers)
 <LI><a href="#[aa]">gapc_lecb_connect_cfm_handler_func</a> from da14531_symbols.txt(ABSOLUTE) referenced from lto-llvm-267f2d.o(.rodata.rom_func_addr_table_var)
 <LI><a href="#[41]">gapc_param_update_req_ind_handler_ROM</a> from da14531_symbols.txt(ABSOLUTE) referenced from lto-llvm-267f2d.o(.rodata.app_gap_process_handlers)
 <LI><a href="#[44]">gapc_peer_features_ind_handler_ROM</a> from da14531_symbols.txt(ABSOLUTE) referenced from lto-llvm-267f2d.o(.rodata.app_gap_process_handlers)
 <LI><a href="#[45]">gapc_security_ind_handler_ROM</a> from da14531_symbols.txt(ABSOLUTE) referenced from lto-llvm-267f2d.o(.rodata.app_gap_process_handlers)
 <LI><a href="#[3e]">gapc_set_dev_info_req_ind_handler_ROM</a> from da14531_symbols.txt(ABSOLUTE) referenced from lto-llvm-267f2d.o(.rodata.app_gap_process_handlers)
 <LI><a href="#[4f]">gapm_addr_solved_ind_handler</a> from lto-llvm-267f2d.o(.text.gapm_addr_solved_ind_handler) referenced from lto-llvm-267f2d.o(.rodata.app_sec_process_handlers)
 <LI><a href="#[40]">gapm_adv_report_ind_handler_ROM</a> from da14531_symbols.txt(ABSOLUTE) referenced from lto-llvm-267f2d.o(.rodata.app_gap_process_handlers)
 <LI><a href="#[39]">gapm_cmp_evt_handler</a> from lto-llvm-267f2d.o(.text.gapm_cmp_evt_handler) referenced from lto-llvm-267f2d.o(.rodata.app_gap_process_handlers)
 <LI><a href="#[38]">gapm_device_ready_ind_handler</a> from lto-llvm-267f2d.o(.text.gapm_device_ready_ind_handler) referenced from lto-llvm-267f2d.o(.rodata.app_gap_process_handlers)
 <LI><a href="#[3f]">gapm_profile_added_ind_handler_ROM</a> from da14531_symbols.txt(ABSOLUTE) referenced from lto-llvm-267f2d.o(.rodata.app_gap_process_handlers)
 <LI><a href="#[51]">gapm_ral_addr_ind_handler</a> from lto-llvm-267f2d.o(.text.gapm_ral_addr_ind_handler) referenced from lto-llvm-267f2d.o(.rodata.app_sec_process_handlers)
 <LI><a href="#[50]">gapm_ral_size_ind_handler</a> from lto-llvm-267f2d.o(.text.gapm_ral_size_ind_handler) referenced from lto-llvm-267f2d.o(.rodata.app_sec_process_handlers)
 <LI><a href="#[55]">gattc_att_info_req_ind_handler</a> from da14531_symbols.txt(ABSOLUTE) referenced from lto-llvm-267f2d.o(.rodata.custs1_default_state)
 <LI><a href="#[60]">gattc_att_info_req_ind_handler.112</a> from lto-llvm-267f2d.o(.text.gattc_att_info_req_ind_handler.112) referenced from lto-llvm-267f2d.o(.rodata.hogpd_default_state)
 <LI><a href="#[56]">gattc_cmp_evt_handler</a> from da14531_symbols.txt(ABSOLUTE) referenced from lto-llvm-267f2d.o(.rodata.custs1_default_state)
 <LI><a href="#[63]">gattc_cmp_evt_handler.115</a> from lto-llvm-267f2d.o(.text.gattc_cmp_evt_handler.115) referenced from lto-llvm-267f2d.o(.rodata.hogpd_default_state)
 <LI><a href="#[53]">gattc_read_req_ind_handler</a> from da14531_symbols.txt(ABSOLUTE) referenced from lto-llvm-267f2d.o(.rodata.custs1_default_state)
 <LI><a href="#[62]">gattc_read_req_ind_handler.114</a> from lto-llvm-267f2d.o(.text.gattc_read_req_ind_handler.114) referenced from lto-llvm-267f2d.o(.rodata.hogpd_default_state)
 <LI><a href="#[43]">gattc_svc_changed_cfg_ind_handler_ROM</a> from da14531_symbols.txt(ABSOLUTE) referenced from lto-llvm-267f2d.o(.rodata.app_gap_process_handlers)
 <LI><a href="#[54]">gattc_write_req_ind_handler</a> from lto-llvm-267f2d.o(.text.gattc_write_req_ind_handler) referenced from lto-llvm-267f2d.o(.rodata.custs1_default_state)
 <LI><a href="#[61]">gattc_write_req_ind_handler.113</a> from lto-llvm-267f2d.o(.text.gattc_write_req_ind_handler.113) referenced from lto-llvm-267f2d.o(.rodata.hogpd_default_state)
 <LI><a href="#[7c]">gtl_eif_init_func</a> from da14531_symbols.txt(ABSOLUTE) referenced from lto-llvm-267f2d.o(.rodata.rom_func_addr_table_var)
 <LI><a href="#[7e]">gtl_eif_read_hdr_func</a> from da14531_symbols.txt(ABSOLUTE) referenced from lto-llvm-267f2d.o(.rodata.rom_func_addr_table_var)
 <LI><a href="#[7f]">gtl_eif_read_payl_func</a> from da14531_symbols.txt(ABSOLUTE) referenced from lto-llvm-267f2d.o(.rodata.rom_func_addr_table_var)
 <LI><a href="#[7d]">gtl_eif_read_start_func</a> from da14531_symbols.txt(ABSOLUTE) referenced from lto-llvm-267f2d.o(.rodata.rom_func_addr_table_var)
 <LI><a href="#[81]">gtl_eif_rx_done_func</a> from da14531_symbols.txt(ABSOLUTE) referenced from lto-llvm-267f2d.o(.rodata.rom_func_addr_table_var)
 <LI><a href="#[80]">gtl_eif_tx_done_func</a> from da14531_symbols.txt(ABSOLUTE) referenced from lto-llvm-267f2d.o(.rodata.rom_func_addr_table_var)
 <LI><a href="#[7b]">gtl_init_func</a> from da14531_symbols.txt(ABSOLUTE) referenced from lto-llvm-267f2d.o(.rodata.rom_func_addr_table_var)
 <LI><a href="#[82]">h4tl_init_func</a> from da14531_symbols.txt(ABSOLUTE) referenced from lto-llvm-267f2d.o(.rodata.rom_func_addr_table_var)
 <LI><a href="#[87]">h4tl_out_of_sync_func</a> from da14531_symbols.txt(ABSOLUTE) referenced from lto-llvm-267f2d.o(.rodata.rom_func_addr_table_var)
 <LI><a href="#[84]">h4tl_read_hdr_func</a> from da14531_symbols.txt(ABSOLUTE) referenced from lto-llvm-267f2d.o(.rodata.rom_func_addr_table_var)
 <LI><a href="#[86]">h4tl_read_next_out_of_sync_func</a> from da14531_symbols.txt(ABSOLUTE) referenced from lto-llvm-267f2d.o(.rodata.rom_func_addr_table_var)
 <LI><a href="#[85]">h4tl_read_payl_func</a> from da14531_symbols.txt(ABSOLUTE) referenced from lto-llvm-267f2d.o(.rodata.rom_func_addr_table_var)
 <LI><a href="#[83]">h4tl_read_start_func</a> from da14531_symbols.txt(ABSOLUTE) referenced from lto-llvm-267f2d.o(.rodata.rom_func_addr_table_var)
 <LI><a href="#[89]">h4tl_rx_done_func</a> from da14531_symbols.txt(ABSOLUTE) referenced from lto-llvm-267f2d.o(.rodata.rom_func_addr_table_var)
 <LI><a href="#[88]">h4tl_tx_done_func</a> from da14531_symbols.txt(ABSOLUTE) referenced from lto-llvm-267f2d.o(.rodata.rom_func_addr_table_var)
 <LI><a href="#[a4]">hci_rd_local_supp_feats_cmd_handler_func</a> from da14531_symbols.txt(ABSOLUTE) referenced from lto-llvm-267f2d.o(.rodata.rom_func_addr_table_var)
 <LI><a href="#[67]">hogpd_cleanup</a> from lto-llvm-267f2d.o(.text.hogpd_cleanup) referenced from lto-llvm-267f2d.o(.rodata.hogpd_itf)
 <LI><a href="#[66]">hogpd_create</a> from lto-llvm-267f2d.o(.text.hogpd_create) referenced from lto-llvm-267f2d.o(.rodata.hogpd_itf)
 <LI><a href="#[65]">hogpd_destroy</a> from lto-llvm-267f2d.o(.text.hogpd_destroy) referenced from lto-llvm-267f2d.o(.rodata.hogpd_itf)
 <LI><a href="#[5c]">hogpd_enable_req_handler</a> from lto-llvm-267f2d.o(.text.hogpd_enable_req_handler) referenced from lto-llvm-267f2d.o(.rodata.hogpd_default_state)
 <LI><a href="#[64]">hogpd_init</a> from lto-llvm-267f2d.o(.text.hogpd_init) referenced from lto-llvm-267f2d.o(.rodata.hogpd_itf)
 <LI><a href="#[6c]">hogpd_prf_itf_get</a> from lto-llvm-267f2d.o(.text.hogpd_prf_itf_get) referenced from lto-llvm-267f2d.o(.rodata.prf_if)
 <LI><a href="#[5f]">hogpd_proto_mode_cfm_handler</a> from lto-llvm-267f2d.o(.text.hogpd_proto_mode_cfm_handler) referenced from lto-llvm-267f2d.o(.rodata.hogpd_default_state)
 <LI><a href="#[5e]">hogpd_report_cfm_handler</a> from lto-llvm-267f2d.o(.text.hogpd_report_cfm_handler) referenced from lto-llvm-267f2d.o(.rodata.hogpd_default_state)
 <LI><a href="#[5d]">hogpd_report_upd_req_handler</a> from lto-llvm-267f2d.o(.text.hogpd_report_upd_req_handler) referenced from lto-llvm-267f2d.o(.rodata.hogpd_default_state)
 <LI><a href="#[8a]">ke_task_init_func</a> from da14531_symbols.txt(ABSOLUTE) referenced from lto-llvm-267f2d.o(.rodata.rom_func_addr_table_var)
 <LI><a href="#[8b]">ke_timer_init_func</a> from da14531_symbols.txt(ABSOLUTE) referenced from lto-llvm-267f2d.o(.rodata.rom_func_addr_table_var)
 <LI><a href="#[a8]">l2c_process_sdu_func</a> from da14531_symbols.txt(ABSOLUTE) referenced from lto-llvm-267f2d.o(.rodata.rom_func_addr_table_var)
 <LI><a href="#[a7]">l2c_send_lecb_message_func</a> from da14531_symbols.txt(ABSOLUTE) referenced from lto-llvm-267f2d.o(.rodata.rom_func_addr_table_var)
 <LI><a href="#[a5]">l2cc_pdu_pack_func</a> from da14531_symbols.txt(ABSOLUTE) referenced from lto-llvm-267f2d.o(.rodata.rom_func_addr_table_var)
 <LI><a href="#[b4]">llc_le_length_conn_init_func</a> from da14531_symbols.txt(ABSOLUTE) referenced from lto-llvm-267f2d.o(.rodata.rom_func_addr_table_var)
 <LI><a href="#[b3]">llc_le_length_effective_func</a> from da14531_symbols.txt(ABSOLUTE) referenced from lto-llvm-267f2d.o(.rodata.rom_func_addr_table_var)
 <LI><a href="#[b7]">llc_pdu_send_func</a> from da14531_symbols.txt(ABSOLUTE) referenced from lto-llvm-267f2d.o(.rodata.rom_func_addr_table_var)
 <LI><a href="#[b6]">lld_data_tx_check_func</a> from da14531_symbols.txt(ABSOLUTE) referenced from lto-llvm-267f2d.o(.rodata.rom_func_addr_table_var)
 <LI><a href="#[b5]">lld_data_tx_prog_func</a> from da14531_symbols.txt(ABSOLUTE) referenced from lto-llvm-267f2d.o(.rodata.rom_func_addr_table_var)
 <LI><a href="#[93]">lld_sleep_compensate_func</a> from lto-llvm-267f2d.o(.text.lld_sleep_compensate_func) referenced from lto-llvm-267f2d.o(.rodata.rom_func_addr_table_var)
 <LI><a href="#[94]">lld_sleep_init_func</a> from lto-llvm-267f2d.o(.text.lld_sleep_init_func) referenced from lto-llvm-267f2d.o(.rodata.rom_func_addr_table_var)
 <LI><a href="#[96]">lld_sleep_lpcycles_2_us_sel_func</a> from lto-llvm-267f2d.o(.text.lld_sleep_lpcycles_2_us_sel_func) referenced from lto-llvm-267f2d.o(.rodata.rom_func_addr_table_var)
 <LI><a href="#[95]">lld_sleep_us_2_lpcycles_sel_func</a> from lto-llvm-267f2d.o(.text.lld_sleep_us_2_lpcycles_sel_func) referenced from lto-llvm-267f2d.o(.rodata.rom_func_addr_table_var)
 <LI><a href="#[98]">lld_test_mode_tx_func</a> from da14531_symbols.txt(ABSOLUTE) referenced from lto-llvm-267f2d.o(.rodata.rom_func_addr_table_var)
 <LI><a href="#[97]">lld_test_stop_func</a> from da14531_symbols.txt(ABSOLUTE) referenced from lto-llvm-267f2d.o(.rodata.rom_func_addr_table_var)
 <LI><a href="#[34]">llm_con_req_ind</a> from da14531_symbols.txt(ABSOLUTE) referenced from patch.o(.constdata)
 <LI><a href="#[b1]">llm_create_p256_key_func</a> from da14531_symbols.txt(ABSOLUTE) referenced from lto-llvm-267f2d.o(.rodata.rom_func_addr_table_var)
 <LI><a href="#[8c]">llm_encryption_done_func</a> from da14531_symbols.txt(ABSOLUTE) referenced from lto-llvm-267f2d.o(.rodata.rom_func_addr_table_var)
 <LI><a href="#[ae]">llm_le_adv_report_ind_func</a> from da14531_symbols.txt(ABSOLUTE) referenced from lto-llvm-267f2d.o(.rodata.rom_func_addr_table_var)
 <LI><a href="#[b2]">llm_p256_req_handler_func</a> from da14531_symbols.txt(ABSOLUTE) referenced from lto-llvm-267f2d.o(.rodata.rom_func_addr_table_var)
 <LI><a href="#[b0]">llm_p256_start_func</a> from da14531_symbols.txt(ABSOLUTE) referenced from lto-llvm-267f2d.o(.rodata.rom_func_addr_table_var)
 <LI><a href="#[8f]">nvds_del_func</a> from da14531_symbols.txt(ABSOLUTE) referenced from lto-llvm-267f2d.o(.rodata.rom_func_addr_table_var)
 <LI><a href="#[8d]">nvds_get_func</a> from da14531_symbols.txt(ABSOLUTE) referenced from lto-llvm-267f2d.o(.rodata.rom_func_addr_table_var)
 <LI><a href="#[90]">nvds_init_func</a> from da14531_symbols.txt(ABSOLUTE) referenced from lto-llvm-267f2d.o(.rodata.rom_func_addr_table_var)
 <LI><a href="#[8e]">nvds_put_func</a> from da14531_symbols.txt(ABSOLUTE) referenced from lto-llvm-267f2d.o(.rodata.rom_func_addr_table_var)
 <LI><a href="#[2f]">param_update_request_timer_cb</a> from lto-llvm-267f2d.o(.text.param_update_request_timer_cb) referenced from lto-llvm-267f2d.o(.text.user_app_connection)
 <LI><a href="#[92]">platform_reset_func</a> from lto-llvm-267f2d.o(.text.platform_reset_func) referenced from lto-llvm-267f2d.o(.rodata.rom_func_addr_table_var)
 <LI><a href="#[9d]">prf_add_profile_func</a> from da14531_symbols.txt(ABSOLUTE) referenced from lto-llvm-267f2d.o(.rodata.rom_func_addr_table_var)
 <LI><a href="#[9f]">prf_cleanup_func</a> from da14531_symbols.txt(ABSOLUTE) referenced from lto-llvm-267f2d.o(.rodata.rom_func_addr_table_var)
 <LI><a href="#[9e]">prf_create_func</a> from lto-llvm-267f2d.o(.text.prf_create_func) referenced from lto-llvm-267f2d.o(.rodata.rom_func_addr_table_var)
 <LI><a href="#[a0]">prf_get_id_from_task_func</a> from da14531_symbols.txt(ABSOLUTE) referenced from lto-llvm-267f2d.o(.rodata.rom_func_addr_table_var)
 <LI><a href="#[a1]">prf_get_task_from_id_func</a> from da14531_symbols.txt(ABSOLUTE) referenced from lto-llvm-267f2d.o(.rodata.rom_func_addr_table_var)
 <LI><a href="#[9c]">prf_init_func</a> from lto-llvm-267f2d.o(.text.prf_init_func) referenced from lto-llvm-267f2d.o(.rodata.rom_func_addr_table_var)
 <LI><a href="#[2e]">rf_force_agc_enable</a> from lto-llvm-267f2d.o(.text.rf_force_agc_enable) referenced from lto-llvm-267f2d.o(.text.rf_init_func)
 <LI><a href="#[72]">rf_init_func</a> from lto-llvm-267f2d.o(.text.rf_init_func) referenced from lto-llvm-267f2d.o(.rodata.rom_func_addr_table_var)
 <LI><a href="#[28]">rf_reg_rd</a> from lto-llvm-267f2d.o(.text.rf_reg_rd) referenced from lto-llvm-267f2d.o(.text.rf_init_func)
 <LI><a href="#[27]">rf_reg_wr</a> from lto-llvm-267f2d.o(.text.rf_reg_wr) referenced from lto-llvm-267f2d.o(.text.rf_init_func)
 <LI><a href="#[73]">rf_reinit_func</a> from lto-llvm-267f2d.o(.text.rf_reinit_func) referenced from lto-llvm-267f2d.o(.rodata.rom_func_addr_table_var)
 <LI><a href="#[2c]">rf_reset</a> from lto-llvm-267f2d.o(.text.rf_reset) referenced from lto-llvm-267f2d.o(.text.rf_init_func)
 <LI><a href="#[2d]">rf_rssi_convert</a> from lto-llvm-267f2d.o(.text.rf_rssi_convert) referenced from lto-llvm-267f2d.o(.text.rf_init_func)
 <LI><a href="#[2a]">rf_sleep</a> from lto-llvm-267f2d.o(.text.rf_sleep) referenced from lto-llvm-267f2d.o(.text.rf_init_func)
 <LI><a href="#[29]">rf_txpwr_dbm_get</a> from lto-llvm-267f2d.o(.text.rf_txpwr_dbm_get) referenced from lto-llvm-267f2d.o(.text.rf_init_func)
 <LI><a href="#[7]">rwble_isr</a> from lto-llvm-267f2d.o(.text.rwble_isr) referenced from startup_da14531.o(RESET)
 <LI><a href="#[91]">rwip_eif_get_func</a> from da14531_symbols.txt(ABSOLUTE) referenced from lto-llvm-267f2d.o(.rodata.rom_func_addr_table_var)
 <LI><a href="#[9a]">smpc_check_param_func</a> from da14531_symbols.txt(ABSOLUTE) referenced from lto-llvm-267f2d.o(.rodata.rom_func_addr_table_var)
 <LI><a href="#[bc]">smpc_dhkey_calc_ind_func</a> from da14531_symbols.txt(ABSOLUTE) referenced from lto-llvm-267f2d.o(.rodata.rom_func_addr_table_var)
 <LI><a href="#[9b]">smpc_pdu_recv_func</a> from da14531_symbols.txt(ABSOLUTE) referenced from lto-llvm-267f2d.o(.rodata.rom_func_addr_table_var)
 <LI><a href="#[bb]">smpc_public_key_exchange_start_func</a> from da14531_symbols.txt(ABSOLUTE) referenced from lto-llvm-267f2d.o(.rodata.rom_func_addr_table_var)
 <LI><a href="#[35]">smpc_recv_pair_rand_pdu</a> from da14531_symbols.txt(ABSOLUTE) referenced from patch.o(.constdata)
 <LI><a href="#[36]">smpc_recv_public_key_exchange_pdu</a> from da14531_symbols.txt(ABSOLUTE) referenced from patch.o(.constdata)
 <LI><a href="#[bd]">smpm_ecdh_key_create_empty_func</a> from lto-llvm-267f2d.o(.text.smpm_ecdh_key_create_empty_func) referenced from lto-llvm-267f2d.o(.rodata.rom_func_addr_table_var)
 <LI><a href="#[24]">spi_access</a> from lto-llvm-267f2d.o(.text.spi_access) referenced from lto-llvm-267f2d.o(.text.bond_db_spi_flash_init)
 <LI><a href="#[23]">timer_canceled_handler</a> from lto-llvm-267f2d.o(.text.timer_canceled_handler) referenced from lto-llvm-267f2d.o(.text.app_timer_api_process_handler)
 <LI><a href="#[23]">timer_canceled_handler</a> from lto-llvm-267f2d.o(.text.timer_canceled_handler) referenced from lto-llvm-267f2d.o(.text.user_app_disconnect)
 <LI><a href="#[22]">timer_modified_handler</a> from lto-llvm-267f2d.o(.text.timer_modified_handler) referenced from lto-llvm-267f2d.o(.text.app_timer_api_process_handler)
 <LI><a href="#[77]">uart_finish_transfers_func</a> from da14531_symbols.txt(ABSOLUTE) referenced from lto-llvm-267f2d.o(.rodata.rom_func_addr_table_var)
 <LI><a href="#[76]">uart_flow_off_func</a> from da14531_symbols.txt(ABSOLUTE) referenced from lto-llvm-267f2d.o(.rodata.rom_func_addr_table_var)
 <LI><a href="#[75]">uart_flow_on_func</a> from da14531_symbols.txt(ABSOLUTE) referenced from lto-llvm-267f2d.o(.rodata.rom_func_addr_table_var)
 <LI><a href="#[74]">uart_init_func</a> from da14531_symbols.txt(ABSOLUTE) referenced from lto-llvm-267f2d.o(.rodata.rom_func_addr_table_var)
 <LI><a href="#[78]">uart_read_func</a> from da14531_symbols.txt(ABSOLUTE) referenced from lto-llvm-267f2d.o(.rodata.rom_func_addr_table_var)
 <LI><a href="#[25]">uart_rx_callback</a> from lto-llvm-267f2d.o(.text.uart_rx_callback) referenced from lto-llvm-267f2d.o(.text.main)
 <LI><a href="#[79]">uart_write_func</a> from da14531_symbols.txt(ABSOLUTE) referenced from lto-llvm-267f2d.o(.rodata.rom_func_addr_table_var)
 <LI><a href="#[c2]">user_app_adv_undirect_complete</a> from lto-llvm-267f2d.o(.text.user_app_adv_undirect_complete) referenced from lto-llvm-267f2d.o(.rodata.user_app_callbacks)
 <LI><a href="#[bf]">user_app_connection</a> from lto-llvm-267f2d.o(.text.user_app_connection) referenced from lto-llvm-267f2d.o(.rodata.user_app_callbacks)
 <LI><a href="#[c0]">user_app_disconnect</a> from lto-llvm-267f2d.o(.text.user_app_disconnect) referenced from lto-llvm-267f2d.o(.rodata.user_app_callbacks)
 <LI><a href="#[c3]">user_app_on_db_init_complete</a> from lto-llvm-267f2d.o(.text.user_app_on_db_init_complete) referenced from lto-llvm-267f2d.o(.rodata.user_app_callbacks)
 <LI><a href="#[70]">user_catch_rest_hndl</a> from lto-llvm-267f2d.o(.text.user_catch_rest_hndl) referenced from lto-llvm-267f2d.o(.rodata.rom_app_task_cfg)
 <LI><a href="#[30]">user_gamepad_axis_polling_cb</a> from lto-llvm-267f2d.o(.text.user_gamepad_axis_polling_cb) referenced from lto-llvm-267f2d.o(.text.user_gamepad_axis_polling_cb)
</UL>
<P>
<H3>
Global Symbols
</H3>
<P><STRONG><a name="[91]"></a>rwip_eif_get_func</STRONG> (Thumb, 0 bytes, Stack size 0 bytes, da14531_symbols.txt(ABSOLUTE), UNUSED)
<BR>[Address Reference Count : 1]<UL><LI> lto-llvm-267f2d.o(.rodata.rom_func_addr_table_var)
</UL>
<P><STRONG><a name="[15b]"></a>ble_init</STRONG> (Thumb, 0 bytes, Stack size 0 bytes, da14531_symbols.txt(ABSOLUTE))
<BR><BR>[Called By]<UL><LI><a href="#[dc]">&gt;&gt;</a>&nbsp;&nbsp;&nbsp;main
</UL>

<P><STRONG><a name="[16e]"></a>ble_regs_push</STRONG> (Thumb, 0 bytes, Stack size 0 bytes, da14531_symbols.txt(ABSOLUTE))
<BR><BR>[Called By]<UL><LI><a href="#[dc]">&gt;&gt;</a>&nbsp;&nbsp;&nbsp;main
</UL>

<P><STRONG><a name="[114]"></a>ble_regs_pop</STRONG> (Thumb, 0 bytes, Stack size 0 bytes, da14531_symbols.txt(ABSOLUTE))
<BR><BR>[Called By]<UL><LI><a href="#[6]">&gt;&gt;</a>&nbsp;&nbsp;&nbsp;BLE_WAKEUP_LP_Handler
</UL>

<P><STRONG><a name="[180]"></a>rf_reinit</STRONG> (Thumb, 0 bytes, Stack size 0 bytes, da14531_symbols.txt(ABSOLUTE))
<BR><BR>[Called By]<UL><LI><a href="#[7]">&gt;&gt;</a>&nbsp;&nbsp;&nbsp;rwble_isr
</UL>

<P><STRONG><a name="[e9]"></a>smpc_pdu_recv</STRONG> (Thumb, 0 bytes, Stack size 0 bytes, da14531_symbols.txt(ABSOLUTE))
<BR><BR>[Called By]<UL><LI><a href="#[a9]">&gt;&gt;</a>&nbsp;&nbsp;&nbsp;JT_l2cc_pdu_recv_ind_handler_func
</UL>

<P><STRONG><a name="[8]"></a>UART_Handler</STRONG> (Thumb, 0 bytes, Stack size 0 bytes, da14531_symbols.txt(ABSOLUTE), UNUSED)
<BR>[Address Reference Count : 1]<UL><LI> startup_da14531.o(RESET)
</UL>
<P><STRONG><a name="[129]"></a>prf_get_task_from_id</STRONG> (Thumb, 0 bytes, Stack size 0 bytes, da14531_symbols.txt(ABSOLUTE))
<BR><BR>[Called By]<UL><LI><a href="#[d1]">&gt;&gt;</a>&nbsp;&nbsp;&nbsp;app_hogpd_enable
<LI><a href="#[12a]">&gt;&gt;</a>&nbsp;&nbsp;&nbsp;app_hogpd_send_report
</UL>

<P><STRONG><a name="[12c]"></a>dia_rand</STRONG> (Thumb, 0 bytes, Stack size 0 bytes, da14531_symbols.txt(ABSOLUTE))
<BR><BR>[Called By]<UL><LI><a href="#[cd]">&gt;&gt;</a>&nbsp;&nbsp;&nbsp;default_app_on_ltk_exch
<LI><a href="#[c9]">&gt;&gt;</a>&nbsp;&nbsp;&nbsp;default_app_generate_static_random_addr
<LI><a href="#[ba]">&gt;&gt;</a>&nbsp;&nbsp;&nbsp;ba431_get_rand_func
</UL>

<P><STRONG><a name="[15a]"></a>dia_srand</STRONG> (Thumb, 0 bytes, Stack size 0 bytes, da14531_symbols.txt(ABSOLUTE))
<BR><BR>[Called By]<UL><LI><a href="#[dc]">&gt;&gt;</a>&nbsp;&nbsp;&nbsp;main
</UL>

<P><STRONG><a name="[106]"></a>co_buf_rx_free</STRONG> (Thumb, 0 bytes, Stack size 0 bytes, da14531_symbols.txt(ABSOLUTE))
<BR><BR>[Called By]<UL><LI><a href="#[68]">&gt;&gt;</a>&nbsp;&nbsp;&nbsp;PATCHED_llc_data_ind_handler
</UL>

<P><STRONG><a name="[ea]"></a>co_buf_rx_buffer_get</STRONG> (Thumb, 0 bytes, Stack size 0 bytes, da14531_symbols.txt(ABSOLUTE))
<BR><BR>[Called By]<UL><LI><a href="#[31]">&gt;&gt;</a>&nbsp;&nbsp;&nbsp;PATCHED_llm_con_req_ind
</UL>

<P><STRONG><a name="[f0]"></a>co_buf_tx_buffer_get</STRONG> (Thumb, 0 bytes, Stack size 0 bytes, da14531_symbols.txt(ABSOLUTE))
<BR><BR>[Called By]<UL><LI><a href="#[31]">&gt;&gt;</a>&nbsp;&nbsp;&nbsp;PATCHED_llm_con_req_ind
</UL>

<P><STRONG><a name="[b3]"></a>llc_le_length_effective_func</STRONG> (Thumb, 0 bytes, Stack size 0 bytes, da14531_symbols.txt(ABSOLUTE), UNUSED)
<BR>[Address Reference Count : 1]<UL><LI> lto-llvm-267f2d.o(.rodata.rom_func_addr_table_var)
</UL>
<P><STRONG><a name="[b4]"></a>llc_le_length_conn_init_func</STRONG> (Thumb, 0 bytes, Stack size 0 bytes, da14531_symbols.txt(ABSOLUTE), UNUSED)
<BR>[Address Reference Count : 1]<UL><LI> lto-llvm-267f2d.o(.rodata.rom_func_addr_table_var)
</UL>
<P><STRONG><a name="[f1]"></a>llc_le_con_cmp_evt_send</STRONG> (Thumb, 0 bytes, Stack size 0 bytes, da14531_symbols.txt(ABSOLUTE))
<BR><BR>[Called By]<UL><LI><a href="#[31]">&gt;&gt;</a>&nbsp;&nbsp;&nbsp;PATCHED_llm_con_req_ind
</UL>

<P><STRONG><a name="[f9]"></a>llc_start</STRONG> (Thumb, 0 bytes, Stack size 0 bytes, da14531_symbols.txt(ABSOLUTE))
<BR><BR>[Called By]<UL><LI><a href="#[31]">&gt;&gt;</a>&nbsp;&nbsp;&nbsp;PATCHED_llm_con_req_ind
</UL>

<P><STRONG><a name="[108]"></a>llc_common_enc_key_ref_comp_evt_send</STRONG> (Thumb, 0 bytes, Stack size 0 bytes, da14531_symbols.txt(ABSOLUTE))
<BR><BR>[Called By]<UL><LI><a href="#[68]">&gt;&gt;</a>&nbsp;&nbsp;&nbsp;PATCHED_llc_data_ind_handler
</UL>

<P><STRONG><a name="[109]"></a>llc_common_enc_change_evt_send</STRONG> (Thumb, 0 bytes, Stack size 0 bytes, da14531_symbols.txt(ABSOLUTE))
<BR><BR>[Called By]<UL><LI><a href="#[68]">&gt;&gt;</a>&nbsp;&nbsp;&nbsp;PATCHED_llc_data_ind_handler
</UL>

<P><STRONG><a name="[b7]"></a>llc_pdu_send_func</STRONG> (Thumb, 0 bytes, Stack size 0 bytes, da14531_symbols.txt(ABSOLUTE), UNUSED)
<BR>[Address Reference Count : 1]<UL><LI> lto-llvm-267f2d.o(.rodata.rom_func_addr_table_var)
</UL>
<P><STRONG><a name="[10c]"></a>llc_lsto_timer_restart</STRONG> (Thumb, 0 bytes, Stack size 0 bytes, da14531_symbols.txt(ABSOLUTE))
<BR><BR>[Called By]<UL><LI><a href="#[69]">&gt;&gt;</a>&nbsp;&nbsp;&nbsp;PATCHED_lld_data_ind_handler
</UL>

<P><STRONG><a name="[10d]"></a>lld_data_ind_handler</STRONG> (Thumb, 0 bytes, Stack size 0 bytes, da14531_symbols.txt(ABSOLUTE))
<BR><BR>[Called By]<UL><LI><a href="#[69]">&gt;&gt;</a>&nbsp;&nbsp;&nbsp;PATCHED_lld_data_ind_handler
</UL>

<P><STRONG><a name="[eb]"></a>llc_util_get_free_conhdl</STRONG> (Thumb, 0 bytes, Stack size 0 bytes, da14531_symbols.txt(ABSOLUTE))
<BR><BR>[Called By]<UL><LI><a href="#[31]">&gt;&gt;</a>&nbsp;&nbsp;&nbsp;PATCHED_llm_con_req_ind
</UL>

<P><STRONG><a name="[10a]"></a>llc_util_dicon_procedure</STRONG> (Thumb, 0 bytes, Stack size 0 bytes, da14531_symbols.txt(ABSOLUTE))
<BR><BR>[Called By]<UL><LI><a href="#[68]">&gt;&gt;</a>&nbsp;&nbsp;&nbsp;PATCHED_llc_data_ind_handler
</UL>

<P><STRONG><a name="[fa]"></a>llc_util_update_channel_map</STRONG> (Thumb, 0 bytes, Stack size 0 bytes, da14531_symbols.txt(ABSOLUTE))
<BR><BR>[Called By]<UL><LI><a href="#[31]">&gt;&gt;</a>&nbsp;&nbsp;&nbsp;PATCHED_llm_con_req_ind
</UL>

<P><STRONG><a name="[107]"></a>lld_get_mode</STRONG> (Thumb, 0 bytes, Stack size 0 bytes, da14531_symbols.txt(ABSOLUTE))
<BR><BR>[Called By]<UL><LI><a href="#[68]">&gt;&gt;</a>&nbsp;&nbsp;&nbsp;PATCHED_llc_data_ind_handler
</UL>

<P><STRONG><a name="[f8]"></a>lld_move_to_slave</STRONG> (Thumb, 0 bytes, Stack size 0 bytes, da14531_symbols.txt(ABSOLUTE))
<BR><BR>[Called By]<UL><LI><a href="#[31]">&gt;&gt;</a>&nbsp;&nbsp;&nbsp;PATCHED_llm_con_req_ind
</UL>

<P><STRONG><a name="[17e]"></a>lld_crypt_isr</STRONG> (Thumb, 0 bytes, Stack size 0 bytes, da14531_symbols.txt(ABSOLUTE))
<BR><BR>[Called By]<UL><LI><a href="#[7]">&gt;&gt;</a>&nbsp;&nbsp;&nbsp;rwble_isr
</UL>

<P><STRONG><a name="[98]"></a>lld_test_mode_tx_func</STRONG> (Thumb, 0 bytes, Stack size 0 bytes, da14531_symbols.txt(ABSOLUTE), UNUSED)
<BR>[Address Reference Count : 1]<UL><LI> lto-llvm-267f2d.o(.rodata.rom_func_addr_table_var)
</UL>
<P><STRONG><a name="[97]"></a>lld_test_stop_func</STRONG> (Thumb, 0 bytes, Stack size 0 bytes, da14531_symbols.txt(ABSOLUTE), UNUSED)
<BR>[Address Reference Count : 1]<UL><LI> lto-llvm-267f2d.o(.rodata.rom_func_addr_table_var)
</UL>
<P><STRONG><a name="[b6]"></a>lld_data_tx_check_func</STRONG> (Thumb, 0 bytes, Stack size 0 bytes, da14531_symbols.txt(ABSOLUTE), UNUSED)
<BR>[Address Reference Count : 1]<UL><LI> lto-llvm-267f2d.o(.rodata.rom_func_addr_table_var)
</UL>
<P><STRONG><a name="[b5]"></a>lld_data_tx_prog_func</STRONG> (Thumb, 0 bytes, Stack size 0 bytes, da14531_symbols.txt(ABSOLUTE), UNUSED)
<BR>[Address Reference Count : 1]<UL><LI> lto-llvm-267f2d.o(.rodata.rom_func_addr_table_var)
</UL>
<P><STRONG><a name="[f2]"></a>lld_evt_elt_delete</STRONG> (Thumb, 0 bytes, Stack size 0 bytes, da14531_symbols.txt(ABSOLUTE))
<BR><BR>[Called By]<UL><LI><a href="#[31]">&gt;&gt;</a>&nbsp;&nbsp;&nbsp;PATCHED_llm_con_req_ind
</UL>

<P><STRONG><a name="[e4]"></a>lld_evt_elt_insert</STRONG> (Thumb, 0 bytes, Stack size 0 bytes, da14531_symbols.txt(ABSOLUTE))
<BR><BR>[Called By]<UL><LI><a href="#[99]">&gt;&gt;</a>&nbsp;&nbsp;&nbsp;JT_lld_test_mode_rx_func
</UL>

<P><STRONG><a name="[e2]"></a>lld_evt_adv_create</STRONG> (Thumb, 0 bytes, Stack size 0 bytes, da14531_symbols.txt(ABSOLUTE))
<BR><BR>[Called By]<UL><LI><a href="#[99]">&gt;&gt;</a>&nbsp;&nbsp;&nbsp;JT_lld_test_mode_rx_func
</UL>

<P><STRONG><a name="[17d]"></a>lld_evt_timer_isr</STRONG> (Thumb, 0 bytes, Stack size 0 bytes, da14531_symbols.txt(ABSOLUTE))
<BR><BR>[Called By]<UL><LI><a href="#[7]">&gt;&gt;</a>&nbsp;&nbsp;&nbsp;rwble_isr
</UL>

<P><STRONG><a name="[17b]"></a>lld_evt_end_isr</STRONG> (Thumb, 0 bytes, Stack size 0 bytes, da14531_symbols.txt(ABSOLUTE))
<BR><BR>[Called By]<UL><LI><a href="#[7]">&gt;&gt;</a>&nbsp;&nbsp;&nbsp;rwble_isr
</UL>

<P><STRONG><a name="[179]"></a>lld_evt_rx_isr</STRONG> (Thumb, 0 bytes, Stack size 0 bytes, da14531_symbols.txt(ABSOLUTE))
<BR><BR>[Called By]<UL><LI><a href="#[7]">&gt;&gt;</a>&nbsp;&nbsp;&nbsp;rwble_isr
</UL>

<P><STRONG><a name="[16d]"></a>lld_sleep_enter</STRONG> (Thumb, 0 bytes, Stack size 0 bytes, da14531_symbols.txt(ABSOLUTE))
<BR><BR>[Called By]<UL><LI><a href="#[dc]">&gt;&gt;</a>&nbsp;&nbsp;&nbsp;main
</UL>

<P><STRONG><a name="[e3]"></a>lld_util_freq2chnl</STRONG> (Thumb, 0 bytes, Stack size 0 bytes, da14531_symbols.txt(ABSOLUTE))
<BR><BR>[Called By]<UL><LI><a href="#[99]">&gt;&gt;</a>&nbsp;&nbsp;&nbsp;JT_lld_test_mode_rx_func
</UL>

<P><STRONG><a name="[fb]"></a>llm_wl_from_rl_restore</STRONG> (Thumb, 0 bytes, Stack size 0 bytes, da14531_symbols.txt(ABSOLUTE))
<BR><BR>[Called By]<UL><LI><a href="#[31]">&gt;&gt;</a>&nbsp;&nbsp;&nbsp;PATCHED_llm_con_req_ind
</UL>

<P><STRONG><a name="[34]"></a>llm_con_req_ind</STRONG> (Thumb, 0 bytes, Stack size 0 bytes, da14531_symbols.txt(ABSOLUTE), UNUSED)
<BR>[Address Reference Count : 1]<UL><LI> patch.o(.constdata)
</UL>
<P><STRONG><a name="[ae]"></a>llm_le_adv_report_ind_func</STRONG> (Thumb, 0 bytes, Stack size 0 bytes, da14531_symbols.txt(ABSOLUTE), UNUSED)
<BR>[Address Reference Count : 1]<UL><LI> lto-llvm-267f2d.o(.rodata.rom_func_addr_table_var)
</UL>
<P><STRONG><a name="[8c]"></a>llm_encryption_done_func</STRONG> (Thumb, 0 bytes, Stack size 0 bytes, da14531_symbols.txt(ABSOLUTE), UNUSED)
<BR>[Address Reference Count : 1]<UL><LI> lto-llvm-267f2d.o(.rodata.rom_func_addr_table_var)
</UL>
<P><STRONG><a name="[b0]"></a>llm_p256_start_func</STRONG> (Thumb, 0 bytes, Stack size 0 bytes, da14531_symbols.txt(ABSOLUTE), UNUSED)
<BR>[Address Reference Count : 1]<UL><LI> lto-llvm-267f2d.o(.rodata.rom_func_addr_table_var)
</UL>
<P><STRONG><a name="[b1]"></a>llm_create_p256_key_func</STRONG> (Thumb, 0 bytes, Stack size 0 bytes, da14531_symbols.txt(ABSOLUTE), UNUSED)
<BR>[Address Reference Count : 1]<UL><LI> lto-llvm-267f2d.o(.rodata.rom_func_addr_table_var)
</UL>
<P><STRONG><a name="[f4]"></a>llm_wlpub_addr_set</STRONG> (Thumb, 0 bytes, Stack size 0 bytes, da14531_symbols.txt(ABSOLUTE))
<BR><BR>[Called By]<UL><LI><a href="#[31]">&gt;&gt;</a>&nbsp;&nbsp;&nbsp;PATCHED_llm_con_req_ind
</UL>

<P><STRONG><a name="[f5]"></a>llm_wlpriv_addr_set</STRONG> (Thumb, 0 bytes, Stack size 0 bytes, da14531_symbols.txt(ABSOLUTE))
<BR><BR>[Called By]<UL><LI><a href="#[31]">&gt;&gt;</a>&nbsp;&nbsp;&nbsp;PATCHED_llm_con_req_ind
</UL>

<P><STRONG><a name="[b2]"></a>llm_p256_req_handler_func</STRONG> (Thumb, 0 bytes, Stack size 0 bytes, da14531_symbols.txt(ABSOLUTE), UNUSED)
<BR>[Address Reference Count : 1]<UL><LI> lto-llvm-267f2d.o(.rodata.rom_func_addr_table_var)
</UL>
<P><STRONG><a name="[a4]"></a>hci_rd_local_supp_feats_cmd_handler_func</STRONG> (Thumb, 0 bytes, Stack size 0 bytes, da14531_symbols.txt(ABSOLUTE), UNUSED)
<BR>[Address Reference Count : 1]<UL><LI> lto-llvm-267f2d.o(.rodata.rom_func_addr_table_var)
</UL>
<P><STRONG><a name="[f3]"></a>llm_util_bd_addr_in_wl</STRONG> (Thumb, 0 bytes, Stack size 0 bytes, da14531_symbols.txt(ABSOLUTE))
<BR><BR>[Called By]<UL><LI><a href="#[31]">&gt;&gt;</a>&nbsp;&nbsp;&nbsp;PATCHED_llm_con_req_ind
</UL>

<P><STRONG><a name="[f6]"></a>llm_util_bl_check</STRONG> (Thumb, 0 bytes, Stack size 0 bytes, da14531_symbols.txt(ABSOLUTE))
<BR><BR>[Called By]<UL><LI><a href="#[31]">&gt;&gt;</a>&nbsp;&nbsp;&nbsp;PATCHED_llm_con_req_ind
</UL>

<P><STRONG><a name="[f7]"></a>llm_util_bl_add</STRONG> (Thumb, 0 bytes, Stack size 0 bytes, da14531_symbols.txt(ABSOLUTE))
<BR><BR>[Called By]<UL><LI><a href="#[31]">&gt;&gt;</a>&nbsp;&nbsp;&nbsp;PATCHED_llm_con_req_ind
</UL>

<P><STRONG><a name="[ec]"></a>llm_util_rl_check</STRONG> (Thumb, 0 bytes, Stack size 0 bytes, da14531_symbols.txt(ABSOLUTE))
<BR><BR>[Called By]<UL><LI><a href="#[31]">&gt;&gt;</a>&nbsp;&nbsp;&nbsp;PATCHED_llm_con_req_ind
</UL>

<P><STRONG><a name="[ed]"></a>llm_util_rl_peer_find</STRONG> (Thumb, 0 bytes, Stack size 0 bytes, da14531_symbols.txt(ABSOLUTE))
<BR><BR>[Called By]<UL><LI><a href="#[31]">&gt;&gt;</a>&nbsp;&nbsp;&nbsp;PATCHED_llm_con_req_ind
</UL>

<P><STRONG><a name="[ef]"></a>llm_util_rl_peer_resolv</STRONG> (Thumb, 0 bytes, Stack size 0 bytes, da14531_symbols.txt(ABSOLUTE))
<BR><BR>[Called By]<UL><LI><a href="#[31]">&gt;&gt;</a>&nbsp;&nbsp;&nbsp;PATCHED_llm_con_req_ind
</UL>

<P><STRONG><a name="[af]"></a>PK_PointMult_func</STRONG> (Thumb, 0 bytes, Stack size 0 bytes, da14531_symbols.txt(ABSOLUTE), UNUSED)
<BR>[Address Reference Count : 1]<UL><LI> lto-llvm-267f2d.o(.rodata.rom_func_addr_table_var)
</UL>
<P><STRONG><a name="[178]"></a>ea_finetimer_isr</STRONG> (Thumb, 0 bytes, Stack size 0 bytes, da14531_symbols.txt(ABSOLUTE))
<BR><BR>[Called By]<UL><LI><a href="#[7]">&gt;&gt;</a>&nbsp;&nbsp;&nbsp;rwble_isr
</UL>

<P><STRONG><a name="[17c]"></a>ea_sw_isr</STRONG> (Thumb, 0 bytes, Stack size 0 bytes, da14531_symbols.txt(ABSOLUTE))
<BR><BR>[Called By]<UL><LI><a href="#[7]">&gt;&gt;</a>&nbsp;&nbsp;&nbsp;rwble_isr
</UL>

<P><STRONG><a name="[164]"></a>ea_sleep_check</STRONG> (Thumb, 0 bytes, Stack size 0 bytes, da14531_symbols.txt(ABSOLUTE))
<BR><BR>[Called By]<UL><LI><a href="#[dc]">&gt;&gt;</a>&nbsp;&nbsp;&nbsp;main
</UL>

<P><STRONG><a name="[74]"></a>uart_init_func</STRONG> (Thumb, 0 bytes, Stack size 0 bytes, da14531_symbols.txt(ABSOLUTE), UNUSED)
<BR>[Address Reference Count : 1]<UL><LI> lto-llvm-267f2d.o(.rodata.rom_func_addr_table_var)
</UL>
<P><STRONG><a name="[75]"></a>uart_flow_on_func</STRONG> (Thumb, 0 bytes, Stack size 0 bytes, da14531_symbols.txt(ABSOLUTE), UNUSED)
<BR>[Address Reference Count : 1]<UL><LI> lto-llvm-267f2d.o(.rodata.rom_func_addr_table_var)
</UL>
<P><STRONG><a name="[76]"></a>uart_flow_off_func</STRONG> (Thumb, 0 bytes, Stack size 0 bytes, da14531_symbols.txt(ABSOLUTE), UNUSED)
<BR>[Address Reference Count : 1]<UL><LI> lto-llvm-267f2d.o(.rodata.rom_func_addr_table_var)
</UL>
<P><STRONG><a name="[77]"></a>uart_finish_transfers_func</STRONG> (Thumb, 0 bytes, Stack size 0 bytes, da14531_symbols.txt(ABSOLUTE), UNUSED)
<BR>[Address Reference Count : 1]<UL><LI> lto-llvm-267f2d.o(.rodata.rom_func_addr_table_var)
</UL>
<P><STRONG><a name="[78]"></a>uart_read_func</STRONG> (Thumb, 0 bytes, Stack size 0 bytes, da14531_symbols.txt(ABSOLUTE), UNUSED)
<BR>[Address Reference Count : 1]<UL><LI> lto-llvm-267f2d.o(.rodata.rom_func_addr_table_var)
</UL>
<P><STRONG><a name="[79]"></a>uart_write_func</STRONG> (Thumb, 0 bytes, Stack size 0 bytes, da14531_symbols.txt(ABSOLUTE), UNUSED)
<BR>[Address Reference Count : 1]<UL><LI> lto-llvm-267f2d.o(.rodata.rom_func_addr_table_var)
</UL>
<P><STRONG><a name="[7a]"></a>UART_Handler_func</STRONG> (Thumb, 0 bytes, Stack size 0 bytes, da14531_symbols.txt(ABSOLUTE), UNUSED)
<BR>[Address Reference Count : 1]<UL><LI> lto-llvm-267f2d.o(.rodata.rom_func_addr_table_var)
</UL>
<P><STRONG><a name="[7b]"></a>gtl_init_func</STRONG> (Thumb, 0 bytes, Stack size 0 bytes, da14531_symbols.txt(ABSOLUTE), UNUSED)
<BR>[Address Reference Count : 1]<UL><LI> lto-llvm-267f2d.o(.rodata.rom_func_addr_table_var)
</UL>
<P><STRONG><a name="[7d]"></a>gtl_eif_read_start_func</STRONG> (Thumb, 0 bytes, Stack size 0 bytes, da14531_symbols.txt(ABSOLUTE), UNUSED)
<BR>[Address Reference Count : 1]<UL><LI> lto-llvm-267f2d.o(.rodata.rom_func_addr_table_var)
</UL>
<P><STRONG><a name="[7e]"></a>gtl_eif_read_hdr_func</STRONG> (Thumb, 0 bytes, Stack size 0 bytes, da14531_symbols.txt(ABSOLUTE), UNUSED)
<BR>[Address Reference Count : 1]<UL><LI> lto-llvm-267f2d.o(.rodata.rom_func_addr_table_var)
</UL>
<P><STRONG><a name="[7f]"></a>gtl_eif_read_payl_func</STRONG> (Thumb, 0 bytes, Stack size 0 bytes, da14531_symbols.txt(ABSOLUTE), UNUSED)
<BR>[Address Reference Count : 1]<UL><LI> lto-llvm-267f2d.o(.rodata.rom_func_addr_table_var)
</UL>
<P><STRONG><a name="[80]"></a>gtl_eif_tx_done_func</STRONG> (Thumb, 0 bytes, Stack size 0 bytes, da14531_symbols.txt(ABSOLUTE), UNUSED)
<BR>[Address Reference Count : 1]<UL><LI> lto-llvm-267f2d.o(.rodata.rom_func_addr_table_var)
</UL>
<P><STRONG><a name="[81]"></a>gtl_eif_rx_done_func</STRONG> (Thumb, 0 bytes, Stack size 0 bytes, da14531_symbols.txt(ABSOLUTE), UNUSED)
<BR>[Address Reference Count : 1]<UL><LI> lto-llvm-267f2d.o(.rodata.rom_func_addr_table_var)
</UL>
<P><STRONG><a name="[7c]"></a>gtl_eif_init_func</STRONG> (Thumb, 0 bytes, Stack size 0 bytes, da14531_symbols.txt(ABSOLUTE), UNUSED)
<BR>[Address Reference Count : 1]<UL><LI> lto-llvm-267f2d.o(.rodata.rom_func_addr_table_var)
</UL>
<P><STRONG><a name="[10b]"></a>hci_send_2_host</STRONG> (Thumb, 0 bytes, Stack size 0 bytes, da14531_symbols.txt(ABSOLUTE))
<BR><BR>[Called By]<UL><LI><a href="#[68]">&gt;&gt;</a>&nbsp;&nbsp;&nbsp;PATCHED_llc_data_ind_handler
</UL>

<P><STRONG><a name="[83]"></a>h4tl_read_start_func</STRONG> (Thumb, 0 bytes, Stack size 0 bytes, da14531_symbols.txt(ABSOLUTE), UNUSED)
<BR>[Address Reference Count : 1]<UL><LI> lto-llvm-267f2d.o(.rodata.rom_func_addr_table_var)
</UL>
<P><STRONG><a name="[84]"></a>h4tl_read_hdr_func</STRONG> (Thumb, 0 bytes, Stack size 0 bytes, da14531_symbols.txt(ABSOLUTE), UNUSED)
<BR>[Address Reference Count : 1]<UL><LI> lto-llvm-267f2d.o(.rodata.rom_func_addr_table_var)
</UL>
<P><STRONG><a name="[85]"></a>h4tl_read_payl_func</STRONG> (Thumb, 0 bytes, Stack size 0 bytes, da14531_symbols.txt(ABSOLUTE), UNUSED)
<BR>[Address Reference Count : 1]<UL><LI> lto-llvm-267f2d.o(.rodata.rom_func_addr_table_var)
</UL>
<P><STRONG><a name="[86]"></a>h4tl_read_next_out_of_sync_func</STRONG> (Thumb, 0 bytes, Stack size 0 bytes, da14531_symbols.txt(ABSOLUTE), UNUSED)
<BR>[Address Reference Count : 1]<UL><LI> lto-llvm-267f2d.o(.rodata.rom_func_addr_table_var)
</UL>
<P><STRONG><a name="[87]"></a>h4tl_out_of_sync_func</STRONG> (Thumb, 0 bytes, Stack size 0 bytes, da14531_symbols.txt(ABSOLUTE), UNUSED)
<BR>[Address Reference Count : 1]<UL><LI> lto-llvm-267f2d.o(.rodata.rom_func_addr_table_var)
</UL>
<P><STRONG><a name="[88]"></a>h4tl_tx_done_func</STRONG> (Thumb, 0 bytes, Stack size 0 bytes, da14531_symbols.txt(ABSOLUTE), UNUSED)
<BR>[Address Reference Count : 1]<UL><LI> lto-llvm-267f2d.o(.rodata.rom_func_addr_table_var)
</UL>
<P><STRONG><a name="[89]"></a>h4tl_rx_done_func</STRONG> (Thumb, 0 bytes, Stack size 0 bytes, da14531_symbols.txt(ABSOLUTE), UNUSED)
<BR>[Address Reference Count : 1]<UL><LI> lto-llvm-267f2d.o(.rodata.rom_func_addr_table_var)
</UL>
<P><STRONG><a name="[82]"></a>h4tl_init_func</STRONG> (Thumb, 0 bytes, Stack size 0 bytes, da14531_symbols.txt(ABSOLUTE), UNUSED)
<BR>[Address Reference Count : 1]<UL><LI> lto-llvm-267f2d.o(.rodata.rom_func_addr_table_var)
</UL>
<P><STRONG><a name="[ac]"></a>attc_l2cc_pdu_recv_handler_func</STRONG> (Thumb, 0 bytes, Stack size 0 bytes, da14531_symbols.txt(ABSOLUTE), UNUSED)
<BR>[Address Reference Count : 1]<UL><LI> lto-llvm-267f2d.o(.rodata.rom_func_addr_table_var)
</UL>
<P><STRONG><a name="[146]"></a>attmdb_get_attribute</STRONG> (Thumb, 0 bytes, Stack size 0 bytes, da14531_symbols.txt(ABSOLUTE))
<BR><BR>[Called By]<UL><LI><a href="#[54]">&gt;&gt;</a>&nbsp;&nbsp;&nbsp;gattc_write_req_ind_handler
</UL>

<P><STRONG><a name="[147]"></a>attmdb_att_set_value</STRONG> (Thumb, 0 bytes, Stack size 0 bytes, da14531_symbols.txt(ABSOLUTE))
<BR><BR>[Called By]<UL><LI><a href="#[64]">&gt;&gt;</a>&nbsp;&nbsp;&nbsp;hogpd_init
<LI><a href="#[54]">&gt;&gt;</a>&nbsp;&nbsp;&nbsp;gattc_write_req_ind_handler
</UL>

<P><STRONG><a name="[143]"></a>attmdb_att_get_permission</STRONG> (Thumb, 0 bytes, Stack size 0 bytes, da14531_symbols.txt(ABSOLUTE))
<BR><BR>[Called By]<UL><LI><a href="#[54]">&gt;&gt;</a>&nbsp;&nbsp;&nbsp;gattc_write_req_ind_handler
</UL>

<P><STRONG><a name="[14d]"></a>attm_svc_create_db</STRONG> (Thumb, 0 bytes, Stack size 0 bytes, da14531_symbols.txt(ABSOLUTE))
<BR><BR>[Called By]<UL><LI><a href="#[64]">&gt;&gt;</a>&nbsp;&nbsp;&nbsp;hogpd_init
</UL>

<P><STRONG><a name="[14c]"></a>attmdb_reserve_handle_range</STRONG> (Thumb, 0 bytes, Stack size 0 bytes, da14531_symbols.txt(ABSOLUTE))
<BR><BR>[Called By]<UL><LI><a href="#[64]">&gt;&gt;</a>&nbsp;&nbsp;&nbsp;hogpd_init
</UL>

<P><STRONG><a name="[ab]"></a>atts_l2cc_pdu_recv_handler_func</STRONG> (Thumb, 0 bytes, Stack size 0 bytes, da14531_symbols.txt(ABSOLUTE), UNUSED)
<BR>[Address Reference Count : 1]<UL><LI> lto-llvm-267f2d.o(.rodata.rom_func_addr_table_var)
</UL>
<P><STRONG><a name="[100]"></a>smpc_generate_e1</STRONG> (Thumb, 0 bytes, Stack size 0 bytes, da14531_symbols.txt(ABSOLUTE))
<BR><BR>[Called By]<UL><LI><a href="#[32]">&gt;&gt;</a>&nbsp;&nbsp;&nbsp;PATCHED_smpc_recv_pair_rand_pdu
</UL>

<P><STRONG><a name="[102]"></a>smpc_pairing_end</STRONG> (Thumb, 0 bytes, Stack size 0 bytes, da14531_symbols.txt(ABSOLUTE))
<BR><BR>[Called By]<UL><LI><a href="#[33]">&gt;&gt;</a>&nbsp;&nbsp;&nbsp;PATCHED_smpc_recv_public_key_exchange_pdu
<LI><a href="#[32]">&gt;&gt;</a>&nbsp;&nbsp;&nbsp;PATCHED_smpc_recv_pair_rand_pdu
</UL>

<P><STRONG><a name="[101]"></a>smpc_pdu_send</STRONG> (Thumb, 0 bytes, Stack size 0 bytes, da14531_symbols.txt(ABSOLUTE))
<BR><BR>[Called By]<UL><LI><a href="#[33]">&gt;&gt;</a>&nbsp;&nbsp;&nbsp;PATCHED_smpc_recv_public_key_exchange_pdu
<LI><a href="#[32]">&gt;&gt;</a>&nbsp;&nbsp;&nbsp;PATCHED_smpc_recv_pair_rand_pdu
</UL>

<P><STRONG><a name="[9b]"></a>smpc_pdu_recv_func</STRONG> (Thumb, 0 bytes, Stack size 0 bytes, da14531_symbols.txt(ABSOLUTE), UNUSED)
<BR>[Address Reference Count : 1]<UL><LI> lto-llvm-267f2d.o(.rodata.rom_func_addr_table_var)
</UL>
<P><STRONG><a name="[fe]"></a>smpc_generate_f4</STRONG> (Thumb, 0 bytes, Stack size 0 bytes, da14531_symbols.txt(ABSOLUTE))
<BR><BR>[Called By]<UL><LI><a href="#[32]">&gt;&gt;</a>&nbsp;&nbsp;&nbsp;PATCHED_smpc_recv_pair_rand_pdu
</UL>

<P><STRONG><a name="[103]"></a>smpc_generate_g2</STRONG> (Thumb, 0 bytes, Stack size 0 bytes, da14531_symbols.txt(ABSOLUTE))
<BR><BR>[Called By]<UL><LI><a href="#[32]">&gt;&gt;</a>&nbsp;&nbsp;&nbsp;PATCHED_smpc_recv_pair_rand_pdu
</UL>

<P><STRONG><a name="[104]"></a>smpc_generate_f5</STRONG> (Thumb, 0 bytes, Stack size 0 bytes, da14531_symbols.txt(ABSOLUTE))
<BR><BR>[Called By]<UL><LI><a href="#[32]">&gt;&gt;</a>&nbsp;&nbsp;&nbsp;PATCHED_smpc_recv_pair_rand_pdu
</UL>

<P><STRONG><a name="[14a]"></a>gapc_get_conhdl</STRONG> (Thumb, 0 bytes, Stack size 0 bytes, da14531_symbols.txt(ABSOLUTE))
<BR><BR>[Called By]<UL><LI><a href="#[5d]">&gt;&gt;</a>&nbsp;&nbsp;&nbsp;hogpd_report_upd_req_handler
<LI><a href="#[5c]">&gt;&gt;</a>&nbsp;&nbsp;&nbsp;hogpd_enable_req_handler
</UL>

<P><STRONG><a name="[ff]"></a>gapc_get_role</STRONG> (Thumb, 0 bytes, Stack size 0 bytes, da14531_symbols.txt(ABSOLUTE))
<BR><BR>[Called By]<UL><LI><a href="#[33]">&gt;&gt;</a>&nbsp;&nbsp;&nbsp;PATCHED_smpc_recv_public_key_exchange_pdu
<LI><a href="#[32]">&gt;&gt;</a>&nbsp;&nbsp;&nbsp;PATCHED_smpc_recv_pair_rand_pdu
</UL>

<P><STRONG><a name="[e5]"></a>gapc_lecnx_check_rx</STRONG> (Thumb, 0 bytes, Stack size 0 bytes, da14531_symbols.txt(ABSOLUTE))
<BR><BR>[Called By]<UL><LI><a href="#[a6]">&gt;&gt;</a>&nbsp;&nbsp;&nbsp;JT_l2cc_pdu_unpack_func
</UL>

<P><STRONG><a name="[e8]"></a>l2cc_pdu_recv_ind_handler_func</STRONG> (Thumb, 0 bytes, Stack size 0 bytes, da14531_symbols.txt(ABSOLUTE))
<BR><BR>[Called By]<UL><LI><a href="#[a9]">&gt;&gt;</a>&nbsp;&nbsp;&nbsp;JT_l2cc_pdu_recv_ind_handler_func
</UL>

<P><STRONG><a name="[aa]"></a>gapc_lecb_connect_cfm_handler_func</STRONG> (Thumb, 0 bytes, Stack size 0 bytes, da14531_symbols.txt(ABSOLUTE), UNUSED)
<BR>[Address Reference Count : 1]<UL><LI> lto-llvm-267f2d.o(.rodata.rom_func_addr_table_var)
</UL>
<P><STRONG><a name="[a5]"></a>l2cc_pdu_pack_func</STRONG> (Thumb, 0 bytes, Stack size 0 bytes, da14531_symbols.txt(ABSOLUTE), UNUSED)
<BR>[Address Reference Count : 1]<UL><LI> lto-llvm-267f2d.o(.rodata.rom_func_addr_table_var)
</UL>
<P><STRONG><a name="[a8]"></a>l2c_process_sdu_func</STRONG> (Thumb, 0 bytes, Stack size 0 bytes, da14531_symbols.txt(ABSOLUTE), UNUSED)
<BR>[Address Reference Count : 1]<UL><LI> lto-llvm-267f2d.o(.rodata.rom_func_addr_table_var)
</UL>
<P><STRONG><a name="[a7]"></a>l2c_send_lecb_message_func</STRONG> (Thumb, 0 bytes, Stack size 0 bytes, da14531_symbols.txt(ABSOLUTE), UNUSED)
<BR>[Address Reference Count : 1]<UL><LI> lto-llvm-267f2d.o(.rodata.rom_func_addr_table_var)
</UL>
<P><STRONG><a name="[9a]"></a>smpc_check_param_func</STRONG> (Thumb, 0 bytes, Stack size 0 bytes, da14531_symbols.txt(ABSOLUTE), UNUSED)
<BR>[Address Reference Count : 1]<UL><LI> lto-llvm-267f2d.o(.rodata.rom_func_addr_table_var)
</UL>
<P><STRONG><a name="[35]"></a>smpc_recv_pair_rand_pdu</STRONG> (Thumb, 0 bytes, Stack size 0 bytes, da14531_symbols.txt(ABSOLUTE), UNUSED)
<BR>[Address Reference Count : 1]<UL><LI> patch.o(.constdata)
</UL>
<P><STRONG><a name="[36]"></a>smpc_recv_public_key_exchange_pdu</STRONG> (Thumb, 0 bytes, Stack size 0 bytes, da14531_symbols.txt(ABSOLUTE), UNUSED)
<BR>[Address Reference Count : 1]<UL><LI> patch.o(.constdata)
</UL>
<P><STRONG><a name="[bb]"></a>smpc_public_key_exchange_start_func</STRONG> (Thumb, 0 bytes, Stack size 0 bytes, da14531_symbols.txt(ABSOLUTE), UNUSED)
<BR>[Address Reference Count : 1]<UL><LI> lto-llvm-267f2d.o(.rodata.rom_func_addr_table_var)
</UL>
<P><STRONG><a name="[105]"></a>smpc_dhkey_calc_start</STRONG> (Thumb, 0 bytes, Stack size 0 bytes, da14531_symbols.txt(ABSOLUTE))
<BR><BR>[Called By]<UL><LI><a href="#[33]">&gt;&gt;</a>&nbsp;&nbsp;&nbsp;PATCHED_smpc_recv_public_key_exchange_pdu
</UL>

<P><STRONG><a name="[bc]"></a>smpc_dhkey_calc_ind_func</STRONG> (Thumb, 0 bytes, Stack size 0 bytes, da14531_symbols.txt(ABSOLUTE), UNUSED)
<BR>[Address Reference Count : 1]<UL><LI> lto-llvm-267f2d.o(.rodata.rom_func_addr_table_var)
</UL>
<P><STRONG><a name="[16b]"></a>ke_sleep_check</STRONG> (Thumb, 0 bytes, Stack size 0 bytes, da14531_symbols.txt(ABSOLUTE))
<BR><BR>[Called By]<UL><LI><a href="#[dc]">&gt;&gt;</a>&nbsp;&nbsp;&nbsp;main
</UL>

<P><STRONG><a name="[14b]"></a>ke_malloc</STRONG> (Thumb, 0 bytes, Stack size 0 bytes, da14531_symbols.txt(ABSOLUTE))
<BR><BR>[Called By]<UL><LI><a href="#[dc]">&gt;&gt;</a>&nbsp;&nbsp;&nbsp;main
<LI><a href="#[64]">&gt;&gt;</a>&nbsp;&nbsp;&nbsp;hogpd_init
</UL>

<P><STRONG><a name="[149]"></a>ke_free</STRONG> (Thumb, 0 bytes, Stack size 0 bytes, da14531_symbols.txt(ABSOLUTE))
<BR><BR>[Called By]<UL><LI><a href="#[dc]">&gt;&gt;</a>&nbsp;&nbsp;&nbsp;main
<LI><a href="#[65]">&gt;&gt;</a>&nbsp;&nbsp;&nbsp;hogpd_destroy
<LI><a href="#[64]">&gt;&gt;</a>&nbsp;&nbsp;&nbsp;hogpd_init
</UL>

<P><STRONG><a name="[11d]"></a>ke_msg_alloc</STRONG> (Thumb, 0 bytes, Stack size 0 bytes, da14531_symbols.txt(ABSOLUTE))
<BR><BR>[Called By]<UL><LI><a href="#[d0]">&gt;&gt;</a>&nbsp;&nbsp;&nbsp;app_hogpd_create_db
<LI><a href="#[d1]">&gt;&gt;</a>&nbsp;&nbsp;&nbsp;app_hogpd_enable
<LI><a href="#[12a]">&gt;&gt;</a>&nbsp;&nbsp;&nbsp;app_hogpd_send_report
<LI><a href="#[2f]">&gt;&gt;</a>&nbsp;&nbsp;&nbsp;param_update_request_timer_cb
<LI><a href="#[52]">&gt;&gt;</a>&nbsp;&nbsp;&nbsp;app_custs1_create_db
<LI><a href="#[128]">&gt;&gt;</a>&nbsp;&nbsp;&nbsp;create_timer
<LI><a href="#[47]">&gt;&gt;</a>&nbsp;&nbsp;&nbsp;app_timer_api_process_handler
<LI><a href="#[37]">&gt;&gt;</a>&nbsp;&nbsp;&nbsp;diss_value_req_ind_handler
<LI><a href="#[6a]">&gt;&gt;</a>&nbsp;&nbsp;&nbsp;app_diss_create_db
<LI><a href="#[3d]">&gt;&gt;</a>&nbsp;&nbsp;&nbsp;gapc_get_dev_info_req_ind_handler
<LI><a href="#[c0]">&gt;&gt;</a>&nbsp;&nbsp;&nbsp;user_app_disconnect
<LI><a href="#[bf]">&gt;&gt;</a>&nbsp;&nbsp;&nbsp;user_app_connection
<LI><a href="#[70]">&gt;&gt;</a>&nbsp;&nbsp;&nbsp;user_catch_rest_hndl
<LI><a href="#[38]">&gt;&gt;</a>&nbsp;&nbsp;&nbsp;gapm_device_ready_ind_handler
<LI><a href="#[6e]">&gt;&gt;</a>&nbsp;&nbsp;&nbsp;app_easy_gap_dev_configure
<LI><a href="#[125]">&gt;&gt;</a>&nbsp;&nbsp;&nbsp;encrypt_cfm_create_msg
<LI><a href="#[13a]">&gt;&gt;</a>&nbsp;&nbsp;&nbsp;ltk_exch_create_msg
<LI><a href="#[cc]">&gt;&gt;</a>&nbsp;&nbsp;&nbsp;default_app_on_csrk_exch
<LI><a href="#[126]">&gt;&gt;</a>&nbsp;&nbsp;&nbsp;app_easy_security_tk_exch
<LI><a href="#[ca]">&gt;&gt;</a>&nbsp;&nbsp;&nbsp;default_app_on_pairing_request
<LI><a href="#[122]">&gt;&gt;</a>&nbsp;&nbsp;&nbsp;app_easy_gap_undirected_advertise_start
<LI><a href="#[63]">&gt;&gt;</a>&nbsp;&nbsp;&nbsp;gattc_cmp_evt_handler.115
<LI><a href="#[62]">&gt;&gt;</a>&nbsp;&nbsp;&nbsp;gattc_read_req_ind_handler.114
<LI><a href="#[61]">&gt;&gt;</a>&nbsp;&nbsp;&nbsp;gattc_write_req_ind_handler.113
<LI><a href="#[60]">&gt;&gt;</a>&nbsp;&nbsp;&nbsp;gattc_att_info_req_ind_handler.112
<LI><a href="#[5f]">&gt;&gt;</a>&nbsp;&nbsp;&nbsp;hogpd_proto_mode_cfm_handler
<LI><a href="#[5e]">&gt;&gt;</a>&nbsp;&nbsp;&nbsp;hogpd_report_cfm_handler
<LI><a href="#[5d]">&gt;&gt;</a>&nbsp;&nbsp;&nbsp;hogpd_report_upd_req_handler
<LI><a href="#[5c]">&gt;&gt;</a>&nbsp;&nbsp;&nbsp;hogpd_enable_req_handler
<LI><a href="#[54]">&gt;&gt;</a>&nbsp;&nbsp;&nbsp;gattc_write_req_ind_handler
</UL>

<P><STRONG><a name="[11f]"></a>ke_msg_send</STRONG> (Thumb, 0 bytes, Stack size 0 bytes, da14531_symbols.txt(ABSOLUTE))
<BR><BR>[Called By]<UL><LI><a href="#[d0]">&gt;&gt;</a>&nbsp;&nbsp;&nbsp;app_hogpd_create_db
<LI><a href="#[d1]">&gt;&gt;</a>&nbsp;&nbsp;&nbsp;app_hogpd_enable
<LI><a href="#[12a]">&gt;&gt;</a>&nbsp;&nbsp;&nbsp;app_hogpd_send_report
<LI><a href="#[2f]">&gt;&gt;</a>&nbsp;&nbsp;&nbsp;param_update_request_timer_cb
<LI><a href="#[52]">&gt;&gt;</a>&nbsp;&nbsp;&nbsp;app_custs1_create_db
<LI><a href="#[128]">&gt;&gt;</a>&nbsp;&nbsp;&nbsp;create_timer
<LI><a href="#[47]">&gt;&gt;</a>&nbsp;&nbsp;&nbsp;app_timer_api_process_handler
<LI><a href="#[37]">&gt;&gt;</a>&nbsp;&nbsp;&nbsp;diss_value_req_ind_handler
<LI><a href="#[6a]">&gt;&gt;</a>&nbsp;&nbsp;&nbsp;app_diss_create_db
<LI><a href="#[3d]">&gt;&gt;</a>&nbsp;&nbsp;&nbsp;gapc_get_dev_info_req_ind_handler
<LI><a href="#[c0]">&gt;&gt;</a>&nbsp;&nbsp;&nbsp;user_app_disconnect
<LI><a href="#[bf]">&gt;&gt;</a>&nbsp;&nbsp;&nbsp;user_app_connection
<LI><a href="#[70]">&gt;&gt;</a>&nbsp;&nbsp;&nbsp;user_catch_rest_hndl
<LI><a href="#[38]">&gt;&gt;</a>&nbsp;&nbsp;&nbsp;gapm_device_ready_ind_handler
<LI><a href="#[6e]">&gt;&gt;</a>&nbsp;&nbsp;&nbsp;app_easy_gap_dev_configure
<LI><a href="#[124]">&gt;&gt;</a>&nbsp;&nbsp;&nbsp;app_easy_security_encrypt_cfm
<LI><a href="#[cd]">&gt;&gt;</a>&nbsp;&nbsp;&nbsp;default_app_on_ltk_exch
<LI><a href="#[cc]">&gt;&gt;</a>&nbsp;&nbsp;&nbsp;default_app_on_csrk_exch
<LI><a href="#[126]">&gt;&gt;</a>&nbsp;&nbsp;&nbsp;app_easy_security_tk_exch
<LI><a href="#[ca]">&gt;&gt;</a>&nbsp;&nbsp;&nbsp;default_app_on_pairing_request
<LI><a href="#[122]">&gt;&gt;</a>&nbsp;&nbsp;&nbsp;app_easy_gap_undirected_advertise_start
<LI><a href="#[63]">&gt;&gt;</a>&nbsp;&nbsp;&nbsp;gattc_cmp_evt_handler.115
<LI><a href="#[62]">&gt;&gt;</a>&nbsp;&nbsp;&nbsp;gattc_read_req_ind_handler.114
<LI><a href="#[61]">&gt;&gt;</a>&nbsp;&nbsp;&nbsp;gattc_write_req_ind_handler.113
<LI><a href="#[60]">&gt;&gt;</a>&nbsp;&nbsp;&nbsp;gattc_att_info_req_ind_handler.112
<LI><a href="#[5f]">&gt;&gt;</a>&nbsp;&nbsp;&nbsp;hogpd_proto_mode_cfm_handler
<LI><a href="#[5e]">&gt;&gt;</a>&nbsp;&nbsp;&nbsp;hogpd_report_cfm_handler
<LI><a href="#[5d]">&gt;&gt;</a>&nbsp;&nbsp;&nbsp;hogpd_report_upd_req_handler
<LI><a href="#[5c]">&gt;&gt;</a>&nbsp;&nbsp;&nbsp;hogpd_enable_req_handler
<LI><a href="#[54]">&gt;&gt;</a>&nbsp;&nbsp;&nbsp;gattc_write_req_ind_handler
</UL>

<P><STRONG><a name="[8a]"></a>ke_task_init_func</STRONG> (Thumb, 0 bytes, Stack size 0 bytes, da14531_symbols.txt(ABSOLUTE), UNUSED)
<BR>[Address Reference Count : 1]<UL><LI> lto-llvm-267f2d.o(.rodata.rom_func_addr_table_var)
</UL>
<P><STRONG><a name="[15f]"></a>ke_task_create</STRONG> (Thumb, 0 bytes, Stack size 0 bytes, da14531_symbols.txt(ABSOLUTE))
<BR><BR>[Called By]<UL><LI><a href="#[dc]">&gt;&gt;</a>&nbsp;&nbsp;&nbsp;main
<LI><a href="#[9c]">&gt;&gt;</a>&nbsp;&nbsp;&nbsp;prf_init_func
</UL>

<P><STRONG><a name="[fd]"></a>ke_state_set</STRONG> (Thumb, 0 bytes, Stack size 0 bytes, da14531_symbols.txt(ABSOLUTE))
<BR><BR>[Called By]<UL><LI><a href="#[31]">&gt;&gt;</a>&nbsp;&nbsp;&nbsp;PATCHED_llm_con_req_ind
<LI><a href="#[dc]">&gt;&gt;</a>&nbsp;&nbsp;&nbsp;main
<LI><a href="#[3b]">&gt;&gt;</a>&nbsp;&nbsp;&nbsp;gapc_connection_req_ind_handler
<LI><a href="#[122]">&gt;&gt;</a>&nbsp;&nbsp;&nbsp;app_easy_gap_undirected_advertise_start
<LI><a href="#[63]">&gt;&gt;</a>&nbsp;&nbsp;&nbsp;gattc_cmp_evt_handler.115
<LI><a href="#[62]">&gt;&gt;</a>&nbsp;&nbsp;&nbsp;gattc_read_req_ind_handler.114
<LI><a href="#[61]">&gt;&gt;</a>&nbsp;&nbsp;&nbsp;gattc_write_req_ind_handler.113
<LI><a href="#[5f]">&gt;&gt;</a>&nbsp;&nbsp;&nbsp;hogpd_proto_mode_cfm_handler
<LI><a href="#[5e]">&gt;&gt;</a>&nbsp;&nbsp;&nbsp;hogpd_report_cfm_handler
<LI><a href="#[5d]">&gt;&gt;</a>&nbsp;&nbsp;&nbsp;hogpd_report_upd_req_handler
<LI><a href="#[64]">&gt;&gt;</a>&nbsp;&nbsp;&nbsp;hogpd_init
</UL>

<P><STRONG><a name="[e7]"></a>ke_state_get</STRONG> (Thumb, 0 bytes, Stack size 0 bytes, da14531_symbols.txt(ABSOLUTE))
<BR><BR>[Called By]<UL><LI><a href="#[68]">&gt;&gt;</a>&nbsp;&nbsp;&nbsp;PATCHED_llc_data_ind_handler
<LI><a href="#[a9]">&gt;&gt;</a>&nbsp;&nbsp;&nbsp;JT_l2cc_pdu_recv_ind_handler_func
<LI><a href="#[3c]">&gt;&gt;</a>&nbsp;&nbsp;&nbsp;gapc_disconnect_ind_handler
<LI><a href="#[3b]">&gt;&gt;</a>&nbsp;&nbsp;&nbsp;gapc_connection_req_ind_handler
<LI><a href="#[38]">&gt;&gt;</a>&nbsp;&nbsp;&nbsp;gapm_device_ready_ind_handler
<LI><a href="#[63]">&gt;&gt;</a>&nbsp;&nbsp;&nbsp;gattc_cmp_evt_handler.115
<LI><a href="#[62]">&gt;&gt;</a>&nbsp;&nbsp;&nbsp;gattc_read_req_ind_handler.114
<LI><a href="#[61]">&gt;&gt;</a>&nbsp;&nbsp;&nbsp;gattc_write_req_ind_handler.113
<LI><a href="#[5f]">&gt;&gt;</a>&nbsp;&nbsp;&nbsp;hogpd_proto_mode_cfm_handler
<LI><a href="#[5e]">&gt;&gt;</a>&nbsp;&nbsp;&nbsp;hogpd_report_cfm_handler
<LI><a href="#[5d]">&gt;&gt;</a>&nbsp;&nbsp;&nbsp;hogpd_report_upd_req_handler
</UL>

<P><STRONG><a name="[170]"></a>ke_task_msg_flush</STRONG> (Thumb, 0 bytes, Stack size 0 bytes, da14531_symbols.txt(ABSOLUTE))
<BR><BR>[Called By]<UL><LI><a href="#[9c]">&gt;&gt;</a>&nbsp;&nbsp;&nbsp;prf_init_func
</UL>

<P><STRONG><a name="[8b]"></a>ke_timer_init_func</STRONG> (Thumb, 0 bytes, Stack size 0 bytes, da14531_symbols.txt(ABSOLUTE), UNUSED)
<BR>[Address Reference Count : 1]<UL><LI> lto-llvm-267f2d.o(.rodata.rom_func_addr_table_var)
</UL>
<P><STRONG><a name="[12b]"></a>ke_timer_set</STRONG> (Thumb, 0 bytes, Stack size 0 bytes, da14531_symbols.txt(ABSOLUTE))
<BR><BR>[Called By]<UL><LI><a href="#[128]">&gt;&gt;</a>&nbsp;&nbsp;&nbsp;create_timer
<LI><a href="#[47]">&gt;&gt;</a>&nbsp;&nbsp;&nbsp;app_timer_api_process_handler
</UL>

<P><STRONG><a name="[fc]"></a>ke_timer_clear</STRONG> (Thumb, 0 bytes, Stack size 0 bytes, da14531_symbols.txt(ABSOLUTE))
<BR><BR>[Called By]<UL><LI><a href="#[31]">&gt;&gt;</a>&nbsp;&nbsp;&nbsp;PATCHED_llm_con_req_ind
<LI><a href="#[c0]">&gt;&gt;</a>&nbsp;&nbsp;&nbsp;user_app_disconnect
</UL>

<P><STRONG><a name="[16c]"></a>ke_timer_sleep_check</STRONG> (Thumb, 0 bytes, Stack size 0 bytes, da14531_symbols.txt(ABSOLUTE))
<BR><BR>[Called By]<UL><LI><a href="#[dc]">&gt;&gt;</a>&nbsp;&nbsp;&nbsp;main
</UL>

<P><STRONG><a name="[135]"></a>rwip_schedule</STRONG> (Thumb, 0 bytes, Stack size 0 bytes, da14531_symbols.txt(ABSOLUTE))
<BR><BR>[Called By]<UL><LI><a href="#[dc]">&gt;&gt;</a>&nbsp;&nbsp;&nbsp;main
<LI><a href="#[134]">&gt;&gt;</a>&nbsp;&nbsp;&nbsp;bond_db_store_ext
</UL>

<P><STRONG><a name="[17f]"></a>rwip_wakeup</STRONG> (Thumb, 0 bytes, Stack size 0 bytes, da14531_symbols.txt(ABSOLUTE))
<BR><BR>[Called By]<UL><LI><a href="#[7]">&gt;&gt;</a>&nbsp;&nbsp;&nbsp;rwble_isr
</UL>

<P><STRONG><a name="[181]"></a>rwip_wakeup_end</STRONG> (Thumb, 0 bytes, Stack size 0 bytes, da14531_symbols.txt(ABSOLUTE))
<BR><BR>[Called By]<UL><LI><a href="#[7]">&gt;&gt;</a>&nbsp;&nbsp;&nbsp;rwble_isr
</UL>

<P><STRONG><a name="[182]"></a>rwip_wakeup_delay_set</STRONG> (Thumb, 0 bytes, Stack size 0 bytes, da14531_symbols.txt(ABSOLUTE))
<BR><BR>[Called By]<UL><LI><a href="#[152]">&gt;&gt;</a>&nbsp;&nbsp;&nbsp;set_sleep_delay
</UL>

<P><STRONG><a name="[11b]"></a>__aeabi_uidiv</STRONG> (Thumb, 0 bytes, Stack size 0 bytes, da14531_symbols.txt(ABSOLUTE))
<BR><BR>[Called By]<UL><LI><a href="#[2d]">&gt;&gt;</a>&nbsp;&nbsp;&nbsp;rf_rssi_convert
<LI><a href="#[93]">&gt;&gt;</a>&nbsp;&nbsp;&nbsp;lld_sleep_compensate_func
<LI><a href="#[d2]">&gt;&gt;</a>&nbsp;&nbsp;&nbsp;adc_correction_apply
<LI><a href="#[95]">&gt;&gt;</a>&nbsp;&nbsp;&nbsp;lld_sleep_us_2_lpcycles_sel_func
<LI><a href="#[152]">&gt;&gt;</a>&nbsp;&nbsp;&nbsp;set_sleep_delay
</UL>

<P><STRONG><a name="[11c]"></a>__aeabi_idiv</STRONG> (Thumb, 0 bytes, Stack size 0 bytes, da14531_symbols.txt(ABSOLUTE))
<BR><BR>[Called By]<UL><LI><a href="#[dc]">&gt;&gt;</a>&nbsp;&nbsp;&nbsp;main
<LI><a href="#[d3]">&gt;&gt;</a>&nbsp;&nbsp;&nbsp;temp_calc
<LI><a href="#[d2]">&gt;&gt;</a>&nbsp;&nbsp;&nbsp;adc_correction_apply
</UL>

<P><STRONG><a name="[153]"></a>__aeabi_lmul</STRONG> (Thumb, 0 bytes, Stack size 0 bytes, da14531_symbols.txt(ABSOLUTE))
<BR><BR>[Called By]<UL><LI><a href="#[dc]">&gt;&gt;</a>&nbsp;&nbsp;&nbsp;main
<LI><a href="#[151]">&gt;&gt;</a>&nbsp;&nbsp;&nbsp;lld_sleep_lpcycles_2_us_rcx_func
</UL>

<P><STRONG><a name="[13c]"></a>rand</STRONG> (Thumb, 0 bytes, Stack size 0 bytes, da14531_symbols.txt(ABSOLUTE))
<BR><BR>[Called By]<UL><LI><a href="#[b8]">&gt;&gt;</a>&nbsp;&nbsp;&nbsp;dia_rand_func
</UL>

<P><STRONG><a name="[13d]"></a>srand</STRONG> (Thumb, 0 bytes, Stack size 0 bytes, da14531_symbols.txt(ABSOLUTE))
<BR><BR>[Called By]<UL><LI><a href="#[b9]">&gt;&gt;</a>&nbsp;&nbsp;&nbsp;dia_srand_func
</UL>

<P><STRONG><a name="[e6]"></a>__aeabi_memcpy</STRONG> (Thumb, 0 bytes, Stack size 0 bytes, da14531_symbols.txt(ABSOLUTE))
<BR><BR>[Called By]<UL><LI><a href="#[a6]">&gt;&gt;</a>&nbsp;&nbsp;&nbsp;JT_l2cc_pdu_unpack_func
<LI><a href="#[33]">&gt;&gt;</a>&nbsp;&nbsp;&nbsp;PATCHED_smpc_recv_public_key_exchange_pdu
<LI><a href="#[31]">&gt;&gt;</a>&nbsp;&nbsp;&nbsp;PATCHED_llm_con_req_ind
<LI><a href="#[32]">&gt;&gt;</a>&nbsp;&nbsp;&nbsp;PATCHED_smpc_recv_pair_rand_pdu
<LI><a href="#[dc]">&gt;&gt;</a>&nbsp;&nbsp;&nbsp;main
<LI><a href="#[37]">&gt;&gt;</a>&nbsp;&nbsp;&nbsp;diss_value_req_ind_handler
<LI><a href="#[4c]">&gt;&gt;</a>&nbsp;&nbsp;&nbsp;gapc_bond_ind_handler
<LI><a href="#[3d]">&gt;&gt;</a>&nbsp;&nbsp;&nbsp;gapc_get_dev_info_req_ind_handler
<LI><a href="#[3b]">&gt;&gt;</a>&nbsp;&nbsp;&nbsp;gapc_connection_req_ind_handler
<LI><a href="#[70]">&gt;&gt;</a>&nbsp;&nbsp;&nbsp;user_catch_rest_hndl
<LI><a href="#[ce]">&gt;&gt;</a>&nbsp;&nbsp;&nbsp;default_app_on_pairing_succeeded
<LI><a href="#[cf]">&gt;&gt;</a>&nbsp;&nbsp;&nbsp;default_app_on_encrypt_req_ind
<LI><a href="#[cd]">&gt;&gt;</a>&nbsp;&nbsp;&nbsp;default_app_on_ltk_exch
<LI><a href="#[cc]">&gt;&gt;</a>&nbsp;&nbsp;&nbsp;default_app_on_csrk_exch
<LI><a href="#[126]">&gt;&gt;</a>&nbsp;&nbsp;&nbsp;app_easy_security_tk_exch
<LI><a href="#[ca]">&gt;&gt;</a>&nbsp;&nbsp;&nbsp;default_app_on_pairing_request
<LI><a href="#[c7]">&gt;&gt;</a>&nbsp;&nbsp;&nbsp;default_app_on_set_dev_info
<LI><a href="#[c4]">&gt;&gt;</a>&nbsp;&nbsp;&nbsp;default_app_on_get_dev_name
<LI><a href="#[122]">&gt;&gt;</a>&nbsp;&nbsp;&nbsp;app_easy_gap_undirected_advertise_start
<LI><a href="#[62]">&gt;&gt;</a>&nbsp;&nbsp;&nbsp;gattc_read_req_ind_handler.114
<LI><a href="#[61]">&gt;&gt;</a>&nbsp;&nbsp;&nbsp;gattc_write_req_ind_handler.113
<LI><a href="#[5e]">&gt;&gt;</a>&nbsp;&nbsp;&nbsp;hogpd_report_cfm_handler
<LI><a href="#[5d]">&gt;&gt;</a>&nbsp;&nbsp;&nbsp;hogpd_report_upd_req_handler
<LI><a href="#[64]">&gt;&gt;</a>&nbsp;&nbsp;&nbsp;hogpd_init
<LI><a href="#[54]">&gt;&gt;</a>&nbsp;&nbsp;&nbsp;gattc_write_req_ind_handler
<LI><a href="#[72]">&gt;&gt;</a>&nbsp;&nbsp;&nbsp;rf_init_func
</UL>

<P><STRONG><a name="[10f]"></a>__aeabi_memcpy4</STRONG> (Thumb, 0 bytes, Stack size 0 bytes, da14531_symbols.txt(ABSOLUTE))
<BR><BR>[Called By]<UL><LI><a href="#[10e]">&gt;&gt;</a>&nbsp;&nbsp;&nbsp;patch_func
<LI><a href="#[64]">&gt;&gt;</a>&nbsp;&nbsp;&nbsp;hogpd_init
<LI><a href="#[be]">&gt;&gt;</a>&nbsp;&nbsp;&nbsp;ble_init_arp_func
</UL>

<P><STRONG><a name="[121]"></a>__aeabi_memclr</STRONG> (Thumb, 0 bytes, Stack size 0 bytes, da14531_symbols.txt(ABSOLUTE))
<BR><BR>[Called By]<UL><LI><a href="#[6e]">&gt;&gt;</a>&nbsp;&nbsp;&nbsp;app_easy_gap_dev_configure
<LI><a href="#[126]">&gt;&gt;</a>&nbsp;&nbsp;&nbsp;app_easy_security_tk_exch
<LI><a href="#[64]">&gt;&gt;</a>&nbsp;&nbsp;&nbsp;hogpd_init
</UL>

<P><STRONG><a name="[163]"></a>__aeabi_memclr4</STRONG> (Thumb, 0 bytes, Stack size 0 bytes, da14531_symbols.txt(ABSOLUTE))
<BR><BR>[Called By]<UL><LI><a href="#[dc]">&gt;&gt;</a>&nbsp;&nbsp;&nbsp;main
<LI><a href="#[70]">&gt;&gt;</a>&nbsp;&nbsp;&nbsp;user_catch_rest_hndl
</UL>

<P><STRONG><a name="[157]"></a>__aeabi_memclr8</STRONG> (Thumb, 0 bytes, Stack size 0 bytes, da14531_symbols.txt(ABSOLUTE))
<BR><BR>[Called By]<UL><LI><a href="#[dc]">&gt;&gt;</a>&nbsp;&nbsp;&nbsp;main
</UL>

<P><STRONG><a name="[ee]"></a>memcmp</STRONG> (Thumb, 0 bytes, Stack size 0 bytes, da14531_symbols.txt(ABSOLUTE))
<BR><BR>[Called By]<UL><LI><a href="#[33]">&gt;&gt;</a>&nbsp;&nbsp;&nbsp;PATCHED_smpc_recv_public_key_exchange_pdu
<LI><a href="#[31]">&gt;&gt;</a>&nbsp;&nbsp;&nbsp;PATCHED_llm_con_req_ind
<LI><a href="#[32]">&gt;&gt;</a>&nbsp;&nbsp;&nbsp;PATCHED_smpc_recv_pair_rand_pdu
<LI><a href="#[ce]">&gt;&gt;</a>&nbsp;&nbsp;&nbsp;default_app_on_pairing_succeeded
</UL>

<P><STRONG><a name="[116]"></a>__aeabi_llsl</STRONG> (Thumb, 0 bytes, Stack size 0 bytes, da14531_symbols.txt(ABSOLUTE))
<BR><BR>[Called By]<UL><LI><a href="#[dc]">&gt;&gt;</a>&nbsp;&nbsp;&nbsp;main
<LI><a href="#[26]">&gt;&gt;</a>&nbsp;&nbsp;&nbsp;GPIO_ConfigurePin
</UL>

<P><STRONG><a name="[8d]"></a>nvds_get_func</STRONG> (Thumb, 0 bytes, Stack size 0 bytes, da14531_symbols.txt(ABSOLUTE), UNUSED)
<BR>[Address Reference Count : 1]<UL><LI> lto-llvm-267f2d.o(.rodata.rom_func_addr_table_var)
</UL>
<P><STRONG><a name="[90]"></a>nvds_init_func</STRONG> (Thumb, 0 bytes, Stack size 0 bytes, da14531_symbols.txt(ABSOLUTE), UNUSED)
<BR>[Address Reference Count : 1]<UL><LI> lto-llvm-267f2d.o(.rodata.rom_func_addr_table_var)
</UL>
<P><STRONG><a name="[8f]"></a>nvds_del_func</STRONG> (Thumb, 0 bytes, Stack size 0 bytes, da14531_symbols.txt(ABSOLUTE), UNUSED)
<BR>[Address Reference Count : 1]<UL><LI> lto-llvm-267f2d.o(.rodata.rom_func_addr_table_var)
</UL>
<P><STRONG><a name="[8e]"></a>nvds_put_func</STRONG> (Thumb, 0 bytes, Stack size 0 bytes, da14531_symbols.txt(ABSOLUTE), UNUSED)
<BR>[Address Reference Count : 1]<UL><LI> lto-llvm-267f2d.o(.rodata.rom_func_addr_table_var)
</UL>
<P><STRONG><a name="[15c]"></a>trng_acquire</STRONG> (Thumb, 0 bytes, Stack size 0 bytes, da14531_symbols.txt(ABSOLUTE))
<BR><BR>[Called By]<UL><LI><a href="#[dc]">&gt;&gt;</a>&nbsp;&nbsp;&nbsp;main
</UL>

<P><STRONG><a name="[9d]"></a>prf_add_profile_func</STRONG> (Thumb, 0 bytes, Stack size 0 bytes, da14531_symbols.txt(ABSOLUTE), UNUSED)
<BR>[Address Reference Count : 1]<UL><LI> lto-llvm-267f2d.o(.rodata.rom_func_addr_table_var)
</UL>
<P><STRONG><a name="[9f]"></a>prf_cleanup_func</STRONG> (Thumb, 0 bytes, Stack size 0 bytes, da14531_symbols.txt(ABSOLUTE), UNUSED)
<BR>[Address Reference Count : 1]<UL><LI> lto-llvm-267f2d.o(.rodata.rom_func_addr_table_var)
</UL>
<P><STRONG><a name="[13e]"></a>prf_env_get</STRONG> (Thumb, 0 bytes, Stack size 0 bytes, da14531_symbols.txt(ABSOLUTE))
<BR><BR>[Called By]<UL><LI><a href="#[63]">&gt;&gt;</a>&nbsp;&nbsp;&nbsp;gattc_cmp_evt_handler.115
<LI><a href="#[62]">&gt;&gt;</a>&nbsp;&nbsp;&nbsp;gattc_read_req_ind_handler.114
<LI><a href="#[61]">&gt;&gt;</a>&nbsp;&nbsp;&nbsp;gattc_write_req_ind_handler.113
<LI><a href="#[60]">&gt;&gt;</a>&nbsp;&nbsp;&nbsp;gattc_att_info_req_ind_handler.112
<LI><a href="#[5f]">&gt;&gt;</a>&nbsp;&nbsp;&nbsp;hogpd_proto_mode_cfm_handler
<LI><a href="#[5e]">&gt;&gt;</a>&nbsp;&nbsp;&nbsp;hogpd_report_cfm_handler
<LI><a href="#[5d]">&gt;&gt;</a>&nbsp;&nbsp;&nbsp;hogpd_report_upd_req_handler
<LI><a href="#[5c]">&gt;&gt;</a>&nbsp;&nbsp;&nbsp;hogpd_enable_req_handler
<LI><a href="#[54]">&gt;&gt;</a>&nbsp;&nbsp;&nbsp;gattc_write_req_ind_handler
</UL>

<P><STRONG><a name="[148]"></a>prf_src_task_get</STRONG> (Thumb, 0 bytes, Stack size 0 bytes, da14531_symbols.txt(ABSOLUTE))
<BR><BR>[Called By]<UL><LI><a href="#[61]">&gt;&gt;</a>&nbsp;&nbsp;&nbsp;gattc_write_req_ind_handler.113
<LI><a href="#[5d]">&gt;&gt;</a>&nbsp;&nbsp;&nbsp;hogpd_report_upd_req_handler
</UL>

<P><STRONG><a name="[140]"></a>prf_dst_task_get</STRONG> (Thumb, 0 bytes, Stack size 0 bytes, da14531_symbols.txt(ABSOLUTE))
<BR><BR>[Called By]<UL><LI><a href="#[63]">&gt;&gt;</a>&nbsp;&nbsp;&nbsp;gattc_cmp_evt_handler.115
<LI><a href="#[62]">&gt;&gt;</a>&nbsp;&nbsp;&nbsp;gattc_read_req_ind_handler.114
<LI><a href="#[61]">&gt;&gt;</a>&nbsp;&nbsp;&nbsp;gattc_write_req_ind_handler.113
<LI><a href="#[54]">&gt;&gt;</a>&nbsp;&nbsp;&nbsp;gattc_write_req_ind_handler
</UL>

<P><STRONG><a name="[a0]"></a>prf_get_id_from_task_func</STRONG> (Thumb, 0 bytes, Stack size 0 bytes, da14531_symbols.txt(ABSOLUTE), UNUSED)
<BR>[Address Reference Count : 1]<UL><LI> lto-llvm-267f2d.o(.rodata.rom_func_addr_table_var)
</UL>
<P><STRONG><a name="[a1]"></a>prf_get_task_from_id_func</STRONG> (Thumb, 0 bytes, Stack size 0 bytes, da14531_symbols.txt(ABSOLUTE), UNUSED)
<BR>[Address Reference Count : 1]<UL><LI> lto-llvm-267f2d.o(.rodata.rom_func_addr_table_var)
</UL>
<P><STRONG><a name="[16f]"></a>prf_itf_get</STRONG> (Thumb, 0 bytes, Stack size 0 bytes, da14531_symbols.txt(ABSOLUTE))
<BR><BR>[Called By]<UL><LI><a href="#[9e]">&gt;&gt;</a>&nbsp;&nbsp;&nbsp;prf_create_func
<LI><a href="#[9c]">&gt;&gt;</a>&nbsp;&nbsp;&nbsp;prf_init_func
</UL>

<P><STRONG><a name="[6b]"></a>diss_prf_itf_get</STRONG> (Thumb, 0 bytes, Stack size 0 bytes, da14531_symbols.txt(ABSOLUTE), UNUSED)
<BR>[Address Reference Count : 1]<UL><LI> lto-llvm-267f2d.o(.rodata.prf_if)
</UL>
<P><STRONG><a name="[144]"></a>check_client_char_cfg</STRONG> (Thumb, 0 bytes, Stack size 0 bytes, da14531_symbols.txt(ABSOLUTE))
<BR><BR>[Called By]<UL><LI><a href="#[54]">&gt;&gt;</a>&nbsp;&nbsp;&nbsp;gattc_write_req_ind_handler
</UL>

<P><STRONG><a name="[142]"></a>get_value_handle</STRONG> (Thumb, 0 bytes, Stack size 0 bytes, da14531_symbols.txt(ABSOLUTE))
<BR><BR>[Called By]<UL><LI><a href="#[54]">&gt;&gt;</a>&nbsp;&nbsp;&nbsp;gattc_write_req_ind_handler
</UL>

[...]
</UL>
<BR>[Address Reference Count : 1]<UL><LI> lto-llvm-267f2d.o(.rodata.rom_app_task_cfg)
</UL>
<P><STRONG><a name="[46]"></a>app_gap_process_handler</STRONG> (Thumb, 28 bytes, Stack size 24 bytes, lto-llvm-267f2d.o(.text.app_gap_process_handler))
<BR><BR>[Stack]<UL><LI>Max Depth = 24<LI>Call Chain = app_gap_process_handler
</UL>
<BR>[Calls]<UL><LI><a href="#[120]">&gt;&gt;</a>&nbsp;&nbsp;&nbsp;app_std_process_event
</UL>
<BR>[Address Reference Count : 1]<UL><LI> lto-llvm-267f2d.o(.rodata.app_process_handlers)
</UL>
<P><STRONG><a name="[38]"></a>gapm_device_ready_ind_handler</STRONG> (Thumb, 40 bytes, Stack size 8 bytes, lto-llvm-267f2d.o(.text.gapm_device_ready_ind_handler))
<BR><BR>[Stack]<UL><LI>Max Depth = 8<LI>Call Chain = gapm_device_ready_ind_handler
</UL>
<BR>[Calls]<UL><LI><a href="#[e7]">&gt;&gt;</a>&nbsp;&nbsp;&nbsp;ke_state_get
<LI><a href="#[11f]">&gt;&gt;</a>&nbsp;&nbsp;&nbsp;ke_msg_send
<LI><a href="#[11d]">&gt;&gt;</a>&nbsp;&nbsp;&nbsp;ke_msg_alloc
</UL>
<BR>[Address Reference Count : 1]<UL><LI> lto-llvm-267f2d.o(.rodata.app_gap_process_handlers)
</UL>
<P><STRONG><a name="[39]"></a>gapm_cmp_evt_handler</STRONG> (Thumb, 94 bytes, Stack size 16 bytes, lto-llvm-267f2d.o(.text.gapm_cmp_evt_handler))
<BR><BR>[Stack]<UL><LI>Max Depth = 64<LI>Call Chain = gapm_cmp_evt_handler &rArr; user_catch_rest_hndl
</UL>
<BR>[Calls]<UL><LI><a href="#[c2]">&gt;&gt;</a>&nbsp;&nbsp;&nbsp;user_app_adv_undirect_complete
<LI><a href="#[70]">&gt;&gt;</a>&nbsp;&nbsp;&nbsp;user_catch_rest_hndl
<LI><a href="#[6e]">&gt;&gt;</a>&nbsp;&nbsp;&nbsp;app_easy_gap_dev_configure
<LI><a href="#[c1]">&gt;&gt;</a>&nbsp;&nbsp;&nbsp;default_app_on_set_dev_config_complete
</UL>
<BR>[Address Reference Count : 1]<UL><LI> lto-llvm-267f2d.o(.rodata.app_gap_process_handlers)
</UL>
<P><STRONG><a name="[70]"></a>user_catch_rest_hndl</STRONG> (Thumb, 184 bytes, Stack size 48 bytes, lto-llvm-267f2d.o(.text.user_catch_rest_hndl))
<BR><BR>[Stack]<UL><LI>Max Depth = 48<LI>Call Chain = user_catch_rest_hndl
</UL>
<BR>[Calls]<UL><LI><a href="#[11f]">&gt;&gt;</a>&nbsp;&nbsp;&nbsp;ke_msg_send
<LI><a href="#[11d]">&gt;&gt;</a>&nbsp;&nbsp;&nbsp;ke_msg_alloc
<LI><a href="#[163]">&gt;&gt;</a>&nbsp;&nbsp;&nbsp;__aeabi_memclr4
<LI><a href="#[e6]">&gt;&gt;</a>&nbsp;&nbsp;&nbsp;__aeabi_memcpy
</UL>
<BR>[Called By]<UL><LI><a href="#[4c]">&gt;&gt;</a>&nbsp;&nbsp;&nbsp;gapc_bond_ind_handler
<LI><a href="#[3a]">&gt;&gt;</a>&nbsp;&nbsp;&nbsp;gapc_cmp_evt_handler
<LI><a href="#[39]">&gt;&gt;</a>&nbsp;&nbsp;&nbsp;gapm_cmp_evt_handler
</UL>
<BR>[Address Reference Count : 1]<UL><LI> lto-llvm-267f2d.o(.rodata.rom_app_task_cfg)
</UL>
<P><STRONG><a name="[c2]"></a>user_app_adv_undirect_complete</STRONG> (Thumb, 12 bytes, Stack size 8 bytes, lto-llvm-267f2d.o(.text.user_app_adv_undirect_complete))
<BR><BR>[Stack]<UL><LI>Max Depth = 24<LI>Call Chain = user_app_adv_undirect_complete &rArr; app_easy_gap_undirected_advertise_start
</UL>
<BR>[Calls]<UL><LI><a href="#[122]">&gt;&gt;</a>&nbsp;&nbsp;&nbsp;app_easy_gap_undirected_advertise_start
</UL>
<BR>[Called By]<UL><LI><a href="#[39]">&gt;&gt;</a>&nbsp;&nbsp;&nbsp;gapm_cmp_evt_handler
</UL>
<BR>[Address Reference Count : 1]<UL><LI> lto-llvm-267f2d.o(.rodata.user_app_callbacks)
</UL>
<P><STRONG><a name="[3a]"></a>gapc_cmp_evt_handler</STRONG> (Thumb, 24 bytes, Stack size 8 bytes, lto-llvm-267f2d.o(.text.gapc_cmp_evt_handler))
<BR><BR>[Stack]<UL><LI>Max Depth = 56<LI>Call Chain = gapc_cmp_evt_handler &rArr; user_catch_rest_hndl
</UL>
<BR>[Calls]<UL><LI><a href="#[70]">&gt;&gt;</a>&nbsp;&nbsp;&nbsp;user_catch_rest_hndl
</UL>
<BR>[Address Reference Count : 1]<UL><LI> lto-llvm-267f2d.o(.rodata.app_gap_process_handlers)
</UL>
<P><STRONG><a name="[3b]"></a>gapc_connection_req_ind_handler</STRONG> (Thumb, 108 bytes, Stack size 24 bytes, lto-llvm-267f2d.o(.text.gapc_connection_req_ind_handler))
<BR><BR>[Stack]<UL><LI>Max Depth = 80<LI>Call Chain = gapc_connection_req_ind_handler &rArr; user_app_connection &rArr; app_easy_timer &rArr; create_timer
</UL>
<BR>[Calls]<UL><LI><a href="#[139]">&gt;&gt;</a>&nbsp;&nbsp;&nbsp;app_easy_gap_confirm
<LI><a href="#[e7]">&gt;&gt;</a>&nbsp;&nbsp;&nbsp;ke_state_get
<LI><a href="#[fd]">&gt;&gt;</a>&nbsp;&nbsp;&nbsp;ke_state_set
<LI><a href="#[e6]">&gt;&gt;</a>&nbsp;&nbsp;&nbsp;__aeabi_memcpy
<LI><a href="#[bf]">&gt;&gt;</a>&nbsp;&nbsp;&nbsp;user_app_connection
</UL>
<BR>[Address Reference Count : 1]<UL><LI> lto-llvm-267f2d.o(.rodata.app_gap_process_handlers)
</UL>
<P><STRONG><a name="[bf]"></a>user_app_connection</STRONG> (Thumb, 172 bytes, Stack size 24 bytes, lto-llvm-267f2d.o(.text.user_app_connection))
<BR><BR>[Stack]<UL><LI>Max Depth = 56<LI>Call Chain = user_app_connection &rArr; app_easy_timer &rArr; create_timer
</UL>
<BR>[Calls]<UL><LI><a href="#[11f]">&gt;&gt;</a>&nbsp;&nbsp;&nbsp;ke_msg_send
<LI><a href="#[11d]">&gt;&gt;</a>&nbsp;&nbsp;&nbsp;ke_msg_alloc
<LI><a href="#[127]">&gt;&gt;</a>&nbsp;&nbsp;&nbsp;app_easy_timer
<LI><a href="#[122]">&gt;&gt;</a>&nbsp;&nbsp;&nbsp;app_easy_gap_undirected_advertise_start
<LI><a href="#[183]">&gt;&gt;</a>&nbsp;&nbsp;&nbsp;uart_send
</UL>
<BR>[Called By]<UL><LI><a href="#[3b]">&gt;&gt;</a>&nbsp;&nbsp;&nbsp;gapc_connection_req_ind_handler
</UL>
<BR>[Address Reference Count : 1]<UL><LI> lto-llvm-267f2d.o(.rodata.user_app_callbacks)
</UL>
<P><STRONG><a name="[3c]"></a>gapc_disconnect_ind_handler</STRONG> (Thumb, 40 bytes, Stack size 8 bytes, lto-llvm-267f2d.o(.text.gapc_disconnect_ind_handler))
<BR><BR>[Stack]<UL><LI>Max Depth = 48<LI>Call Chain = gapc_disconnect_ind_handler &rArr; user_app_disconnect &rArr; app_easy_gap_undirected_advertise_start
</UL>
<BR>[Calls]<UL><LI><a href="#[e7]">&gt;&gt;</a>&nbsp;&nbsp;&nbsp;ke_state_get
<LI><a href="#[c0]">&gt;&gt;</a>&nbsp;&nbsp;&nbsp;user_app_disconnect
</UL>
<BR>[Address Reference Count : 1]<UL><LI> lto-llvm-267f2d.o(.rodata.app_gap_process_handlers)
</UL>
<P><STRONG><a name="[c0]"></a>user_app_disconnect</STRONG> (Thumb, 108 bytes, Stack size 24 bytes, lto-llvm-267f2d.o(.text.user_app_disconnect))
<BR><BR>[Stack]<UL><LI>Max Depth = 40<LI>Call Chain = user_app_disconnect &rArr; app_easy_gap_undirected_advertise_start
</UL>
<BR>[Calls]<UL><LI><a href="#[fc]">&gt;&gt;</a>&nbsp;&nbsp;&nbsp;ke_timer_clear
<LI><a href="#[11f]">&gt;&gt;</a>&nbsp;&nbsp;&nbsp;ke_msg_send
<LI><a href="#[11d]">&gt;&gt;</a>&nbsp;&nbsp;&nbsp;ke_msg_alloc
<LI><a href="#[122]">&gt;&gt;</a>&nbsp;&nbsp;&nbsp;app_easy_gap_undirected_advertise_start
</UL>
<BR>[Called By]<UL><LI><a href="#[3c]">&gt;&gt;</a>&nbsp;&nbsp;&nbsp;gapc_disconnect_ind_handler
</UL>
<BR>[Address Reference Count : 1]<UL><LI> lto-llvm-267f2d.o(.rodata.user_app_callbacks)
</UL>
<P><STRONG><a name="[3d]"></a>gapc_get_dev_info_req_ind_handler</STRONG> (Thumb, 140 bytes, Stack size 56 bytes, lto-llvm-267f2d.o(.text.gapc_get_dev_info_req_ind_handler))
<BR><BR>[Stack]<UL><LI>Max Depth = 56<LI>Call Chain = gapc_get_dev_info_req_ind_handler
</UL>
<BR>[Calls]<UL><LI><a href="#[11f]">&gt;&gt;</a>&nbsp;&nbsp;&nbsp;ke_msg_send
<LI><a href="#[11d]">&gt;&gt;</a>&nbsp;&nbsp;&nbsp;ke_msg_alloc
<LI><a href="#[e6]">&gt;&gt;</a>&nbsp;&nbsp;&nbsp;__aeabi_memcpy
</UL>
<BR>[Address Reference Count : 1]<UL><LI> lto-llvm-267f2d.o(.rodata.app_gap_process_handlers)
</UL>
<P><STRONG><a name="[48]"></a>app_sec_process_handler</STRONG> (Thumb, 28 bytes, Stack size 24 bytes, lto-llvm-267f2d.o(.text.app_sec_process_handler))
<BR><BR>[Stack]<UL><LI>Max Depth = 24<LI>Call Chain = app_sec_process_handler
</UL>
<BR>[Calls]<UL><LI><a href="#[120]">&gt;&gt;</a>&nbsp;&nbsp;&nbsp;app_std_process_event
</UL>
<BR>[Address Reference Count : 1]<UL><LI> lto-llvm-267f2d.o(.rodata.app_process_handlers)
</UL>
<P><STRONG><a name="[4b]"></a>gapc_bond_req_ind_handler</STRONG> (Thumb, 104 bytes, Stack size 8 bytes, lto-llvm-267f2d.o(.text.gapc_bond_req_ind_handler))
<BR><BR>[Stack]<UL><LI>Max Depth = 48<LI>Call Chain = gapc_bond_req_ind_handler &rArr; default_app_on_ltk_exch &rArr; ltk_exch_create_msg
</UL>
<BR>[Calls]<UL><LI><a href="#[cd]">&gt;&gt;</a>&nbsp;&nbsp;&nbsp;default_app_on_ltk_exch
<LI><a href="#[cc]">&gt;&gt;</a>&nbsp;&nbsp;&nbsp;default_app_on_csrk_exch
<LI><a href="#[cb]">&gt;&gt;</a>&nbsp;&nbsp;&nbsp;default_app_on_tk_exch
<LI><a href="#[ca]">&gt;&gt;</a>&nbsp;&nbsp;&nbsp;default_app_on_pairing_request
</UL>
<BR>[Address Reference Count : 1]<UL><LI> lto-llvm-267f2d.o(.rodata.app_sec_process_handlers)
</UL>
<P><STRONG><a name="[4c]"></a>gapc_bond_ind_handler</STRONG> (Thumb, 212 bytes, Stack size 16 bytes, lto-llvm-267f2d.o(.text.gapc_bond_ind_handler))
<BR><BR>[Stack]<UL><LI>Max Depth = 192<LI>Call Chain = gapc_bond_ind_handler &rArr; default_app_on_pairing_succeeded &rArr; bond_db_store_ext &rArr; bond_db_spi_flash_init &rArr; spi_flash_write_enable &rArr; spi_flash_wait_till_ready &rArr; spi_flash_read_status_reg &rArr; spi_transaction &rArr; spi_access
</UL>
<BR>[Calls]<UL><LI><a href="#[138]">&gt;&gt;</a>&nbsp;&nbsp;&nbsp;app_easy_gap_disconnect
<LI><a href="#[e6]">&gt;&gt;</a>&nbsp;&nbsp;&nbsp;__aeabi_memcpy
<LI><a href="#[70]">&gt;&gt;</a>&nbsp;&nbsp;&nbsp;user_catch_rest_hndl
<LI><a href="#[ce]">&gt;&gt;</a>&nbsp;&nbsp;&nbsp;default_app_on_pairing_succeeded
</UL>
<BR>[Address Reference Count : 1]<UL><LI> lto-llvm-267f2d.o(.rodata.app_sec_process_handlers)
</UL>
<P><STRONG><a name="[4d]"></a>gapc_encrypt_req_ind_handler</STRONG> (Thumb, 12 bytes, Stack size 8 bytes, lto-llvm-267f2d.o(.text.gapc_encrypt_req_ind_handler))
<BR><BR>[Stack]<UL><LI>Max Depth = 48<LI>Call Chain = gapc_encrypt_req_ind_handler &rArr; default_app_on_encrypt_req_ind &rArr; app_easy_security_encrypt_cfm &rArr; encrypt_cfm_create_msg
</UL>
<BR>[Calls]<UL><LI><a href="#[cf]">&gt;&gt;</a>&nbsp;&nbsp;&nbsp;default_app_on_encrypt_req_ind
</UL>
<BR>[Address Reference Count : 1]<UL><LI> lto-llvm-267f2d.o(.rodata.app_sec_process_handlers)
</UL>
<P><STRONG><a name="[4e]"></a>gapc_encrypt_ind_handler</STRONG> (Thumb, 20 bytes, Stack size 0 bytes, lto-llvm-267f2d.o(.text.gapc_encrypt_ind_handler))
<BR>[Address Reference Count : 1]<UL><LI> lto-llvm-267f2d.o(.rodata.app_sec_process_handlers)
</UL>
<P><STRONG><a name="[4f]"></a>gapm_addr_solved_ind_handler</STRONG> (Thumb, 4 bytes, Stack size 0 bytes, lto-llvm-267f2d.o(.text.gapm_addr_solved_ind_handler))
<BR>[Address Reference Count : 1]<UL><LI> lto-llvm-267f2d.o(.rodata.app_sec_process_handlers)
</UL>
<P><STRONG><a name="[50]"></a>gapm_ral_size_ind_handler</STRONG> (Thumb, 4 bytes, Stack size 0 bytes, lto-llvm-267f2d.o(.text.gapm_ral_size_ind_handler))
<BR>[Address Reference Count : 1]<UL><LI> lto-llvm-267f2d.o(.rodata.app_sec_process_handlers)
</UL>
<P><STRONG><a name="[51]"></a>gapm_ral_addr_ind_handler</STRONG> (Thumb, 4 bytes, Stack size 0 bytes, lto-llvm-267f2d.o(.text.gapm_ral_addr_ind_handler))
<BR>[Address Reference Count : 1]<UL><LI> lto-llvm-267f2d.o(.rodata.app_sec_process_handlers)
</UL>
<P><STRONG><a name="[6a]"></a>app_diss_create_db</STRONG> (Thumb, 52 bytes, Stack size 16 bytes, lto-llvm-267f2d.o(.text.app_diss_create_db))
<BR><BR>[Stack]<UL><LI>Max Depth = 16<LI>Call Chain = app_diss_create_db
</UL>
<BR>[Calls]<UL><LI><a href="#[11e]">&gt;&gt;</a>&nbsp;&nbsp;&nbsp;get_user_prf_srv_perm
<LI><a href="#[11f]">&gt;&gt;</a>&nbsp;&nbsp;&nbsp;ke_msg_send
<LI><a href="#[11d]">&gt;&gt;</a>&nbsp;&nbsp;&nbsp;ke_msg_alloc
</UL>
<BR>[Address Reference Count : 1]<UL><LI> lto-llvm-267f2d.o(.rodata.prf_funcs)
</UL>
<P><STRONG><a name="[49]"></a>app_diss_process_handler</STRONG> (Thumb, 28 bytes, Stack size 24 bytes, lto-llvm-267f2d.o(.text.app_diss_process_handler))
<BR><BR>[Stack]<UL><LI>Max Depth = 24<LI>Call Chain = app_diss_process_handler
</UL>
<BR>[Calls]<UL><LI><a href="#[120]">&gt;&gt;</a>&nbsp;&nbsp;&nbsp;app_std_process_event
</UL>
<BR>[Address Reference Count : 1]<UL><LI> lto-llvm-267f2d.o(.rodata.app_process_handlers)
</UL>
<P><STRONG><a name="[37]"></a>diss_value_req_ind_handler</STRONG> (Thumb, 128 bytes, Stack size 24 bytes, lto-llvm-267f2d.o(.text.diss_value_req_ind_handler))
<BR><BR>[Stack]<UL><LI>Max Depth = 24<LI>Call Chain = diss_value_req_ind_handler
</UL>
<BR>[Calls]<UL><LI><a href="#[11f]">&gt;&gt;</a>&nbsp;&nbsp;&nbsp;ke_msg_send
<LI><a href="#[11d]">&gt;&gt;</a>&nbsp;&nbsp;&nbsp;ke_msg_alloc
<LI><a href="#[e6]">&gt;&gt;</a>&nbsp;&nbsp;&nbsp;__aeabi_memcpy
</UL>
<BR>[Address Reference Count : 1]<UL><LI> lto-llvm-267f2d.o(.rodata.app_diss_process_handlers)
</UL>
<P><STRONG><a name="[47]"></a>app_timer_api_process_handler</STRONG> (Thumb, 236 bytes, Stack size 16 bytes, lto-llvm-267f2d.o(.text.app_timer_api_process_handler))
<BR><BR>[Stack]<UL><LI>Max Depth = 32<LI>Call Chain = app_timer_api_process_handler &rArr; create_timer
</UL>
<BR>[Calls]<UL><LI><a href="#[12b]">&gt;&gt;</a>&nbsp;&nbsp;&nbsp;ke_timer_set
<LI><a href="#[11f]">&gt;&gt;</a>&nbsp;&nbsp;&nbsp;ke_msg_send
<LI><a href="#[11d]">&gt;&gt;</a>&nbsp;&nbsp;&nbsp;ke_msg_alloc
<LI><a href="#[128]">&gt;&gt;</a>&nbsp;&nbsp;&nbsp;create_timer
</UL>
<BR>[Address Reference Count : 1]<UL><LI> lto-llvm-267f2d.o(.rodata.app_process_handlers)
</UL>
<P><STRONG><a name="[128]"></a>create_timer</STRONG> (Thumb, 108 bytes, Stack size 16 bytes, lto-llvm-267f2d.o(.text.create_timer))
<BR><BR>[Stack]<UL><LI>Max Depth = 16<LI>Call Chain = create_timer
</UL>
<BR>[Calls]<UL><LI><a href="#[12b]">&gt;&gt;</a>&nbsp;&nbsp;&nbsp;ke_timer_set
<LI><a href="#[11f]">&gt;&gt;</a>&nbsp;&nbsp;&nbsp;ke_msg_send
<LI><a href="#[11d]">&gt;&gt;</a>&nbsp;&nbsp;&nbsp;ke_msg_alloc
</UL>
<BR>[Called By]<UL><LI><a href="#[127]">&gt;&gt;</a>&nbsp;&nbsp;&nbsp;app_easy_timer
<LI><a href="#[47]">&gt;&gt;</a>&nbsp;&nbsp;&nbsp;app_timer_api_process_handler
</UL>

<P><STRONG><a name="[22]"></a>timer_modified_handler</STRONG> (Thumb, 2 bytes, Stack size 0 bytes, lto-llvm-267f2d.o(.text.timer_modified_handler))
<BR>[Address Reference Count : 1]<UL><LI> lto-llvm-267f2d.o(.text.app_timer_api_process_handler)
</UL>
<P><STRONG><a name="[23]"></a>timer_canceled_handler</STRONG> (Thumb, 2 bytes, Stack size 0 bytes, lto-llvm-267f2d.o(.text.timer_canceled_handler))
<BR>[Address Reference Count : 2]<UL><LI> lto-llvm-267f2d.o(.text.app_timer_api_process_handler)
<LI> lto-llvm-267f2d.o(.text.user_app_disconnect)
</UL>
<P><STRONG><a name="[127]"></a>app_easy_timer</STRONG> (Thumb, 44 bytes, Stack size 16 bytes, lto-llvm-267f2d.o(.text.app_easy_timer))
<BR><BR>[Stack]<UL><LI>Max Depth = 32<LI>Call Chain = app_easy_timer &rArr; create_timer
</UL>
<BR>[Calls]<UL><LI><a href="#[128]">&gt;&gt;</a>&nbsp;&nbsp;&nbsp;create_timer
</UL>
<BR>[Called By]<UL><LI><a href="#[30]">&gt;&gt;</a>&nbsp;&nbsp;&nbsp;user_gamepad_axis_polling_cb
<LI><a href="#[bf]">&gt;&gt;</a>&nbsp;&nbsp;&nbsp;user_app_connection
</UL>

<P><STRONG><a name="[52]"></a>app_custs1_create_db</STRONG> (Thumb, 52 bytes, Stack size 16 bytes, lto-llvm-267f2d.o(.text.app_custs1_create_db))
<BR><BR>[Stack]<UL><LI>Max Depth = 16<LI>Call Chain = app_custs1_create_db
</UL>
<BR>[Calls]<UL><LI><a href="#[11e]">&gt;&gt;</a>&nbsp;&nbsp;&nbsp;get_user_prf_srv_perm
<LI><a href="#[11f]">&gt;&gt;</a>&nbsp;&nbsp;&nbsp;ke_msg_send
<LI><a href="#[11d]">&gt;&gt;</a>&nbsp;&nbsp;&nbsp;ke_msg_alloc
</UL>
<BR>[Address Reference Count : 1]<UL><LI> lto-llvm-267f2d.o(.rodata.cust_prf_funcs)
</UL>
<P><STRONG><a name="[4a]"></a>app_custs1_process_handler</STRONG> (Thumb, 26 bytes, Stack size 24 bytes, lto-llvm-267f2d.o(.text.app_custs1_process_handler))
<BR><BR>[Stack]<UL><LI>Max Depth = 24<LI>Call Chain = app_custs1_process_handler
</UL>
<BR>[Calls]<UL><LI><a href="#[120]">&gt;&gt;</a>&nbsp;&nbsp;&nbsp;app_std_process_event
</UL>
<BR>[Address Reference Count : 1]<UL><LI> lto-llvm-267f2d.o(.rodata.app_process_handlers)
</UL>
<P><STRONG><a name="[c3]"></a>user_app_on_db_init_complete</STRONG> (Thumb, 24 bytes, Stack size 8 bytes, lto-llvm-267f2d.o(.text.user_app_on_db_init_complete))
<BR><BR>[Stack]<UL><LI>Max Depth = 64<LI>Call Chain = user_app_on_db_init_complete &rArr; user_gamepad_axis_polling_cb &rArr; app_easy_timer &rArr; create_timer
</UL>
<BR>[Calls]<UL><LI><a href="#[30]">&gt;&gt;</a>&nbsp;&nbsp;&nbsp;user_gamepad_axis_polling_cb
<LI><a href="#[122]">&gt;&gt;</a>&nbsp;&nbsp;&nbsp;app_easy_gap_undirected_advertise_start
</UL>
<BR>[Address Reference Count : 1]<UL><LI> lto-llvm-267f2d.o(.rodata.user_app_callbacks)
</UL>
<P><STRONG><a name="[30]"></a>user_gamepad_axis_polling_cb</STRONG> (Thumb, 120 bytes, Stack size 24 bytes, lto-llvm-267f2d.o(.text.user_gamepad_axis_polling_cb))
<BR><BR>[Stack]<UL><LI>Max Depth = 56<LI>Call Chain = user_gamepad_axis_polling_cb &rArr; app_easy_timer &rArr; create_timer
</UL>
<BR>[Calls]<UL><LI><a href="#[12a]">&gt;&gt;</a>&nbsp;&nbsp;&nbsp;app_hogpd_send_report
<LI><a href="#[127]">&gt;&gt;</a>&nbsp;&nbsp;&nbsp;app_easy_timer
<LI><a href="#[183]">&gt;&gt;</a>&nbsp;&nbsp;&nbsp;uart_send
<LI><a href="#[161]">&gt;&gt;</a>&nbsp;&nbsp;&nbsp;uart_receive
</UL>
<BR>[Called By]<UL><LI><a href="#[c3]">&gt;&gt;</a>&nbsp;&nbsp;&nbsp;user_app_on_db_init_complete
</UL>
<BR>[Address Reference Count : 1]<UL><LI> lto-llvm-267f2d.o(.text.user_gamepad_axis_polling_cb)
</UL>
<P><STRONG><a name="[2f]"></a>param_update_request_timer_cb</STRONG> (Thumb, 76 bytes, Stack size 16 bytes, lto-llvm-267f2d.o(.text.param_update_request_timer_cb))
<BR><BR>[Stack]<UL><LI>Max Depth = 16<LI>Call Chain = param_update_request_timer_cb
</UL>
<BR>[Calls]<UL><LI><a href="#[11f]">&gt;&gt;</a>&nbsp;&nbsp;&nbsp;ke_msg_send
<LI><a href="#[11d]">&gt;&gt;</a>&nbsp;&nbsp;&nbsp;ke_msg_alloc
</UL>
<BR>[Address Reference Count : 1]<UL><LI> lto-llvm-267f2d.o(.text.user_app_connection)
</UL>
<P><STRONG><a name="[12a]"></a>app_hogpd_send_report</STRONG> (Thumb, 80 bytes, Stack size 8 bytes, lto-llvm-267f2d.o(.text.app_hogpd_send_report))
<BR><BR>[Stack]<UL><LI>Max Depth = 8<LI>Call Chain = app_hogpd_send_report
</UL>
<BR>[Calls]<UL><LI><a href="#[129]">&gt;&gt;</a>&nbsp;&nbsp;&nbsp;prf_get_task_from_id
<LI><a href="#[11f]">&gt;&gt;</a>&nbsp;&nbsp;&nbsp;ke_msg_send
<LI><a href="#[11d]">&gt;&gt;</a>&nbsp;&nbsp;&nbsp;ke_msg_alloc
</UL>
<BR>[Called By]<UL><LI><a href="#[30]">&gt;&gt;</a>&nbsp;&nbsp;&nbsp;user_gamepad_axis_polling_cb
</UL>

<P><STRONG><a name="[d1]"></a>app_hogpd_enable</STRONG> (Thumb, 44 bytes, Stack size 8 bytes, lto-llvm-267f2d.o(.text.app_hogpd_enable))
<BR><BR>[Stack]<UL><LI>Max Depth = 8<LI>Call Chain = app_hogpd_enable
</UL>
<BR>[Calls]<UL><LI><a href="#[129]">&gt;&gt;</a>&nbsp;&nbsp;&nbsp;prf_get_task_from_id
<LI><a href="#[11f]">&gt;&gt;</a>&nbsp;&nbsp;&nbsp;ke_msg_send
<LI><a href="#[11d]">&gt;&gt;</a>&nbsp;&nbsp;&nbsp;ke_msg_alloc
</UL>
<BR>[Address Reference Count : 1]<UL><LI> lto-llvm-267f2d.o(.rodata.user_prf_funcs)
</UL>
<P><STRONG><a name="[d0]"></a>app_hogpd_create_db</STRONG> (Thumb, 104 bytes, Stack size 16 bytes, lto-llvm-267f2d.o(.text.app_hogpd_create_db))
<BR><BR>[Stack]<UL><LI>Max Depth = 16<LI>Call Chain = app_hogpd_create_db
</UL>
<BR>[Calls]<UL><LI><a href="#[11e]">&gt;&gt;</a>&nbsp;&nbsp;&nbsp;get_user_prf_srv_perm
<LI><a href="#[11f]">&gt;&gt;</a>&nbsp;&nbsp;&nbsp;ke_msg_send
<LI><a href="#[11d]">&gt;&gt;</a>&nbsp;&nbsp;&nbsp;ke_msg_alloc
</UL>
<BR>[Address Reference Count : 1]<UL><LI> lto-llvm-267f2d.o(.rodata.user_prf_funcs)
</UL><P>
<H3>
Undefined Global Symbols
</H3>
<P><STRONG><a name="[112]"></a>_call_atexit_fns</STRONG> (ARM, 0 bytes, Stack size 0 bytes, UNDEFINED)
<BR><BR>[Called By]<UL><LI><a href="#[dd]">&gt;&gt;</a>&nbsp;&nbsp;&nbsp;exit
</UL>

<P><STRONG><a name="[154]"></a>reset_indication</STRONG> (Unknown, 0 bytes, Stack size 0 bytes, UNDEFINED)
<BR><BR>[Called By]<UL><LI><a href="#[dc]">&gt;&gt;</a>&nbsp;&nbsp;&nbsp;main
</UL>

<P><STRONG><a name="[155]"></a>sb_read_otp_header</STRONG> (Unknown, 0 bytes, Stack size 0 bytes, UNDEFINED)
<BR><BR>[Called By]<UL><LI><a href="#[dc]">&gt;&gt;</a>&nbsp;&nbsp;&nbsp;main
</UL>

<P><STRONG><a name="[156]"></a>sb_set_debugger_mode</STRONG> (Unknown, 0 bytes, Stack size 0 bytes, UNDEFINED)
<BR><BR>[Called By]<UL><LI><a href="#[dc]">&gt;&gt;</a>&nbsp;&nbsp;&nbsp;main
</UL>
<HR></body></html>
